Archive member included to satisfy reference by file (symbol)

d:/s32/s32ds/build_tools/gcc_b1620/gcc-6.3-arm32-eabi/bin/../lib/gcc/arm-none-eabi/6.3.1/thumb/v7e-m\libgcc.a(_arm_addsubdf3.o)
                              ./src/main.o (__aeabi_f2d)
d:/s32/s32ds/build_tools/gcc_b1620/gcc-6.3-arm32-eabi/bin/../lib/gcc/arm-none-eabi/6.3.1/thumb/v7e-m\libgcc.a(_arm_addsubsf3.o)
                              ./src/driver/srf05/srf05.o (__aeabi_ui2f)
d:/s32/s32ds/build_tools/gcc_b1620/gcc-6.3-arm32-eabi/bin/../lib/gcc/arm-none-eabi/6.3.1/thumb/v7e-m\libgcc.a(_arm_muldivsf3.o)
                              ./src/driver/srf05/srf05.o (__aeabi_fdiv)
d:/s32/s32ds/build_tools/gcc_b1620/gcc-6.3-arm32-eabi/bin/../lib/gcc/arm-none-eabi/6.3.1/thumb/v7e-m\libgcc.a(_arm_cmpsf2.o)
                              ./src/main.o (__aeabi_fcmplt)
d:/s32/s32ds/build_tools/gcc_b1620/gcc-6.3-arm32-eabi/bin/../lib/gcc/arm-none-eabi/6.3.1/thumb/v7e-m\libgcc.a(_aeabi_uldivmod.o)
                              ./SDK/platform/drivers/src/lpit/lpit_driver.o (__aeabi_uldivmod)
d:/s32/s32ds/build_tools/gcc_b1620/gcc-6.3-arm32-eabi/bin/../lib/gcc/arm-none-eabi/6.3.1/thumb/v7e-m\libgcc.a(_udivmoddi4.o)
                              d:/s32/s32ds/build_tools/gcc_b1620/gcc-6.3-arm32-eabi/bin/../lib/gcc/arm-none-eabi/6.3.1/thumb/v7e-m\libgcc.a(_aeabi_uldivmod.o) (__udivmoddi4)
d:/s32/s32ds/build_tools/gcc_b1620/gcc-6.3-arm32-eabi/bin/../lib/gcc/arm-none-eabi/6.3.1/thumb/v7e-m\libgcc.a(_dvmd_tls.o)
                              d:/s32/s32ds/build_tools/gcc_b1620/gcc-6.3-arm32-eabi/bin/../lib/gcc/arm-none-eabi/6.3.1/thumb/v7e-m\libgcc.a(_aeabi_uldivmod.o) (__aeabi_ldiv0)
D:/S32/S32DS/build_tools/gcc_b1620/gcc-6.3-arm32-eabi/arm-none-eabi/newlib/lib/thumb/v7e-m\libc.a(lib_a-exit.o)
                              D:/S32/S32DS/build_tools/gcc_b1620/gcc-6.3-arm32-eabi/arm-none-eabi/newlib/lib/thumb/v7e-m/crt0.o (exit)
D:/S32/S32DS/build_tools/gcc_b1620/gcc-6.3-arm32-eabi/arm-none-eabi/newlib/lib/thumb/v7e-m\libc.a(lib_a-impure.o)
                              D:/S32/S32DS/build_tools/gcc_b1620/gcc-6.3-arm32-eabi/arm-none-eabi/newlib/lib/thumb/v7e-m\libc.a(lib_a-exit.o) (_global_impure_ptr)
D:/S32/S32DS/build_tools/gcc_b1620/gcc-6.3-arm32-eabi/arm-none-eabi/newlib/lib/thumb/v7e-m\libc.a(lib_a-init.o)
                              D:/S32/S32DS/build_tools/gcc_b1620/gcc-6.3-arm32-eabi/arm-none-eabi/newlib/lib/thumb/v7e-m/crt0.o (__libc_init_array)
D:/S32/S32DS/build_tools/gcc_b1620/gcc-6.3-arm32-eabi/arm-none-eabi/newlib/lib/thumb/v7e-m\libc.a(lib_a-memset.o)
                              D:/S32/S32DS/build_tools/gcc_b1620/gcc-6.3-arm32-eabi/arm-none-eabi/newlib/lib/thumb/v7e-m/crt0.o (memset)
D:/S32/S32DS/build_tools/gcc_b1620/gcc-6.3-arm32-eabi/arm-none-eabi/newlib/lib/thumb/v7e-m\libc.a(lib_a-sprintf.o)
                              ./src/main.o (sprintf)
D:/S32/S32DS/build_tools/gcc_b1620/gcc-6.3-arm32-eabi/arm-none-eabi/newlib/lib/thumb/v7e-m\libc.a(lib_a-strlen.o)
                              ./src/driver/uart/uart.o (strlen)
D:/S32/S32DS/build_tools/gcc_b1620/gcc-6.3-arm32-eabi/arm-none-eabi/newlib/lib/thumb/v7e-m\libc.a(lib_a-svfprintf.o)
                              D:/S32/S32DS/build_tools/gcc_b1620/gcc-6.3-arm32-eabi/arm-none-eabi/newlib/lib/thumb/v7e-m\libc.a(lib_a-sprintf.o) (_svfprintf_r)
D:/S32/S32DS/build_tools/gcc_b1620/gcc-6.3-arm32-eabi/arm-none-eabi/newlib/lib/thumb/v7e-m\libc.a(lib_a-__call_atexit.o)
                              D:/S32/S32DS/build_tools/gcc_b1620/gcc-6.3-arm32-eabi/arm-none-eabi/newlib/lib/thumb/v7e-m\libc.a(lib_a-exit.o) (__call_exitprocs)
D:/S32/S32DS/build_tools/gcc_b1620/gcc-6.3-arm32-eabi/arm-none-eabi/newlib/lib/thumb/v7e-m\libc.a(lib_a-dtoa.o)
                              D:/S32/S32DS/build_tools/gcc_b1620/gcc-6.3-arm32-eabi/arm-none-eabi/newlib/lib/thumb/v7e-m\libc.a(lib_a-svfprintf.o) (_dtoa_r)
D:/S32/S32DS/build_tools/gcc_b1620/gcc-6.3-arm32-eabi/arm-none-eabi/newlib/lib/thumb/v7e-m\libc.a(lib_a-fini.o)
                              D:/S32/S32DS/build_tools/gcc_b1620/gcc-6.3-arm32-eabi/arm-none-eabi/newlib/lib/thumb/v7e-m\libc.a(lib_a-__call_atexit.o) (__libc_fini_array)
D:/S32/S32DS/build_tools/gcc_b1620/gcc-6.3-arm32-eabi/arm-none-eabi/newlib/lib/thumb/v7e-m\libc.a(lib_a-localeconv.o)
                              D:/S32/S32DS/build_tools/gcc_b1620/gcc-6.3-arm32-eabi/arm-none-eabi/newlib/lib/thumb/v7e-m\libc.a(lib_a-svfprintf.o) (_localeconv_r)
D:/S32/S32DS/build_tools/gcc_b1620/gcc-6.3-arm32-eabi/arm-none-eabi/newlib/lib/thumb/v7e-m\libc.a(lib_a-locale.o)
                              D:/S32/S32DS/build_tools/gcc_b1620/gcc-6.3-arm32-eabi/arm-none-eabi/newlib/lib/thumb/v7e-m\libc.a(lib_a-localeconv.o) (__global_locale)
D:/S32/S32DS/build_tools/gcc_b1620/gcc-6.3-arm32-eabi/arm-none-eabi/newlib/lib/thumb/v7e-m\libc.a(lib_a-mallocr.o)
                              D:/S32/S32DS/build_tools/gcc_b1620/gcc-6.3-arm32-eabi/arm-none-eabi/newlib/lib/thumb/v7e-m\libc.a(lib_a-svfprintf.o) (_malloc_r)
[...]
Memory Configuration

Name             Origin             Length             Attributes
m_interrupts     0x1fff8000         0x00000400         xr
m_text           0x1fff8400         0x00007c00         xr
m_data           0x20000000         0x00007000         rw
*default*        0x00000000         0xffffffff

Linker script and memory map

LOAD d:/s32/s32ds/build_tools/gcc_b1620/gcc-6.3-arm32-eabi/bin/../lib/gcc/arm-none-eabi/6.3.1/thumb/v7e-m/crti.o
LOAD d:/s32/s32ds/build_tools/gcc_b1620/gcc-6.3-arm32-eabi/bin/../lib/gcc/arm-none-eabi/6.3.1/thumb/v7e-m/crtbegin.o
LOAD D:/S32/S32DS/build_tools/gcc_b1620/gcc-6.3-arm32-eabi/arm-none-eabi/newlib/lib/thumb/v7e-m/crt0.o
LOAD ./Project_Settings/Startup_Code/startup_S32K144.o
LOAD ./SDK/platform/devices/S32K144/startup/system_S32K144.o
LOAD ./SDK/platform/devices/startup.o
LOAD ./SDK/platform/drivers/src/clock/S32K1xx/clock_S32K1xx.o
LOAD ./SDK/platform/drivers/src/edma/edma_driver.o
LOAD ./SDK/platform/drivers/src/edma/edma_hw_access.o
LOAD ./SDK/platform/drivers/src/edma/edma_irq.o
LOAD ./SDK/platform/drivers/src/ftm/ftm_common.o
LOAD ./SDK/platform/drivers/src/ftm/ftm_hw_access.o
LOAD ./SDK/platform/drivers/src/ftm/ftm_ic_driver.o
LOAD ./SDK/platform/drivers/src/interrupt/interrupt_manager.o
LOAD ./SDK/platform/drivers/src/lpit/lpit_driver.o
LOAD ./SDK/platform/drivers/src/lpuart/lpuart_driver.o
LOAD ./SDK/platform/drivers/src/lpuart/lpuart_hw_access.o
LOAD ./SDK/platform/drivers/src/lpuart/lpuart_irq.o
LOAD ./SDK/platform/drivers/src/pins/pins_driver.o
LOAD ./SDK/platform/drivers/src/pins/pins_port_hw_access.o
LOAD ./SDK/rtos/osif/osif_baremetal.o
LOAD ./board/clock_config.o
LOAD ./board/peripherals_edma_config_EDMA.o
LOAD ./board/peripherals_flexTimer_ic_1.o
LOAD ./board/peripherals_lpit_config_1.o
LOAD ./board/peripherals_lpuart_LPUART_1.o
LOAD ./board/peripherals_osif.o
LOAD ./board/pin_mux.o
LOAD ./src/driver/ftm_ic/ftm_ic.o
LOAD ./src/driver/pir/pir.o
LOAD ./src/driver/srf05/srf05.o
LOAD ./src/driver/uart/uart.o
LOAD ./src/main.o
START GROUP
LOAD d:/s32/s32ds/build_tools/gcc_b1620/gcc-6.3-arm32-eabi/bin/../lib/gcc/arm-none-eabi/6.3.1/thumb/v7e-m\libgcc.a
LOAD D:/S32/S32DS/build_tools/gcc_b1620/gcc-6.3-arm32-eabi/arm-none-eabi/newlib/lib/thumb/v7e-m\libc.a
END GROUP
START GROUP
LOAD d:/s32/s32ds/build_tools/gcc_b1620/gcc-6.3-arm32-eabi/bin/../lib/gcc/arm-none-eabi/6.3.1/thumb/v7e-m\libgcc.a
LOAD D:/S32/S32DS/build_tools/gcc_b1620/gcc-6.3-arm32-eabi/arm-none-eabi/newlib/lib/thumb/v7e-m\libc.a
LOAD D:/S32/S32DS/build_tools/gcc_b1620/gcc-6.3-arm32-eabi/arm-none-eabi/newlib/lib/thumb/v7e-m\libnosys.a
END GROUP
LOAD d:/s32/s32ds/build_tools/gcc_b1620/gcc-6.3-arm32-eabi/bin/../lib/gcc/arm-none-eabi/6.3.1/thumb/v7e-m/crtend.o
LOAD d:/s32/s32ds/build_tools/gcc_b1620/gcc-6.3-arm32-eabi/bin/../lib/gcc/arm-none-eabi/6.3.1/thumb/v7e-m/crtn.o
                0x00000400                HEAP_SIZE = DEFINED (__heap_size__)?__heap_size__:0x400
                0x00000400                STACK_SIZE = DEFINED (__stack_size__)?__stack_size__:0x400

.interrupts     0x1fff8000      0x400
                0x1fff8000                __VECTOR_TABLE = .
                0x1fff8000                __interrupts_start__ = .
                0x1fff8000                . = ALIGN (0x4)
 *(.isr_vector)
 .isr_vector    0x1fff8000      0x400 ./Project_Settings/Startup_Code/startup_S32K144.o
                0x1fff8000                __isr_vector
                0x1fff8400                __interrupts_end__ = .
                0x1fff8400                . = ALIGN (0x4)
                0x1fff8000                __VECTOR_RAM = __VECTOR_TABLE
                0x00000000                __RAM_VECTOR_TABLE_SIZE = 0x0

.text           0x1fff8400     0x6f00
                0x1fff8400                . = ALIGN (0x4)
 *(.text)
 .text          0x1fff8400       0x4c ./Project_Settings/Startup_Code/startup_S32K144.o
                0x1fff8400                Reset_Handler
                0x1fff8448                DebugMon_Handler
                0x1fff8448                Reserved88_IRQHandler
                0x1fff8448                CAN0_ORed_IRQHandler
                0x1fff8448                HardFault_Handler
                0x1fff8448                Reserved86_IRQHandler
                0x1fff8448                Reserved103_IRQHandler
                0x1fff8448                FTM2_Ovf_Reload_IRQHandler
                0x1fff8448                Reserved50_IRQHandler
                0x1fff8448                FTFC_Fault_IRQHandler
                0x1fff8448                Reserved114_IRQHandler
                0x1fff8448                PendSV_Handler
                0x1fff8448                NMI_Handler
                0x1fff8448                Reserved89_IRQHandler
                0x1fff8448                ERM_double_fault_IRQHandler
                0x1fff8448                Reserved59_IRQHandler
                0x1fff8448                LPIT0_Ch0_IRQHandler
                0x1fff8448                Reserved99_IRQHandler
                0x1fff8448                CAN2_ORed_0_15_MB_IRQHandler
                0x1fff8448                LPIT0_Ch3_IRQHandler
                0x1fff8448                Reserved92_IRQHandler
                0x1fff8448                CAN1_Error_IRQHandler
                0x1fff8448                SWI_IRQHandler
                0x1fff8448                ADC0_IRQHandler
                0x1fff8448                UsageFault_Handler
                0x1fff8448                FTM0_Ovf_Reload_IRQHandler
                0x1fff8448                DefaultISR
                0x1fff8448                Reserved58_IRQHandler
                0x1fff8448                CAN1_ORed_0_15_MB_IRQHandler
                0x1fff8448                Reserved82_IRQHandler
                0x1fff8448                CAN0_ORed_16_31_MB_IRQHandler
                0x1fff8448                LPI2C0_Slave_IRQHandler
                0x1fff8448                Reserved71_IRQHandler
                0x1fff8448                PORTD_IRQHandler
                0x1fff8448                Reserved69_IRQHandler
                0x1fff8448                PORTB_IRQHandler
                0x1fff8448                Reserved70_IRQHandler
                0x1fff8448                ADC1_IRQHandler
                0x1fff8448                Reserved53_IRQHandler
                0x1fff8448                RTC_IRQHandler
                0x1fff8448                PDB0_IRQHandler
                0x1fff8448                Reserved54_IRQHandler
                0x1fff8448                LPSPI1_IRQHandler
                0x1fff8448                LPUART1_RxTx_IRQHandler
                0x1fff8448                RTC_Seconds_IRQHandler
                0x1fff8448                CAN2_ORed_IRQHandler
                0x1fff8448                Reserved72_IRQHandler
                0x1fff8448                Reserved110_IRQHandler
                0x1fff8448                Reserved107_IRQHandler
                0x1fff8448                Read_Collision_IRQHandler
                0x1fff8448                CAN2_Error_IRQHandler
                0x1fff8448                FTFC_IRQHandler
                0x1fff8448                Reserved105_IRQHandler
                0x1fff8448                LPIT0_Ch1_IRQHandler
                0x1fff8448                FTM3_Ovf_Reload_IRQHandler
                0x1fff8448                LPUART2_RxTx_IRQHandler
                0x1fff8448                LPSPI0_IRQHandler
                0x1fff8448                WDOG_EWM_IRQHandler
                0x1fff8448                MemManage_Handler
                0x1fff8448                Reserved90_IRQHandler
                0x1fff8448                Reserved83_IRQHandler
                0x1fff8448                FTM0_Fault_IRQHandler
                0x1fff8448                Reserved48_IRQHandler
                0x1fff8448                SVC_Handler
                0x1fff8448                ERM_single_fault_IRQHandler
                0x1fff8448                FTM2_Fault_IRQHandler
                0x1fff8448                FTM3_Fault_IRQHandler
                0x1fff8448                RCM_IRQHandler
                0x1fff8448                Reserved100_IRQHandler
                0x1fff8448                Reserved91_IRQHandler
                0x1fff8448                CAN1_ORed_IRQHandler
                0x1fff8448                SCG_IRQHandler
                0x1fff8448                PDB1_IRQHandler
                0x1fff8448                Reserved81_IRQHandler
                0x1fff8448                Reserved46_IRQHandler
                0x1fff8448                Reserved45_IRQHandler
                0x1fff8448                CAN0_Error_IRQHandler
                0x1fff8448                Reserved112_IRQHandler
                0x1fff8448                LPI2C0_Master_IRQHandler
                0x1fff8448                FTM1_Fault_IRQHandler
                0x1fff8448                Reserved106_IRQHandler
                0x1fff8448                LVD_LVW_IRQHandler
                0x1fff8448                LPIT0_Ch2_IRQHandler
                0x1fff8448                PORTA_IRQHandler
                0x1fff8448                MCM_IRQHandler
                0x1fff8448                LPSPI2_IRQHandler
                0x1fff8448                CAN0_ORed_0_15_MB_IRQHandler
                0x1fff8448                PORTE_IRQHandler
                0x1fff8448                LPUART0_RxTx_IRQHandler
                0x1fff8448                LPTMR0_IRQHandler
                0x1fff8448                BusFault_Handler
                0x1fff8448                Reserved87_IRQHandler
                0x1fff8448                FTM1_Ovf_Reload_IRQHandler
                0x1fff8448                Reserved93_IRQHandler
                0x1fff8448                CAN0_Wake_Up_IRQHandler
                0x1fff8448                CMP0_IRQHandler
                0x1fff8448                Reserved52_IRQHandler
                0x1fff8448                PORTC_IRQHandler
                0x1fff8448                FLEXIO_IRQHandler
                0x1fff8448                Reserved113_IRQHandler
 .text          0x1fff844c      0x378 d:/s32/s32ds/build_tools/gcc_b1620/gcc-6.3-arm32-eabi/bin/../lib/gcc/arm-none-eabi/6.3.1/thumb/v7e-m\libgcc.a(_arm_addsubdf3.o)
                0x1fff844c                __aeabi_drsub
                0x1fff8454                __aeabi_dsub
                0x1fff8454                __subdf3
                0x1fff8458                __aeabi_dadd
                0x1fff8458                __adddf3
                0x1fff86d0                __floatunsidf
                0x1fff86d0                __aeabi_ui2d
                0x1fff86f0                __floatsidf
                0x1fff86f0                __aeabi_i2d
                0x1fff8714                __aeabi_f2d
                0x1fff8714                __extendsfdf2
                0x1fff8758                __floatundidf
                0x1fff8758                __aeabi_ul2d
                0x1fff8768                __floatdidf
                0x1fff8768                __aeabi_l2d
 .text          0x1fff87c4      0x21c d:/s32/s32ds/build_tools/gcc_b1620/gcc-6.3-arm32-eabi/bin/../lib/gcc/arm-none-eabi/6.3.1/thumb/v7e-m\libgcc.a(_arm_addsubsf3.o)
                0x1fff87c4                __aeabi_frsub
                0x1fff87cc                __subsf3
                0x1fff87cc                __aeabi_fsub
                0x1fff87d0                __aeabi_fadd
                0x1fff87d0                __addsf3
                0x1fff8930                __aeabi_ui2f
                0x1fff8930                __floatunsisf
                0x1fff8938                __aeabi_i2f
                0x1fff8938                __floatsisf
                0x1fff8954                __aeabi_ul2f
                0x1fff8954                __floatundisf
                0x1fff8964                __aeabi_l2f
                0x1fff8964                __floatdisf
 .text          0x1fff89e0      0x2a0 d:/s32/s32ds/build_tools/gcc_b1620/gcc-6.3-arm32-eabi/bin/../lib/gcc/arm-none-eabi/6.3.1/thumb/v7e-m\libgcc.a(_arm_muldivsf3.o)
                0x1fff89e0                __mulsf3
                0x1fff89e0                __aeabi_fmul
                0x1fff8b48                __aeabi_fdiv
                0x1fff8b48                __divsf3
 .text          0x1fff8c80       0xec d:/s32/s32ds/build_tools/gcc_b1620/gcc-6.3-arm32-eabi/bin/../lib/gcc/arm-none-eabi/6.3.1/thumb/v7e-m\libgcc.a(_arm_cmpsf2.o)
                0x1fff8c80                __gesf2
                0x1fff8c80                __gtsf2
                0x1fff8c88                __lesf2
                0x1fff8c88                __ltsf2
                0x1fff8c90                __nesf2
                0x1fff8c90                __eqsf2
                0x1fff8c90                __cmpsf2
                0x1fff8cf0                __aeabi_cfrcmple
                0x1fff8cf8                __aeabi_cfcmpeq
                0x1fff8cf8                __aeabi_cfcmple
                0x1fff8d08                __aeabi_fcmpeq
                0x1fff8d1c                __aeabi_fcmplt
                0x1fff8d30                __aeabi_fcmple
                0x1fff8d44                __aeabi_fcmpge
                0x1fff8d58                __aeabi_fcmpgt
 .text          0x1fff8d6c       0x30 d:/s32/s32ds/build_tools/gcc_b1620/gcc-6.3-arm32-eabi/bin/../lib/gcc/arm-none-eabi/6.3.1/thumb/v7e-m\libgcc.a(_aeabi_uldivmod.o)
                0x1fff8d6c                __aeabi_uldivmod
 .text          0x1fff8d9c      0x2e4 d:/s32/s32ds/build_tools/gcc_b1620/gcc-6.3-arm32-eabi/bin/../lib/gcc/arm-none-eabi/6.3.1/thumb/v7e-m\libgcc.a(_udivmoddi4.o)
                0x1fff8d9c                __udivmoddi4
 .text          0x1fff9080        0x4 d:/s32/s32ds/build_tools/gcc_b1620/gcc-6.3-arm32-eabi/bin/../lib/gcc/arm-none-eabi/6.3.1/thumb/v7e-m\libgcc.a(_dvmd_tls.o)
                0x1fff9080                __aeabi_idiv0
                0x1fff9080                __aeabi_ldiv0
 .text          0x1fff9084       0x10 D:/S32/S32DS/build_tools/gcc_b1620/gcc-6.3-arm32-eabi/arm-none-eabi/newlib/lib/thumb/v7e-m\libc.a(lib_a-strlen.o)
                0x1fff9084                strlen
 *fill*         0x1fff9094        0xc 
 .text          0x1fff90a0       0xa0 D:/S32/S32DS/build_tools/gcc_b1620/gcc-6.3-arm32-eabi/arm-none-eabi/newlib/lib/thumb/v7e-m\libc.a(lib_a-memchr.o)
                0x1fff90a0                memchr
 .text          0x1fff9140      0x424 d:/s32/s32ds/build_tools/gcc_b1620/gcc-6.3-arm32-eabi/bin/../lib/gcc/arm-none-eabi/6.3.1/thumb/v7e-m\libgcc.a(_arm_muldivdf3.o)
                0x1fff9140                __aeabi_dmul
                0x1fff9140                __muldf3
                0x1fff9394                __divdf3
                0x1fff9394                __aeabi_ddiv
 .text          0x1fff9564      0x110 d:/s32/s32ds/build_tools/gcc_b1620/gcc-6.3-arm32-eabi/bin/../lib/gcc/arm-none-eabi/6.3.1/thumb/v7e-m\libgcc.a(_arm_cmpdf2.o)
                0x1fff9564                __gtdf2
                0x1fff9564                __gedf2
                0x1fff956c                __ltdf2
                0x1fff956c                __ledf2
                0x1fff9574                __nedf2
                0x1fff9574                __eqdf2
                0x1fff9574                __cmpdf2
                0x1fff95f0                __aeabi_cdrcmple
                0x1fff9600                __aeabi_cdcmpeq
                0x1fff9600                __aeabi_cdcmple
                0x1fff9610                __aeabi_dcmpeq
                0x1fff9624                __aeabi_dcmplt
                0x1fff9638                __aeabi_dcmple
                0x1fff964c                __aeabi_dcmpge
                0x1fff9660                __aeabi_dcmpgt
 .text          0x1fff9674       0x2c d:/s32/s32ds/build_tools/gcc_b1620/gcc-6.3-arm32-eabi/bin/../lib/gcc/arm-none-eabi/6.3.1/thumb/v7e-m\libgcc.a(_arm_unorddf2.o)
                0x1fff9674                __unorddf2
                0x1fff9674                __aeabi_dcmpun
 .text          0x1fff96a0       0x50 d:/s32/s32ds/build_tools/gcc_b1620/gcc-6.3-arm32-eabi/bin/../lib/gcc/arm-none-eabi/6.3.1/thumb/v7e-m\libgcc.a(_arm_fixdfsi.o)
                0x1fff96a0                __aeabi_d2iz
                0x1fff96a0                __fixdfsi
 *(.text*)
 .text.SystemInit
                0x1fff96f0       0x20 ./SDK/platform/devices/S32K144/startup/system_S32K144.o
                0x1fff96f0                SystemInit
 .text.init_data_bss
                0x1fff9710       0xd4 ./SDK/platform/devices/startup.o
                0x1fff9710                init_data_bss
 .text.CLOCK_SYS_GetCurrentRunMode
                0x1fff97e4       0x24 ./SDK/platform/drivers/src/clock/S32K1xx/clock_S32K1xx.o
 .text.CLOCK_SYS_GetSysOscFreq
                0x1fff9808       0x1c ./SDK/platform/drivers/src/clock/S32K1xx/clock_S32K1xx.o
 .text.CLOCK_SYS_ConfigureSOSC
                0x1fff9824      0x12c ./SDK/platform/drivers/src/clock/S32K1xx/clock_S32K1xx.o
 .text.CLOCK_SYS_GetSircFreq
                0x1fff9950       0x2c ./SDK/platform/drivers/src/clock/S32K1xx/clock_S32K1xx.o
 .text.CLOCK_SYS_ConfigureSIRC
                0x1fff997c       0xc4 ./SDK/platform/drivers/src/clock/S32K1xx/clock_S32K1xx.o
 .text.CLOCK_SYS_GetFircFreq
                0x1fff9a40       0x20 ./SDK/platform/drivers/src/clock/S32K1xx/clock_S32K1xx.o
 .text.CLOCK_SYS_ConfigureFIRC
                0x1fff9a60       0xb4 ./SDK/platform/drivers/src/clock/S32K1xx/clock_S32K1xx.o
 .text.CLOCK_SYS_GetSysPllFreq
                0x1fff9b14       0x44 ./SDK/platform/drivers/src/clock/S32K1xx/clock_S32K1xx.o
 .text.CLOCK_SYS_ConfigureSPLL
                0x1fff9b58      0x104 ./SDK/platform/drivers/src/clock/S32K1xx/clock_S32K1xx.o
 .text.CLOCK_SYS_SetSystemClockConfig
                0x1fff9c5c      0x1e4 ./SDK/platform/drivers/src/clock/S32K1xx/clock_S32K1xx.o
 .text.CLOCK_SYS_TransitionSystemClock
                0x1fff9e40       0x3c ./SDK/platform/drivers/src/clock/S32K1xx/clock_S32K1xx.o
 .text.CLOCK_SYS_GetSystemClockFreq
                0x1fff9e7c       0x78 ./SDK/platform/drivers/src/clock/S32K1xx/clock_S32K1xx.o
 .text.CLOCK_SYS_GetScgClkOutFreq
                0x1fff9ef4       0x48 ./SDK/platform/drivers/src/clock/S32K1xx/clock_S32K1xx.o
 .text.CLOCK_SYS_GetSysAsyncFreq
                0x1fff9f3c       0xdc ./SDK/platform/drivers/src/clock/S32K1xx/clock_S32K1xx.o
 .text.CLOCK_SYS_GetSimRtcClkFreq
                0x1fffa018       0x50 ./SDK/platform/drivers/src/clock/S32K1xx/clock_S32K1xx.o
 .text.CLOCK_SYS_GetLpoFreq
                0x1fffa068       0x4c ./SDK/platform/drivers/src/clock/S32K1xx/clock_S32K1xx.o
 .text.CLOCK_SYS_GetSimClkOutFreq
                0x1fffa0b4       0xac ./SDK/platform/drivers/src/clock/S32K1xx/clock_S32K1xx.o
 .text.CLOCK_SYS_GetSimClockFreq
                0x1fffa160      0x1a8 ./SDK/platform/drivers/src/clock/S32K1xx/clock_S32K1xx.o
 .text.CLOCK_SYS_GetPeripheralClock
                0x1fffa308       0xcc ./SDK/platform/drivers/src/clock/S32K1xx/clock_S32K1xx.o
 .text.CLOCK_DRV_Init
                0x1fffa3d4      0x618 ./SDK/platform/drivers/src/clock/S32K1xx/clock_S32K1xx.o
                0x1fffa3d4                CLOCK_DRV_Init
 .text.CLOCK_DRV_GetFreq
                0x1fffa9ec      0x230 ./SDK/platform/drivers/src/clock/S32K1xx/clock_S32K1xx.o
                0x1fffa9ec                CLOCK_DRV_GetFreq
 .text.CLOCK_SYS_Init
                0x1fffac1c       0x18 ./SDK/platform/drivers/src/clock/S32K1xx/clock_S32K1xx.o
                0x1fffac1c                CLOCK_SYS_Init
 .text.CLOCK_SYS_UpdateConfiguration
                0x1fffac34       0xe8 ./SDK/platform/drivers/src/clock/S32K1xx/clock_S32K1xx.o
                0x1fffac34                CLOCK_SYS_UpdateConfiguration
 .text.CLOCK_SYS_GetFreq
                0x1fffad1c        0x8 ./SDK/platform/drivers/src/clock/S32K1xx/clock_S32K1xx.o
                0x1fffad1c                CLOCK_SYS_GetFreq
 .text.EDMA_DRV_InstallCallback
                0x1fffad24       0x1c ./SDK/platform/drivers/src/edma/edma_driver.o
                0x1fffad24                EDMA_DRV_InstallCallback
 .text.EDMA_DRV_IRQHandler
                0x1fffad40       0x2c ./SDK/platform/drivers/src/edma/edma_driver.o
                0x1fffad40                EDMA_DRV_IRQHandler
 .text.EDMA_DRV_ErrorIRQHandler
                0x1fffad6c       0x3c ./SDK/platform/drivers/src/edma/edma_driver.o
                0x1fffad6c                EDMA_DRV_ErrorIRQHandler
 .text.EDMA_DRV_ConfigSingleBlockTransfer
                0x1fffada8      0x154 ./SDK/platform/drivers/src/edma/edma_driver.o
                0x1fffada8                EDMA_DRV_ConfigSingleBlockTransfer
 .text.EDMA_DRV_ConfigMultiBlockTransfer
                0x1fffaefc       0x64 ./SDK/platform/drivers/src/edma/edma_driver.o
                0x1fffaefc                EDMA_DRV_ConfigMultiBlockTransfer
 .text.EDMA_DRV_StartChannel
                0x1fffaf60       0x18 ./SDK/platform/drivers/src/edma/edma_driver.o
                0x1fffaf60                EDMA_DRV_StartChannel
 .text.EDMA_DRV_StopChannel
                0x1fffaf78       0x18 ./SDK/platform/drivers/src/edma/edma_driver.o
                0x1fffaf78                EDMA_DRV_StopChannel
 .text.EDMA_DRV_SetSrcAddr
                0x1fffaf90       0x14 ./SDK/platform/drivers/src/edma/edma_driver.o
                0x1fffaf90                EDMA_DRV_SetSrcAddr
 .text.EDMA_DRV_SetMajorLoopIterationCount
                0x1fffafa4       0x14 ./SDK/platform/drivers/src/edma/edma_driver.o
                0x1fffafa4                EDMA_DRV_SetMajorLoopIterationCount
 .text.EDMA_DRV_GetDmaRegBaseAddr
                0x1fffafb8        0x8 ./SDK/platform/drivers/src/edma/edma_driver.o
                0x1fffafb8                EDMA_DRV_GetDmaRegBaseAddr
 .text.EDMA_SetDmaRequestCmd
                0x1fffafc0        0xa ./SDK/platform/drivers/src/edma/edma_hw_access.o
                0x1fffafc0                EDMA_SetDmaRequestCmd
 .text.EDMA_TCDClearReg
                0x1fffafca       0x4a ./SDK/platform/drivers/src/edma/edma_hw_access.o
                0x1fffafca                EDMA_TCDClearReg
 .text.EDMA_TCDSetAttribute
                0x1fffb014       0x2e ./SDK/platform/drivers/src/edma/edma_hw_access.o
                0x1fffb014                EDMA_TCDSetAttribute
 .text.EDMA_TCDSetNbytes
                0x1fffb042       0x5a ./SDK/platform/drivers/src/edma/edma_hw_access.o
                0x1fffb042                EDMA_TCDSetNbytes
 .text.EDMA_TCDSetMajorCount
                0x1fffb09c       0x5c ./SDK/platform/drivers/src/edma/edma_hw_access.o
                0x1fffb09c                EDMA_TCDSetMajorCount
 .text.DMA0_IRQHandler
                0x1fffb0f8        0xa ./SDK/platform/drivers/src/edma/edma_irq.o
                0x1fffb0f8                DMA0_IRQHandler
 .text.DMA1_IRQHandler
                0x1fffb102        0xa ./SDK/platform/drivers/src/edma/edma_irq.o
                0x1fffb102                DMA1_IRQHandler
 .text.DMA2_IRQHandler
                0x1fffb10c        0xa ./SDK/platform/drivers/src/edma/edma_irq.o
                0x1fffb10c                DMA2_IRQHandler
 .text.DMA3_IRQHandler
                0x1fffb116        0xa ./SDK/platform/drivers/src/edma/edma_irq.o
                0x1fffb116                DMA3_IRQHandler
 .text.DMA4_IRQHandler
                0x1fffb120        0xa ./SDK/platform/drivers/src/edma/edma_irq.o
                0x1fffb120                DMA4_IRQHandler
 .text.DMA5_IRQHandler
                0x1fffb12a        0xa ./SDK/platform/drivers/src/edma/edma_irq.o
                0x1fffb12a                DMA5_IRQHandler
 .text.DMA6_IRQHandler
                0x1fffb134        0xa ./SDK/platform/drivers/src/edma/edma_irq.o
                0x1fffb134                DMA6_IRQHandler
 .text.DMA7_IRQHandler
                0x1fffb13e        0xa ./SDK/platform/drivers/src/edma/edma_irq.o
                0x1fffb13e                DMA7_IRQHandler
 .text.DMA8_IRQHandler
                0x1fffb148        0xa ./SDK/platform/drivers/src/edma/edma_irq.o
                0x1fffb148                DMA8_IRQHandler
 .text.DMA9_IRQHandler
                0x1fffb152        0xa ./SDK/platform/drivers/src/edma/edma_irq.o
                0x1fffb152                DMA9_IRQHandler
 .text.DMA10_IRQHandler
                0x1fffb15c        0xa ./SDK/platform/drivers/src/edma/edma_irq.o
                0x1fffb15c                DMA10_IRQHandler
 .text.DMA11_IRQHandler
                0x1fffb166        0xa ./SDK/platform/drivers/src/edma/edma_irq.o
                0x1fffb166                DMA11_IRQHandler
 .text.DMA12_IRQHandler
                0x1fffb170        0xa ./SDK/platform/drivers/src/edma/edma_irq.o
                0x1fffb170                DMA12_IRQHandler
 .text.DMA13_IRQHandler
                0x1fffb17a        0xa ./SDK/platform/drivers/src/edma/edma_irq.o
                0x1fffb17a                DMA13_IRQHandler
 .text.DMA14_IRQHandler
                0x1fffb184        0xa ./SDK/platform/drivers/src/edma/edma_irq.o
                0x1fffb184                DMA14_IRQHandler
 .text.DMA15_IRQHandler
                0x1fffb18e        0xa ./SDK/platform/drivers/src/edma/edma_irq.o
                0x1fffb18e                DMA15_IRQHandler
 .text.DMA_Error_IRQHandler
                0x1fffb198       0x28 ./SDK/platform/drivers/src/edma/edma_irq.o
                0x1fffb198                DMA_Error_IRQHandler
 .text.FTM_DRV_IrqHandler
                0x1fffb1c0       0xb8 ./SDK/platform/drivers/src/ftm/ftm_ic_driver.o
 .text.FTM0_Ch0_Ch1_IRQHandler
                0x1fffb278        0xc ./SDK/platform/drivers/src/ftm/ftm_ic_driver.o
                0x1fffb278                FTM0_Ch0_Ch1_IRQHandler
 .text.FTM0_Ch2_Ch3_IRQHandler
                0x1fffb284        0xc ./SDK/platform/drivers/src/ftm/ftm_ic_driver.o
                0x1fffb284                FTM0_Ch2_Ch3_IRQHandler
 .text.FTM0_Ch4_Ch5_IRQHandler
                0x1fffb290        0xc ./SDK/platform/drivers/src/ftm/ftm_ic_driver.o
                0x1fffb290                FTM0_Ch4_Ch5_IRQHandler
 .text.FTM0_Ch6_Ch7_IRQHandler
                0x1fffb29c        0xc ./SDK/platform/drivers/src/ftm/ftm_ic_driver.o
                0x1fffb29c                FTM0_Ch6_Ch7_IRQHandler
 .text.FTM1_Ch0_Ch1_IRQHandler
                0x1fffb2a8        0xc ./SDK/platform/drivers/src/ftm/ftm_ic_driver.o
                0x1fffb2a8                FTM1_Ch0_Ch1_IRQHandler
 .text.FTM1_Ch2_Ch3_IRQHandler
                0x1fffb2b4        0xc ./SDK/platform/drivers/src/ftm/ftm_ic_driver.o
                0x1fffb2b4                FTM1_Ch2_Ch3_IRQHandler
 .text.FTM1_Ch4_Ch5_IRQHandler
                0x1fffb2c0        0xc ./SDK/platform/drivers/src/ftm/ftm_ic_driver.o
                0x1fffb2c0                FTM1_Ch4_Ch5_IRQHandler
 .text.FTM1_Ch6_Ch7_IRQHandler
                0x1fffb2cc        0xc ./SDK/platform/drivers/src/ftm/ftm_ic_driver.o
                0x1fffb2cc                FTM1_Ch6_Ch7_IRQHandler
 .text.FTM2_Ch0_Ch1_IRQHandler
                0x1fffb2d8        0xc ./SDK/platform/drivers/src/ftm/ftm_ic_driver.o
                0x1fffb2d8                FTM2_Ch0_Ch1_IRQHandler
 .text.FTM2_Ch2_Ch3_IRQHandler
                0x1fffb2e4        0xc ./SDK/platform/drivers/src/ftm/ftm_ic_driver.o
                0x1fffb2e4                FTM2_Ch2_Ch3_IRQHandler
 .text.FTM2_Ch4_Ch5_IRQHandler
                0x1fffb2f0        0xc ./SDK/platform/drivers/src/ftm/ftm_ic_driver.o
                0x1fffb2f0                FTM2_Ch4_Ch5_IRQHandler
 .text.FTM2_Ch6_Ch7_IRQHandler
                0x1fffb2fc        0xc ./SDK/platform/drivers/src/ftm/ftm_ic_driver.o
                0x1fffb2fc                FTM2_Ch6_Ch7_IRQHandler
 .text.FTM3_Ch0_Ch1_IRQHandler
                0x1fffb308        0xc ./SDK/platform/drivers/src/ftm/ftm_ic_driver.o
                0x1fffb308                FTM3_Ch0_Ch1_IRQHandler
 .text.FTM3_Ch2_Ch3_IRQHandler
                0x1fffb314        0xc ./SDK/platform/drivers/src/ftm/ftm_ic_driver.o
                0x1fffb314                FTM3_Ch2_Ch3_IRQHandler
 .text.FTM3_Ch4_Ch5_IRQHandler
                0x1fffb320        0xc ./SDK/platform/drivers/src/ftm/ftm_ic_driver.o
                0x1fffb320                FTM3_Ch4_Ch5_IRQHandler
 .text.FTM3_Ch6_Ch7_IRQHandler
                0x1fffb32c        0xc ./SDK/platform/drivers/src/ftm/ftm_ic_driver.o
                0x1fffb32c                FTM3_Ch6_Ch7_IRQHandler
 .text.INT_SYS_InstallHandler
                0x1fffb338       0x40 ./SDK/platform/drivers/src/interrupt/interrupt_manager.o
                0x1fffb338                INT_SYS_InstallHandler
 .text.INT_SYS_EnableIRQ
                0x1fffb378       0x18 ./SDK/platform/drivers/src/interrupt/interrupt_manager.o
                0x1fffb378                INT_SYS_EnableIRQ
 .text.INT_SYS_EnableIRQGlobal
                0x1fffb390       0x1c ./SDK/platform/drivers/src/interrupt/interrupt_manager.o
                0x1fffb390                INT_SYS_EnableIRQGlobal
 .text.INT_SYS_DisableIRQGlobal
                0x1fffb3ac       0x10 ./SDK/platform/drivers/src/interrupt/interrupt_manager.o
                0x1fffb3ac                INT_SYS_DisableIRQGlobal
 .text.LPUART_DRV_StartSendDataUsingInt
                0x1fffb3bc       0x4c ./SDK/platform/drivers/src/lpuart/lpuart_driver.o
 .text.LPUART_DRV_StartSendDataUsingDma
                0x1fffb408       0x80 ./SDK/platform/drivers/src/lpuart/lpuart_driver.o
 .text.LPUART_DRV_CompleteSendDataUsingInt
                0x1fffb488       0x64 ./SDK/platform/drivers/src/lpuart/lpuart_driver.o
 .text.LPUART_DRV_StopTxDma
                0x1fffb4ec       0x64 ./SDK/platform/drivers/src/lpuart/lpuart_driver.o
 .text.LPUART_DRV_TxDmaCallback
                0x1fffb550       0x74 ./SDK/platform/drivers/src/lpuart/lpuart_driver.o
 .text.LPUART_DRV_PutData
                0x1fffb5c4       0x44 ./SDK/platform/drivers/src/lpuart/lpuart_driver.o
 .text.LPUART_DRV_CompleteReceiveDataUsingInt
                0x1fffb608       0x64 ./SDK/platform/drivers/src/lpuart/lpuart_driver.o
 .text.LPUART_DRV_GetData
                0x1fffb66c       0x5c ./SDK/platform/drivers/src/lpuart/lpuart_driver.o
 .text.LPUART_DRV_SendDataBlocking
                0x1fffb6c8       0x5c ./SDK/platform/drivers/src/lpuart/lpuart_driver.o
                0x1fffb6c8                LPUART_DRV_SendDataBlocking
 .text.LPUART_DRV_SetBaudRate
                0x1fffb724       0xf0 ./SDK/platform/drivers/src/lpuart/lpuart_driver.o
                0x1fffb724                LPUART_DRV_SetBaudRate
 .text.LPUART_DRV_Init
                0x1fffb814       0xe0 ./SDK/platform/drivers/src/lpuart/lpuart_driver.o
                0x1fffb814                LPUART_DRV_Init
 .text.LPUART_DRV_IRQHandler
                0x1fffb8f4      0x160 ./SDK/platform/drivers/src/lpuart/lpuart_driver.o
                0x1fffb8f4                LPUART_DRV_IRQHandler
 .text.LPUART_Init
                0x1fffba54       0x24 ./SDK/platform/drivers/src/lpuart/lpuart_hw_access.o
                0x1fffba54                LPUART_Init
 .text.LPUART_SetBitCountPerChar
                0x1fffba78       0x2e ./SDK/platform/drivers/src/lpuart/lpuart_hw_access.o
                0x1fffba78                LPUART_SetBitCountPerChar
 .text.LPUART_SetParityMode
                0x1fffbaa6       0x1e ./SDK/platform/drivers/src/lpuart/lpuart_hw_access.o
                0x1fffbaa6                LPUART_SetParityMode
 .text.LPUART_Putchar9
                0x1fffbac4       0x16 ./SDK/platform/drivers/src/lpuart/lpuart_hw_access.o
                0x1fffbac4                LPUART_Putchar9
 .text.LPUART_Putchar10
                0x1fffbada       0x22 ./SDK/platform/drivers/src/lpuart/lpuart_hw_access.o
                0x1fffbada                LPUART_Putchar10
 .text.LPUART_Getchar9
                0x1fffbafc       0x12 ./SDK/platform/drivers/src/lpuart/lpuart_hw_access.o
                0x1fffbafc                LPUART_Getchar9
 .text.LPUART_Getchar10
                0x1fffbb0e       0x1e ./SDK/platform/drivers/src/lpuart/lpuart_hw_access.o
                0x1fffbb0e                LPUART_Getchar10
 .text.LPUART_SetIntMode
                0x1fffbb2c       0x6e ./SDK/platform/drivers/src/lpuart/lpuart_hw_access.o
                0x1fffbb2c                LPUART_SetIntMode
 .text.LPUART_GetIntMode
                0x1fffbb9a       0x4a ./SDK/platform/drivers/src/lpuart/lpuart_hw_access.o
                0x1fffbb9a                LPUART_GetIntMode
 .text.LPUART_GetStatusFlag
                0x1fffbbe4       0x4a ./SDK/platform/drivers/src/lpuart/lpuart_hw_access.o
                0x1fffbbe4                LPUART_GetStatusFlag
 *fill*         0x1fffbc2e        0x2 
 .text.LPUART_SetErrorInterrupts
                0x1fffbc30       0x40 ./SDK/platform/drivers/src/lpuart/lpuart_hw_access.o
                0x1fffbc30                LPUART_SetErrorInterrupts
 .text.LPUART0_IrqHandler
                0x1fffbc70        0xa ./SDK/platform/drivers/src/lpuart/lpuart_irq.o
                0x1fffbc70                LPUART0_IrqHandler
 .text.LPUART1_IrqHandler
                0x1fffbc7a        0xa ./SDK/platform/drivers/src/lpuart/lpuart_irq.o
                0x1fffbc7a                LPUART1_IrqHandler
 .text.LPUART2_IrqHandler
                0x1fffbc84        0xa ./SDK/platform/drivers/src/lpuart/lpuart_irq.o
                0x1fffbc84                LPUART2_IrqHandler
 .text.PINS_DRV_Init
                0x1fffbc8e       0x20 ./SDK/platform/drivers/src/pins/pins_driver.o
                0x1fffbc8e                PINS_DRV_Init
 .text.PINS_DRV_SetPins
                0x1fffbcae        0x4 ./SDK/platform/drivers/src/pins/pins_driver.o
                0x1fffbcae                PINS_DRV_SetPins
 .text.PINS_DRV_ClearPins
                0x1fffbcb2        0x4 ./SDK/platform/drivers/src/pins/pins_driver.o
                0x1fffbcb2                PINS_DRV_ClearPins
 .text.PINS_DRV_ReadPins
                0x1fffbcb6        0x4 ./SDK/platform/drivers/src/pins/pins_driver.o
                0x1fffbcb6                PINS_DRV_ReadPins
 *fill*         0x1fffbcba        0x2 
 .text.PINS_GetAdcInterleaveVal
                0x1fffbcbc       0x6c ./SDK/platform/drivers/src/pins/pins_port_hw_access.o
 .text.PINS_Init
                0x1fffbd28      0x114 ./SDK/platform/drivers/src/pins/pins_port_hw_access.o
                0x1fffbd28                PINS_Init
 .text.SysTick_Handler
                0x1fffbe3c       0x10 ./SDK/rtos/osif/osif_baremetal.o
                0x1fffbe3c                SysTick_Handler
 .text.OSIF_SemaWait
                0x1fffbe4c       0x84 ./SDK/rtos/osif/osif_baremetal.o
                0x1fffbe4c                OSIF_SemaWait
 .text.OSIF_SemaPost
                0x1fffbed0       0x26 ./SDK/rtos/osif/osif_baremetal.o
                0x1fffbed0                OSIF_SemaPost
 .text.OSIF_SemaCreate
                0x1fffbef6       0x14 ./SDK/rtos/osif/osif_baremetal.o
                0x1fffbef6                OSIF_SemaCreate
 .text.delay_us
                0x1fffbf0a       0x30 ./src/driver/srf05/srf05.o
                0x1fffbf0a                delay_us
 .text.delay_ms
                0x1fffbf3a       0x1c ./src/driver/srf05/srf05.o
                0x1fffbf3a                delay_ms
 *fill*         0x1fffbf56        0x2 
 .text.srf_trigger
                0x1fffbf58       0x24 ./src/driver/srf05/srf05.o
                0x1fffbf58                srf_trigger
 .text.srf_measure
                0x1fffbf7c       0x60 ./src/driver/srf05/srf05.o
                0x1fffbf7c                srf_measure
 .text.uart_print
                0x1fffbfdc       0x18 ./src/driver/uart/uart.o
                0x1fffbfdc                uart_print
 .text.led      0x1fffbff4       0x3c ./src/main.o
                0x1fffbff4                led
 .text.main     0x1fffc030       0xa4 ./src/main.o
                0x1fffc030                main
 .text.memset   0x1fffc0d4       0x10 D:/S32/S32DS/build_tools/gcc_b1620/gcc-6.3-arm32-eabi/arm-none-eabi/newlib/lib/thumb/v7e-m\libc.a(lib_a-memset.o)
                0x1fffc0d4                memset
 .text.sprintf  0x1fffc0e4       0x48 D:/S32/S32DS/build_tools/gcc_b1620/gcc-6.3-arm32-eabi/arm-none-eabi/newlib/lib/thumb/v7e-m\libc.a(lib_a-sprintf.o)
                0x1fffc0e4                sprintf
 .text._svfprintf_r
                0x1fffc12c      0xfac D:/S32/S32DS/build_tools/gcc_b1620/gcc-6.3-arm32-eabi/arm-none-eabi/newlib/lib/thumb/v7e-m\libc.a(lib_a-svfprintf.o)
                0x1fffc12c                _svfprintf_r
 .text.quorem   0x1fffd0d8      0x118 D:/S32/S32DS/build_tools/gcc_b1620/gcc-6.3-arm32-eabi/arm-none-eabi/newlib/lib/thumb/v7e-m\libc.a(lib_a-dtoa.o)
 .text._dtoa_r  0x1fffd1f0      0xb74 D:/S32/S32DS/build_tools/gcc_b1620/gcc-6.3-arm32-eabi/arm-none-eabi/newlib/lib/thumb/v7e-m\libc.a(lib_a-dtoa.o)
                0x1fffd1f0                _dtoa_r
 .text._localeconv_r
                0x1fffdd64        0x8 D:/S32/S32DS/build_tools/gcc_b1620/gcc-6.3-arm32-eabi/arm-none-eabi/newlib/lib/thumb/v7e-m\libc.a(lib_a-localeconv.o)
                0x1fffdd64                _localeconv_r
 .text._malloc_r
                0x1fffdd6c      0x454 D:/S32/S32DS/build_tools/gcc_b1620/gcc-6.3-arm32-eabi/arm-none-eabi/newlib/lib/thumb/v7e-m\libc.a(lib_a-mallocr.o)
                0x1fffdd6c                _malloc_r
 .text.__ascii_mbtowc
                0x1fffe1c0       0x24 D:/S32/S32DS/build_tools/gcc_b1620/gcc-6.3-arm32-eabi/arm-none-eabi/newlib/lib/thumb/v7e-m\libc.a(lib_a-mbtowc_r.o)
                0x1fffe1c0                __ascii_mbtowc
 .text.memcpy   0x1fffe1e4       0x1c D:/S32/S32DS/build_tools/gcc_b1620/gcc-6.3-arm32-eabi/arm-none-eabi/newlib/lib/thumb/v7e-m\libc.a(lib_a-memcpy-stub.o)
                0x1fffe1e4                memcpy
 .text.__malloc_lock
                0x1fffe200        0x2 D:/S32/S32DS/build_tools/gcc_b1620/gcc-6.3-arm32-eabi/arm-none-eabi/newlib/lib/thumb/v7e-m\libc.a(lib_a-mlock.o)
                0x1fffe200                __malloc_lock
 .text.__malloc_unlock
                0x1fffe202        0x2 D:/S32/S32DS/build_tools/gcc_b1620/gcc-6.3-arm32-eabi/arm-none-eabi/newlib/lib/thumb/v7e-m\libc.a(lib_a-mlock.o)
                0x1fffe202                __malloc_unlock
 .text._Balloc  0x1fffe204       0x4a D:/S32/S32DS/build_tools/gcc_b1620/gcc-6.3-arm32-eabi/arm-none-eabi/newlib/lib/thumb/v7e-m\libc.a(lib_a-mprec.o)
                0x1fffe204                _Balloc
 .text._Bfree   0x1fffe24e       0x12 D:/S32/S32DS/build_tools/gcc_b1620/gcc-6.3-arm32-eabi/arm-none-eabi/newlib/lib/thumb/v7e-m\libc.a(lib_a-mprec.o)
                0x1fffe24e                _Bfree
 .text.__multadd
                0x1fffe260       0x76 D:/S32/S32DS/build_tools/gcc_b1620/gcc-6.3-arm32-eabi/arm-none-eabi/newlib/lib/thumb/v7e-m\libc.a(lib_a-mprec.o)
                0x1fffe260                __multadd
 .text.__hi0bits
                0x1fffe2d6       0x3e D:/S32/S32DS/build_tools/gcc_b1620/gcc-6.3-arm32-eabi/arm-none-eabi/newlib/lib/thumb/v7e-m\libc.a(lib_a-mprec.o)
                0x1fffe2d6                __hi0bits
 .text.__lo0bits
                0x1fffe314       0x5e D:/S32/S32DS/build_tools/gcc_b1620/gcc-6.3-arm32-eabi/arm-none-eabi/newlib/lib/thumb/v7e-m\libc.a(lib_a-mprec.o)
                0x1fffe314                __lo0bits
 .text.__i2b    0x1fffe372       0x12 D:/S32/S32DS/build_tools/gcc_b1620/gcc-6.3-arm32-eabi/arm-none-eabi/newlib/lib/thumb/v7e-m\libc.a(lib_a-mprec.o)
                0x1fffe372                __i2b
 .text.__multiply
                0x1fffe384      0x11a D:/S32/S32DS/build_tools/gcc_b1620/gcc-6.3-arm32-eabi/arm-none-eabi/newlib/lib/thumb/v7e-m\libc.a(lib_a-mprec.o)
                0x1fffe384                __multiply
 *fill*         0x1fffe49e        0x2 
 .text.__pow5mult
                0x1fffe4a0       0x80 D:/S32/S32DS/build_tools/gcc_b1620/gcc-6.3-arm32-eabi/arm-none-eabi/newlib/lib/thumb/v7e-m\libc.a(lib_a-mprec.o)
                0x1fffe4a0                __pow5mult
 .text.__lshift
                0x1fffe520       0xa2 D:/S32/S32DS/build_tools/gcc_b1620/gcc-6.3-arm32-eabi/arm-none-eabi/newlib/lib/thumb/v7e-m\libc.a(lib_a-mprec.o)
                0x1fffe520                __lshift
 .text.__mcmp   0x1fffe5c2       0x34 D:/S32/S32DS/build_tools/gcc_b1620/gcc-6.3-arm32-eabi/arm-none-eabi/newlib/lib/thumb/v7e-m\libc.a(lib_a-mprec.o)
                0x1fffe5c2                __mcmp
 .text.__mdiff  0x1fffe5f6       0xbc D:/S32/S32DS/build_tools/gcc_b1620/gcc-6.3-arm32-eabi/arm-none-eabi/newlib/lib/thumb/v7e-m\libc.a(lib_a-mprec.o)
                0x1fffe5f6                __mdiff
 .text.__d2b    0x1fffe6b2       0x9e D:/S32/S32DS/build_tools/gcc_b1620/gcc-6.3-arm32-eabi/arm-none-eabi/newlib/lib/thumb/v7e-m\libc.a(lib_a-mprec.o)
                0x1fffe6b2                __d2b
 .text._sbrk_r  0x1fffe750       0x20 D:/S32/S32DS/build_tools/gcc_b1620/gcc-6.3-arm32-eabi/arm-none-eabi/newlib/lib/thumb/v7e-m\libc.a(lib_a-sbrkr.o)
                0x1fffe750                _sbrk_r
 .text.__ssprint_r
                0x1fffe770       0xf4 D:/S32/S32DS/build_tools/gcc_b1620/gcc-6.3-arm32-eabi/arm-none-eabi/newlib/lib/thumb/v7e-m\libc.a(lib_a-svfiprintf.o)
                0x1fffe770                __ssprint_r
 .text.__ascii_wctomb
                0x1fffe864       0x1a D:/S32/S32DS/build_tools/gcc_b1620/gcc-6.3-arm32-eabi/arm-none-eabi/newlib/lib/thumb/v7e-m\libc.a(lib_a-wctomb_r.o)
                0x1fffe864                __ascii_wctomb
 .text._calloc_r
                0x1fffe87e       0x5a D:/S32/S32DS/build_tools/gcc_b1620/gcc-6.3-arm32-eabi/arm-none-eabi/newlib/lib/thumb/v7e-m\libc.a(lib_a-callocr.o)
                0x1fffe87e                _calloc_r
 .text._malloc_trim_r
                0x1fffe8d8       0xa0 D:/S32/S32DS/build_tools/gcc_b1620/gcc-6.3-arm32-eabi/arm-none-eabi/newlib/lib/thumb/v7e-m\libc.a(lib_a-freer.o)
                0x1fffe8d8                _malloc_trim_r
 .text._free_r  0x1fffe978      0x178 D:/S32/S32DS/build_tools/gcc_b1620/gcc-6.3-arm32-eabi/arm-none-eabi/newlib/lib/thumb/v7e-m\libc.a(lib_a-freer.o)
                0x1fffe978                _free_r
 .text.memmove  0x1fffeaf0       0x34 D:/S32/S32DS/build_tools/gcc_b1620/gcc-6.3-arm32-eabi/arm-none-eabi/newlib/lib/thumb/v7e-m\libc.a(lib_a-memmove.o)
                0x1fffeaf0                memmove
 .text._realloc_r
                0x1fffeb24      0x300 D:/S32/S32DS/build_tools/gcc_b1620/gcc-6.3-arm32-eabi/arm-none-eabi/newlib/lib/thumb/v7e-m\libc.a(lib_a-reallocr.o)
                0x1fffeb24                _realloc_r
 .text._sbrk    0x1fffee24       0x1c D:/S32/S32DS/build_tools/gcc_b1620/gcc-6.3-arm32-eabi/arm-none-eabi/newlib/lib/thumb/v7e-m\libnosys.a(sbrk.o)
                0x1fffee24                _sbrk
 *(.rodata)
 *(.rodata*)
 .rodata.clockNameMappings
                0x1fffee40       0x9e ./SDK/platform/drivers/src/clock/S32K1xx/clock_S32K1xx.o
                0x1fffee40                clockNameMappings
 *fill*         0x1fffeede        0x2 
 .rodata.maxSysClksInHSRUN.6352
                0x1fffeee0       0x54 ./SDK/platform/drivers/src/clock/S32K1xx/clock_S32K1xx.o
 .rodata.maxSysClksInRUN.6351
                0x1fffef34       0x54 ./SDK/platform/drivers/src/clock/S32K1xx/clock_S32K1xx.o
 .rodata.maxSysClksInVLPR.6350
                0x1fffef88       0x54 ./SDK/platform/drivers/src/clock/S32K1xx/clock_S32K1xx.o
 .rodata.peripheralFeaturesList
                0x1fffefdc       0x4f ./SDK/platform/drivers/src/clock/S32K1xx/clock_S32K1xx.o
                0x1fffefdc                peripheralFeaturesList
 *fill*         0x1ffff02b        0x1 
 .rodata.g_ftmBase
                0x1ffff02c       0x10 ./SDK/platform/drivers/src/ftm/ftm_common.o
                0x1ffff02c                g_ftmBase
 .rodata.s_lpuartBase
                0x1ffff03c        0xc ./SDK/platform/drivers/src/lpuart/lpuart_driver.o
 .rodata.s_lpuartClkNames
                0x1ffff048        0x3 ./SDK/platform/drivers/src/lpuart/lpuart_driver.o
 *fill*         0x1ffff04b        0x1 
 .rodata.s_lpuartRxTxIrqId
                0x1ffff04c        0x3 ./SDK/platform/drivers/src/lpuart/lpuart_driver.o
 *fill*         0x1ffff04f        0x1 
 .rodata.lpUartInitConfig1
                0x1ffff050        0xc ./board/peripherals_lpuart_LPUART_1.o
                0x1ffff050                lpUartInitConfig1
 .rodata.main.str1.4
                0x1ffff05c       0x30 ./src/main.o
                                 0x2e (size before relaxing)
 .rodata._svfprintf_r.str1.1
                0x1ffff08c       0x34 D:/S32/S32DS/build_tools/gcc_b1620/gcc-6.3-arm32-eabi/arm-none-eabi/newlib/lib/thumb/v7e-m\libc.a(lib_a-svfprintf.o)
 .rodata.blanks.7272
                0x1ffff0c0       0x10 D:/S32/S32DS/build_tools/gcc_b1620/gcc-6.3-arm32-eabi/arm-none-eabi/newlib/lib/thumb/v7e-m\libc.a(lib_a-svfprintf.o)
 .rodata.zeroes.7273
                0x1ffff0d0       0x10 D:/S32/S32DS/build_tools/gcc_b1620/gcc-6.3-arm32-eabi/arm-none-eabi/newlib/lib/thumb/v7e-m\libc.a(lib_a-svfprintf.o)
 .rodata._dtoa_r.str1.1
                0x1ffff0e0        0xd D:/S32/S32DS/build_tools/gcc_b1620/gcc-6.3-arm32-eabi/arm-none-eabi/newlib/lib/thumb/v7e-m\libc.a(lib_a-dtoa.o)
                                  0xf (size before relaxing)
 .rodata._setlocale_r.str1.1
                0x1ffff0ed        0x8 D:/S32/S32DS/build_tools/gcc_b1620/gcc-6.3-arm32-eabi/arm-none-eabi/newlib/lib/thumb/v7e-m\libc.a(lib_a-locale.o)
                                  0x9 (size before relaxing)
 .rodata.str1.1
                0x1ffff0f5        0x2 D:/S32/S32DS/build_tools/gcc_b1620/gcc-6.3-arm32-eabi/arm-none-eabi/newlib/lib/thumb/v7e-m\libc.a(lib_a-locale.o)
 *fill*         0x1ffff0f7        0x1 
 .rodata.__mprec_bigtens
                0x1ffff0f8       0x28 D:/S32/S32DS/build_tools/gcc_b1620/gcc-6.3-arm32-eabi/arm-none-eabi/newlib/lib/thumb/v7e-m\libc.a(lib_a-mprec.o)
                0x1ffff0f8                __mprec_bigtens
 .rodata.__mprec_tens
                0x1ffff120       0xc8 D:/S32/S32DS/build_tools/gcc_b1620/gcc-6.3-arm32-eabi/arm-none-eabi/newlib/lib/thumb/v7e-m\libc.a(lib_a-mprec.o)
                0x1ffff120                __mprec_tens
 .rodata.p05.6063
                0x1ffff1e8        0xc D:/S32/S32DS/build_tools/gcc_b1620/gcc-6.3-arm32-eabi/arm-none-eabi/newlib/lib/thumb/v7e-m\libc.a(lib_a-mprec.o)
 .rodata._ctype_
                0x1ffff1f4      0x101 D:/S32/S32DS/build_tools/gcc_b1620/gcc-6.3-arm32-eabi/arm-none-eabi/newlib/lib/thumb/v7e-m\libc.a(lib_a-ctype_.o)
                0x1ffff1f4                _ctype_
 *(.init)
 *fill*         0x1ffff2f5        0x3 
 .init          0x1ffff2f8        0x4 d:/s32/s32ds/build_tools/gcc_b1620/gcc-6.3-arm32-eabi/bin/../lib/gcc/arm-none-eabi/6.3.1/thumb/v7e-m/crti.o
                0x1ffff2f8                _init
 *(.fini)
 .fini          0x1ffff2fc        0x4 d:/s32/s32ds/build_tools/gcc_b1620/gcc-6.3-arm32-eabi/bin/../lib/gcc/arm-none-eabi/6.3.1/thumb/v7e-m/crti.o
                0x1ffff2fc                _fini
 *(.eh_frame)
                0x1ffff300                . = ALIGN (0x4)

.glue_7         0x1ffff300        0x0
 .glue_7        0x1ffff300        0x0 linker stubs

.glue_7t        0x1ffff300        0x0
 .glue_7t       0x1ffff300        0x0 linker stubs

.vfp11_veneer   0x1ffff300        0x0
 .vfp11_veneer  0x1ffff300        0x0 linker stubs

.v4_bx          0x1ffff300        0x0
 .v4_bx         0x1ffff300        0x0 linker stubs

.iplt           0x1ffff300        0x0
 .iplt          0x1ffff300        0x0 ./Project_Settings/Startup_Code/startup_S32K144.o

.ARM            0x1ffff300        0x8
                0x1ffff300                __exidx_start = .
 *(.ARM.exidx*)
 .ARM.exidx     0x1ffff300        0x8 d:/s32/s32ds/build_tools/gcc_b1620/gcc-6.3-arm32-eabi/bin/../lib/gcc/arm-none-eabi/6.3.1/thumb/v7e-m\libgcc.a(_udivmoddi4.o)
                0x1ffff308                __exidx_end = .

.rel.dyn        0x1ffff308        0x0
 .rel.iplt      0x1ffff308        0x0 ./Project_Settings/Startup_Code/startup_S32K144.o

.code_ram       0x1ffff308        0x0
                0x1ffff308                . = ALIGN (0x4)
                0x1ffff308                __CODE_RAM = .
                0x1ffff308                __code_ram_start__ = .
 *(.code_ram)
                0x1ffff308                __CODE_ROM = .
                0x1ffff308                __CODE_END = .
                0x1ffff308                __code_ram_end__ = .
                0x1ffff308                . = ALIGN (0x4)
                0x1ffff308                __etext = .
                0x1ffff308                __DATA_ROM = .
                0x1ffff308                __DATA_END = __DATA_ROM

.customSectionBlock
                0x20000000        0x0
                0x20000000                __customSection_start__ = .
 *(.customSection)
                0x20000000                __customSection_end__ = .
                0x20000000                __CUSTOM_ROM = .
                0x20000000                __CUSTOM_END = .

.data           0x20000000      0xc04
                0x20000000                . = ALIGN (0x4)
                0x20000000                __DATA_RAM = .
                0x20000000                __data_start__ = .
 *(.data)
 *(.data*)
 .data.peripheralClockConfig.6099
                0x20000000       0xa0 ./SDK/platform/drivers/src/clock/S32K1xx/clock_S32K1xx.o
 .data.g_lpuartIsr
                0x200000a0        0xc ./SDK/platform/drivers/src/lpuart/lpuart_irq.o
                0x200000a0                g_lpuartIsr
 .data.first_init.5599
                0x200000ac        0x1 ./SDK/rtos/osif/osif_baremetal.o
 *fill*         0x200000ad        0x3 
 .data.clockMan1_InitConfig0
                0x200000b0       0x88 ./board/clock_config.o
                0x200000b0                clockMan1_InitConfig0
 .data.g_clockManConfigsArr
                0x20000138        0x4 ./board/clock_config.o
                0x20000138                g_clockManConfigsArr
 .data.peripheralClockConfig0
                0x2000013c       0xa0 ./board/clock_config.o
                0x2000013c                peripheralClockConfig0
 .data.g_pin_mux_InitConfigArr0
                0x200001dc       0x90 ./board/pin_mux.o
                0x200001dc                g_pin_mux_InitConfigArr0
 .data._impure_ptr
                0x2000026c        0x4 D:/S32/S32DS/build_tools/gcc_b1620/gcc-6.3-arm32-eabi/arm-none-eabi/newlib/lib/thumb/v7e-m\libc.a(lib_a-impure.o)
                0x2000026c                _impure_ptr
 .data.impure_data
                0x20000270      0x418 D:/S32/S32DS/build_tools/gcc_b1620/gcc-6.3-arm32-eabi/arm-none-eabi/newlib/lib/thumb/v7e-m\libc.a(lib_a-impure.o)
 .data.__global_locale
                0x20000688      0x16c D:/S32/S32DS/build_tools/gcc_b1620/gcc-6.3-arm32-eabi/arm-none-eabi/newlib/lib/thumb/v7e-m\libc.a(lib_a-locale.o)
                0x20000688                __global_locale
 .data.__malloc_av_
                0x200007f4      0x408 D:/S32/S32DS/build_tools/gcc_b1620/gcc-6.3-arm32-eabi/arm-none-eabi/newlib/lib/thumb/v7e-m\libc.a(lib_a-mallocr.o)
                0x200007f4                __malloc_av_
 .data.__malloc_sbrk_base
                0x20000bfc        0x4 D:/S32/S32DS/build_tools/gcc_b1620/gcc-6.3-arm32-eabi/arm-none-eabi/newlib/lib/thumb/v7e-m\libc.a(lib_a-mallocr.o)
                0x20000bfc                __malloc_sbrk_base
 .data.__malloc_trim_threshold
                0x20000c00        0x4 D:/S32/S32DS/build_tools/gcc_b1620/gcc-6.3-arm32-eabi/arm-none-eabi/newlib/lib/thumb/v7e-m\libc.a(lib_a-mallocr.o)
                0x20000c00                __malloc_trim_threshold
                0x20000c04                . = ALIGN (0x4)
                0x20000c04                __data_end__ = .

.igot.plt       0x20000c04        0x0
 .igot.plt      0x20000c04        0x0 ./Project_Settings/Startup_Code/startup_S32K144.o

.bss            0x20000c04       0xc0
                0x20000c04                . = ALIGN (0x4)
                0x20000c04                __BSS_START = .
                0x20000c04                __bss_start__ = .
 *(.bss)
 *(.bss*)
 .bss.g_RtcClkInFreq
                0x20000c04        0x4 ./SDK/platform/drivers/src/clock/S32K1xx/clock_S32K1xx.o
                0x20000c04                g_RtcClkInFreq
 .bss.g_TClkFreq
                0x20000c08        0xc ./SDK/platform/drivers/src/clock/S32K1xx/clock_S32K1xx.o
                0x20000c08                g_TClkFreq
 .bss.g_clockState
                0x20000c14       0x10 ./SDK/platform/drivers/src/clock/S32K1xx/clock_S32K1xx.o
 .bss.g_xtal0ClkFreq
                0x20000c24        0x4 ./SDK/platform/drivers/src/clock/S32K1xx/clock_S32K1xx.o
                0x20000c24                g_xtal0ClkFreq
 .bss.s_virtEdmaState
                0x20000c28        0x4 ./SDK/platform/drivers/src/edma/edma_driver.o
 .bss.ftmStatePtr
                0x20000c2c       0x10 ./SDK/platform/drivers/src/ftm/ftm_common.o
                0x20000c2c                ftmStatePtr
 .bss.g_interruptDisableCount
                0x20000c3c        0x4 ./SDK/platform/drivers/src/interrupt/interrupt_manager.o
 .bss.s_lpuartStatePtr
                0x20000c40        0xc ./SDK/platform/drivers/src/lpuart/lpuart_driver.o
 .bss.s_osif_tick_cnt
                0x20000c4c        0x4 ./SDK/rtos/osif/osif_baremetal.o
 .bss.g_clockManCallbacksArr
                0x20000c50        0x4 ./board/clock_config.o
                0x20000c50                g_clockManCallbacksArr
 .bss.lpUartState1
                0x20000c54       0x34 ./board/peripherals_lpuart_LPUART_1.o
                0x20000c54                lpUartState1
 .bss.__malloc_current_mallinfo
                0x20000c88       0x28 D:/S32/S32DS/build_tools/gcc_b1620/gcc-6.3-arm32-eabi/arm-none-eabi/newlib/lib/thumb/v7e-m\libc.a(lib_a-mallocr.o)
                0x20000c88                __malloc_current_mallinfo
 .bss.__malloc_max_sbrked_mem
                0x20000cb0        0x4 D:/S32/S32DS/build_tools/gcc_b1620/gcc-6.3-arm32-eabi/arm-none-eabi/newlib/lib/thumb/v7e-m\libc.a(lib_a-mallocr.o)
                0x20000cb0                __malloc_max_sbrked_mem
 .bss.__malloc_max_total_mem
                0x20000cb4        0x4 D:/S32/S32DS/build_tools/gcc_b1620/gcc-6.3-arm32-eabi/arm-none-eabi/newlib/lib/thumb/v7e-m\libc.a(lib_a-mallocr.o)
                0x20000cb4                __malloc_max_total_mem
 .bss.__malloc_top_pad
                0x20000cb8        0x4 D:/S32/S32DS/build_tools/gcc_b1620/gcc-6.3-arm32-eabi/arm-none-eabi/newlib/lib/thumb/v7e-m\libc.a(lib_a-mallocr.o)
                0x20000cb8                __malloc_top_pad
 .bss.errno     0x20000cbc        0x4 D:/S32/S32DS/build_tools/gcc_b1620/gcc-6.3-arm32-eabi/arm-none-eabi/newlib/lib/thumb/v7e-m\libc.a(lib_a-reent.o)
                0x20000cbc                errno
 .bss.heap_end.4090
                0x20000cc0        0x4 D:/S32/S32DS/build_tools/gcc_b1620/gcc-6.3-arm32-eabi/arm-none-eabi/newlib/lib/thumb/v7e-m\libnosys.a(sbrk.o)
 *(COMMON)
                0x20000cc4                . = ALIGN (0x4)
                0x20000cc4                __bss_end__ = .
                0x20000cc4                __BSS_END = .

.heap           0x20000cc4      0x404
                0x20000cc8                . = ALIGN (0x8)
 *fill*         0x20000cc4        0x4 
                0x20000cc8                __end__ = .
                0x20000cc8                __heap_start__ = .
                0x20000cc8                PROVIDE (end = .)
                [!provide]                PROVIDE (_end = .)
                [!provide]                PROVIDE (__end = .)
                0x20000cc8                __HeapBase = .
                0x200010c8                . = (. + HEAP_SIZE)
 *fill*         0x20000cc8      0x400 
                0x200010c8                __HeapLimit = .
                0x200010c8                __heap_limit = .
                0x200010c8                __heap_end__ = .
                0x20007000                __StackTop = (ORIGIN (m_data) + LENGTH (m_data))
                0x20006c00                __StackLimit = (__StackTop - STACK_SIZE)
                0x20007000                PROVIDE (__stack = __StackTop)

.stack          0x20006c00      0x400
                0x20006c00                . = ALIGN (0x8)
                0x20006c00                __stack_start__ = .
                0x20007000                . = (. + STACK_SIZE)
 *fill*         0x20006c00      0x400 
                0x20007000                __stack_end__ = .

.ARM.attributes
                0x00000000       0x2a
 *(.ARM.attributes)
 .ARM.attributes
                0x00000000       0x1e d:/s32/s32ds/build_tools/gcc_b1620/gcc-6.3-arm32-eabi/bin/../lib/gcc/arm-none-eabi/6.3.1/thumb/v7e-m/crti.o
 .ARM.attributes
                0x0000001e       0x1b ./Project_Settings/Startup_Code/startup_S32K144.o
 .ARM.attributes
                0x00000039       0x33 ./SDK/platform/devices/S32K144/startup/system_S32K144.o
 .ARM.attributes
                0x0000006c       0x33 ./SDK/platform/devices/startup.o
 .ARM.attributes
                0x0000009f       0x33 ./SDK/platform/drivers/src/clock/S32K1xx/clock_S32K1xx.o
 .ARM.attributes
                0x000000d2       0x33 ./SDK/platform/drivers/src/edma/edma_driver.o
 .ARM.attributes
                0x00000105       0x33 ./SDK/platform/drivers/src/edma/edma_hw_access.o
 .ARM.attributes
                0x00000138       0x33 ./SDK/platform/drivers/src/edma/edma_irq.o
 .ARM.attributes
                0x0000016b       0x33 ./SDK/platform/drivers/src/ftm/ftm_common.o
 .ARM.attributes
                0x0000019e       0x33 ./SDK/platform/drivers/src/ftm/ftm_ic_driver.o
 .ARM.attributes
                0x000001d1       0x33 ./SDK/platform/drivers/src/interrupt/interrupt_manager.o
 .ARM.attributes
                0x00000204       0x33 ./SDK/platform/drivers/src/lpuart/lpuart_driver.o
 .ARM.attributes
                0x00000237       0x33 ./SDK/platform/drivers/src/lpuart/lpuart_hw_access.o
 .ARM.attributes
                0x0000026a       0x33 ./SDK/platform/drivers/src/lpuart/lpuart_irq.o
 .ARM.attributes
                0x0000029d       0x33 ./SDK/platform/drivers/src/pins/pins_driver.o
 .ARM.attributes
                0x000002d0       0x33 ./SDK/platform/drivers/src/pins/pins_port_hw_access.o
 .ARM.attributes
                0x00000303       0x33 ./SDK/rtos/osif/osif_baremetal.o
 .ARM.attributes
                0x00000336       0x33 ./board/clock_config.o
 .ARM.attributes
                0x00000369       0x33 ./board/peripherals_lpuart_LPUART_1.o
 .ARM.attributes
                0x0000039c       0x33 ./board/pin_mux.o
 .ARM.attributes
                0x000003cf       0x33 ./src/driver/srf05/srf05.o
 .ARM.attributes
                0x00000402       0x33 ./src/driver/uart/uart.o
 .ARM.attributes
                0x00000435       0x33 ./src/main.o
 .ARM.attributes
                0x00000468       0x1e d:/s32/s32ds/build_tools/gcc_b1620/gcc-6.3-arm32-eabi/bin/../lib/gcc/arm-none-eabi/6.3.1/thumb/v7e-m\libgcc.a(_arm_addsubdf3.o)
 .ARM.attributes
                0x00000486       0x1e d:/s32/s32ds/build_tools/gcc_b1620/gcc-6.3-arm32-eabi/bin/../lib/gcc/arm-none-eabi/6.3.1/thumb/v7e-m\libgcc.a(_arm_addsubsf3.o)
 .ARM.attributes
                0x000004a4       0x1e d:/s32/s32ds/build_tools/gcc_b1620/gcc-6.3-arm32-eabi/bin/../lib/gcc/arm-none-eabi/6.3.1/thumb/v7e-m\libgcc.a(_arm_muldivsf3.o)
 .ARM.attributes
                0x000004c2       0x1e d:/s32/s32ds/build_tools/gcc_b1620/gcc-6.3-arm32-eabi/bin/../lib/gcc/arm-none-eabi/6.3.1/thumb/v7e-m\libgcc.a(_arm_cmpsf2.o)
 .ARM.attributes
                0x000004e0       0x1e d:/s32/s32ds/build_tools/gcc_b1620/gcc-6.3-arm32-eabi/bin/../lib/gcc/arm-none-eabi/6.3.1/thumb/v7e-m\libgcc.a(_aeabi_uldivmod.o)
 .ARM.attributes
                0x000004fe       0x2e d:/s32/s32ds/build_tools/gcc_b1620/gcc-6.3-arm32-eabi/bin/../lib/gcc/arm-none-eabi/6.3.1/thumb/v7e-m\libgcc.a(_udivmoddi4.o)
 .ARM.attributes
                0x0000052c       0x1e d:/s32/s32ds/build_tools/gcc_b1620/gcc-6.3-arm32-eabi/bin/../lib/gcc/arm-none-eabi/6.3.1/thumb/v7e-m\libgcc.a(_dvmd_tls.o)
 .ARM.attributes
                0x0000054a       0x2e D:/S32/S32DS/build_tools/gcc_b1620/gcc-6.3-arm32-eabi/arm-none-eabi/newlib/lib/thumb/v7e-m\libc.a(lib_a-impure.o)
 .ARM.attributes
                0x00000578       0x2e D:/S32/S32DS/build_tools/gcc_b1620/gcc-6.3-arm32-eabi/arm-none-eabi/newlib/lib/thumb/v7e-m\libc.a(lib_a-memset.o)
 .ARM.attributes
                0x000005a6       0x2e D:/S32/S32DS/build_tools/gcc_b1620/gcc-6.3-arm32-eabi/arm-none-eabi/newlib/lib/thumb/v7e-m\libc.a(lib_a-sprintf.o)
 .ARM.attributes
                0x000005d4       0x17 D:/S32/S32DS/build_tools/gcc_b1620/gcc-6.3-arm32-eabi/arm-none-eabi/newlib/lib/thumb/v7e-m\libc.a(lib_a-strlen.o)
 .ARM.attributes
                0x000005eb       0x2e D:/S32/S32DS/build_tools/gcc_b1620/gcc-6.3-arm32-eabi/arm-none-eabi/newlib/lib/thumb/v7e-m\libc.a(lib_a-svfprintf.o)
 .ARM.attributes
                0x00000619       0x2e D:/S32/S32DS/build_tools/gcc_b1620/gcc-6.3-arm32-eabi/arm-none-eabi/newlib/lib/thumb/v7e-m\libc.a(lib_a-dtoa.o)
 .ARM.attributes
                0x00000647       0x2e D:/S32/S32DS/build_tools/gcc_b1620/gcc-6.3-arm32-eabi/arm-none-eabi/newlib/lib/thumb/v7e-m\libc.a(lib_a-localeconv.o)
 .ARM.attributes
                0x00000675       0x2e D:/S32/S32DS/build_tools/gcc_b1620/gcc-6.3-arm32-eabi/arm-none-eabi/newlib/lib/thumb/v7e-m\libc.a(lib_a-locale.o)
 .ARM.attributes
                0x000006a3       0x2e D:/S32/S32DS/build_tools/gcc_b1620/gcc-6.3-arm32-eabi/arm-none-eabi/newlib/lib/thumb/v7e-m\libc.a(lib_a-mallocr.o)
 .ARM.attributes
                0x000006d1       0x2e D:/S32/S32DS/build_tools/gcc_b1620/gcc-6.3-arm32-eabi/arm-none-eabi/newlib/lib/thumb/v7e-m\libc.a(lib_a-mbtowc_r.o)
 .ARM.attributes
                0x000006ff       0x1c D:/S32/S32DS/build_tools/gcc_b1620/gcc-6.3-arm32-eabi/arm-none-eabi/newlib/lib/thumb/v7e-m\libc.a(lib_a-memchr.o)
 .ARM.attributes
                0x0000071b       0x2e D:/S32/S32DS/build_tools/gcc_b1620/gcc-6.3-arm32-eabi/arm-none-eabi/newlib/lib/thumb/v7e-m\libc.a(lib_a-memcpy-stub.o)
 .ARM.attributes
                0x00000749       0x2e D:/S32/S32DS/build_tools/gcc_b1620/gcc-6.3-arm32-eabi/arm-none-eabi/newlib/lib/thumb/v7e-m\libc.a(lib_a-mlock.o)
 .ARM.attributes
                0x00000777       0x2e D:/S32/S32DS/build_tools/gcc_b1620/gcc-6.3-arm32-eabi/arm-none-eabi/newlib/lib/thumb/v7e-m\libc.a(lib_a-mprec.o)
 .ARM.attributes
                0x000007a5       0x2e D:/S32/S32DS/build_tools/gcc_b1620/gcc-6.3-arm32-eabi/arm-none-eabi/newlib/lib/thumb/v7e-m\libc.a(lib_a-sbrkr.o)
 .ARM.attributes
                0x000007d3       0x2e D:/S32/S32DS/build_tools/gcc_b1620/gcc-6.3-arm32-eabi/arm-none-eabi/newlib/lib/thumb/v7e-m\libc.a(lib_a-svfiprintf.o)
 .ARM.attributes
                0x00000801       0x2e D:/S32/S32DS/build_tools/gcc_b1620/gcc-6.3-arm32-eabi/arm-none-eabi/newlib/lib/thumb/v7e-m\libc.a(lib_a-wctomb_r.o)
 .ARM.attributes
                0x0000082f       0x2e D:/S32/S32DS/build_tools/gcc_b1620/gcc-6.3-arm32-eabi/arm-none-eabi/newlib/lib/thumb/v7e-m\libc.a(lib_a-callocr.o)
 .ARM.attributes
                0x0000085d       0x2e D:/S32/S32DS/build_tools/gcc_b1620/gcc-6.3-arm32-eabi/arm-none-eabi/newlib/lib/thumb/v7e-m\libc.a(lib_a-ctype_.o)
 .ARM.attributes
                0x0000088b       0x2e D:/S32/S32DS/build_tools/gcc_b1620/gcc-6.3-arm32-eabi/arm-none-eabi/newlib/lib/thumb/v7e-m\libc.a(lib_a-freer.o)
 .ARM.attributes
                0x000008b9       0x2e D:/S32/S32DS/build_tools/gcc_b1620/gcc-6.3-arm32-eabi/arm-none-eabi/newlib/lib/thumb/v7e-m\libc.a(lib_a-memmove.o)
 .ARM.attributes
                0x000008e7       0x2e D:/S32/S32DS/build_tools/gcc_b1620/gcc-6.3-arm32-eabi/arm-none-eabi/newlib/lib/thumb/v7e-m\libc.a(lib_a-reallocr.o)
 .ARM.attributes
                0x00000915       0x2e D:/S32/S32DS/build_tools/gcc_b1620/gcc-6.3-arm32-eabi/arm-none-eabi/newlib/lib/thumb/v7e-m\libc.a(lib_a-reent.o)
 .ARM.attributes
                0x00000943       0x1e d:/s32/s32ds/build_tools/gcc_b1620/gcc-6.3-arm32-eabi/bin/../lib/gcc/arm-none-eabi/6.3.1/thumb/v7e-m\libgcc.a(_arm_muldivdf3.o)
 .ARM.attributes
                0x00000961       0x1e d:/s32/s32ds/build_tools/gcc_b1620/gcc-6.3-arm32-eabi/bin/../lib/gcc/arm-none-eabi/6.3.1/thumb/v7e-m\libgcc.a(_arm_cmpdf2.o)
 .ARM.attributes
                0x0000097f       0x1e d:/s32/s32ds/build_tools/gcc_b1620/gcc-6.3-arm32-eabi/bin/../lib/gcc/arm-none-eabi/6.3.1/thumb/v7e-m\libgcc.a(_arm_unorddf2.o)
 .ARM.attributes
                0x0000099d       0x1e d:/s32/s32ds/build_tools/gcc_b1620/gcc-6.3-arm32-eabi/bin/../lib/gcc/arm-none-eabi/6.3.1/thumb/v7e-m\libgcc.a(_arm_fixdfsi.o)
 .ARM.attributes
                0x000009bb       0x2e D:/S32/S32DS/build_tools/gcc_b1620/gcc-6.3-arm32-eabi/arm-none-eabi/newlib/lib/thumb/v7e-m\libnosys.a(sbrk.o)
                0x00000001                ASSERT ((__StackLimit >= __HeapLimit), region m_data overflowed with stack and heap)

/DISCARD/
 *(.FlashConfig)
OUTPUT(lpuart_echo_s32k144_SRF.elf elf32-littlearm)

.debug_line     0x00000000     0x8dbf
 .debug_line    0x00000000       0xb5 ./Project_Settings/Startup_Code/startup_S32K144.o
 .debug_line    0x000000b5      0x3dd ./SDK/platform/devices/S32K144/startup/system_S32K144.o
 .debug_line    0x00000492      0x36b ./SDK/platform/devices/startup.o
 .debug_line    0x000007fd     0x132a ./SDK/platform/drivers/src/clock/S32K1xx/clock_S32K1xx.o
 .debug_line    0x00001b27      0x9d8 ./SDK/platform/drivers/src/edma/edma_driver.o
 .debug_line    0x000024ff      0x57b ./SDK/platform/drivers/src/edma/edma_hw_access.o
 .debug_line    0x00002a7a      0x529 ./SDK/platform/drivers/src/edma/edma_irq.o
 .debug_line    0x00002fa3      0x90b ./SDK/platform/drivers/src/ftm/ftm_common.o
 .debug_line    0x000038ae      0x90d ./SDK/platform/drivers/src/ftm/ftm_ic_driver.o
 .debug_line    0x000041bb      0x4f6 ./SDK/platform/drivers/src/interrupt/interrupt_manager.o
 .debug_line    0x000046b1      0xaf7 ./SDK/platform/drivers/src/lpuart/lpuart_driver.o
 .debug_line    0x000051a8      0x631 ./SDK/platform/drivers/src/lpuart/lpuart_hw_access.o
 .debug_line    0x000057d9      0x404 ./SDK/platform/drivers/src/lpuart/lpuart_irq.o
 .debug_line    0x00005bdd      0x668 ./SDK/platform/drivers/src/pins/pins_driver.o
 .debug_line    0x00006245      0x506 ./SDK/platform/drivers/src/pins/pins_port_hw_access.o
 .debug_line    0x0000674b      0x597 ./SDK/rtos/osif/osif_baremetal.o
 .debug_line    0x00006ce2      0x3fb ./board/clock_config.o
 .debug_line    0x000070dd      0x442 ./board/peripherals_lpuart_LPUART_1.o
 .debug_line    0x0000751f      0x39e ./board/pin_mux.o
 .debug_line    0x000078bd      0x6fe ./src/driver/srf05/srf05.o
 .debug_line    0x00007fbb      0x6bb ./src/driver/uart/uart.o
 .debug_line    0x00008676      0x749 ./src/main.o

.debug_info     0x00000000    0x20e2c
 .debug_info    0x00000000       0x26 ./Project_Settings/Startup_Code/startup_S32K144.o
 .debug_info    0x00000026      0x521 ./SDK/platform/devices/S32K144/startup/system_S32K144.o
 .debug_info    0x00000547      0x2ad ./SDK/platform/devices/startup.o
 .debug_info    0x000007f4     0x5c5c ./SDK/platform/drivers/src/clock/S32K1xx/clock_S32K1xx.o
 .debug_info    0x00006450     0x3770 ./SDK/platform/drivers/src/edma/edma_driver.o
 .debug_info    0x00009bc0      0x958 ./SDK/platform/drivers/src/edma/edma_hw_access.o
 .debug_info    0x0000a518      0x6da ./SDK/platform/drivers/src/edma/edma_irq.o
 .debug_info    0x0000abf2     0x2c32 ./SDK/platform/drivers/src/ftm/ftm_common.o
 .debug_info    0x0000d824     0x2013 ./SDK/platform/drivers/src/ftm/ftm_ic_driver.o
 .debug_info    0x0000f837      0x997 ./SDK/platform/drivers/src/interrupt/interrupt_manager.o
 .debug_info    0x000101ce     0x2d4f ./SDK/platform/drivers/src/lpuart/lpuart_driver.o
 .debug_info    0x00012f1d      0x96c ./SDK/platform/drivers/src/lpuart/lpuart_hw_access.o
 .debug_info    0x00013889      0x127 ./SDK/platform/drivers/src/lpuart/lpuart_irq.o
 .debug_info    0x000139b0     0x13cb ./SDK/platform/drivers/src/pins/pins_driver.o
 .debug_info    0x00014d7b      0x8a8 ./SDK/platform/drivers/src/pins/pins_port_hw_access.o
 .debug_info    0x00015623      0xac5 ./SDK/rtos/osif/osif_baremetal.o
 .debug_info    0x000160e8     0x12b7 ./board/clock_config.o
 .debug_info    0x0001739f      0x5cd ./board/peripherals_lpuart_LPUART_1.o
 .debug_info    0x0001796c      0x409 ./board/pin_mux.o
 .debug_info    0x00017d75     0x304c ./src/driver/srf05/srf05.o
 .debug_info    0x0001adc1     0x2f4e ./src/driver/uart/uart.o
 .debug_info    0x0001dd0f     0x311d ./src/main.o

.debug_abbrev   0x00000000     0x2eb7
 .debug_abbrev  0x00000000       0x14 ./Project_Settings/Startup_Code/startup_S32K144.o
 .debug_abbrev  0x00000014      0x141 ./SDK/platform/devices/S32K144/startup/system_S32K144.o
 .debug_abbrev  0x00000155       0xe1 ./SDK/platform/devices/startup.o
 .debug_abbrev  0x00000236      0x3ed ./SDK/platform/drivers/src/clock/S32K1xx/clock_S32K1xx.o
 .debug_abbrev  0x00000623      0x423 ./SDK/platform/drivers/src/edma/edma_driver.o
 .debug_abbrev  0x00000a46      0x206 ./SDK/platform/drivers/src/edma/edma_hw_access.o
 .debug_abbrev  0x00000c4c      0x1b9 ./SDK/platform/drivers/src/edma/edma_irq.o
 .debug_abbrev  0x00000e05      0x363 ./SDK/platform/drivers/src/ftm/ftm_common.o
 .debug_abbrev  0x00001168      0x375 ./SDK/platform/drivers/src/ftm/ftm_ic_driver.o
 .debug_abbrev  0x000014dd      0x1f5 ./SDK/platform/drivers/src/interrupt/interrupt_manager.o
 .debug_abbrev  0x000016d2      0x3a5 ./SDK/platform/drivers/src/lpuart/lpuart_driver.o
 .debug_abbrev  0x00001a77      0x1d1 ./SDK/platform/drivers/src/lpuart/lpuart_hw_access.o
 .debug_abbrev  0x00001c48       0xba ./SDK/platform/drivers/src/lpuart/lpuart_irq.o
 .debug_abbrev  0x00001d02      0x2dc ./SDK/platform/drivers/src/pins/pins_driver.o
 .debug_abbrev  0x00001fde      0x1f6 ./SDK/platform/drivers/src/pins/pins_port_hw_access.o
 .debug_abbrev  0x000021d4      0x2c7 ./SDK/rtos/osif/osif_baremetal.o
 .debug_abbrev  0x0000249b      0x125 ./board/clock_config.o
 .debug_abbrev  0x000025c0       0xbf ./board/peripherals_lpuart_LPUART_1.o
 .debug_abbrev  0x0000267f       0xcd ./board/pin_mux.o
 .debug_abbrev  0x0000274c      0x28d ./src/driver/srf05/srf05.o
 .debug_abbrev  0x000029d9      0x244 ./src/driver/uart/uart.o
 .debug_abbrev  0x00002c1d      0x29a ./src/main.o

.debug_aranges  0x00000000      0xa10
 .debug_aranges
                0x00000000       0x20 ./Project_Settings/Startup_Code/startup_S32K144.o
 .debug_aranges
                0x00000020       0x30 ./SDK/platform/devices/S32K144/startup/system_S32K144.o
 .debug_aranges
                0x00000050       0x20 ./SDK/platform/devices/startup.o
 .debug_aranges
                0x00000070      0x128 ./SDK/platform/drivers/src/clock/S32K1xx/clock_S32K1xx.o
 .debug_aranges
                0x00000198      0x138 ./SDK/platform/drivers/src/edma/edma_driver.o
 .debug_aranges
                0x000002d0       0x88 ./SDK/platform/drivers/src/edma/edma_hw_access.o
 .debug_aranges
                0x00000358       0xa0 ./SDK/platform/drivers/src/edma/edma_irq.o
 .debug_aranges
                0x000003f8       0xc8 ./SDK/platform/drivers/src/ftm/ftm_common.o
 .debug_aranges
                0x000004c0       0xc8 ./SDK/platform/drivers/src/ftm/ftm_ic_driver.o
 .debug_aranges
                0x00000588       0x70 ./SDK/platform/drivers/src/interrupt/interrupt_manager.o
 .debug_aranges
                0x000005f8      0x118 ./SDK/platform/drivers/src/lpuart/lpuart_driver.o
 .debug_aranges
                0x00000710       0x78 ./SDK/platform/drivers/src/lpuart/lpuart_hw_access.o
 .debug_aranges
                0x00000788       0x30 ./SDK/platform/drivers/src/lpuart/lpuart_irq.o
 .debug_aranges
                0x000007b8       0xe0 ./SDK/platform/drivers/src/pins/pins_driver.o
 .debug_aranges
                0x00000898       0x40 ./SDK/platform/drivers/src/pins/pins_port_hw_access.o
 .debug_aranges
                0x000008d8       0x70 ./SDK/rtos/osif/osif_baremetal.o
 .debug_aranges
                0x00000948       0x18 ./board/clock_config.o
 .debug_aranges
                0x00000960       0x18 ./board/peripherals_lpuart_LPUART_1.o
 .debug_aranges
                0x00000978       0x18 ./board/pin_mux.o
 .debug_aranges
                0x00000990       0x38 ./src/driver/srf05/srf05.o
 .debug_aranges
                0x000009c8       0x20 ./src/driver/uart/uart.o
 .debug_aranges
                0x000009e8       0x28 ./src/main.o

.debug_str      0x00000000    0x76747
 .debug_str     0x00000000       0x9b ./Project_Settings/Startup_Code/startup_S32K144.o
 .debug_str     0x0000009b    0x68810 ./SDK/platform/devices/S32K144/startup/system_S32K144.o
                              0x6899b (size before relaxing)
 .debug_str     0x000688ab      0x38f ./SDK/platform/devices/startup.o
                              0x68b0d (size before relaxing)
 .debug_str     0x00068c3a     0x40ed ./SDK/platform/drivers/src/clock/S32K1xx/clock_S32K1xx.o
                              0x6cc17 (size before relaxing)
 .debug_str     0x0006cd27     0x1ee8 ./SDK/platform/drivers/src/edma/edma_driver.o
                              0x6b46e (size before relaxing)
 .debug_str     0x0006ec0f       0x6e ./SDK/platform/drivers/src/edma/edma_hw_access.o
                              0x69062 (size before relaxing)
 .debug_str     0x0006ec7d      0x18a ./SDK/platform/drivers/src/edma/edma_irq.o
                              0x68d77 (size before relaxing)
 .debug_str     0x0006ee07     0x19d1 ./SDK/platform/drivers/src/ftm/ftm_common.o
                              0x6b97b (size before relaxing)
 .debug_str     0x000707d8      0x72b ./SDK/platform/drivers/src/ftm/ftm_ic_driver.o
                              0x6ae67 (size before relaxing)
 .debug_str     0x00070f03      0x1a8 ./SDK/platform/drivers/src/interrupt/interrupt_manager.o
                              0x69278 (size before relaxing)
 .debug_str     0x000710ab      0xef6 ./SDK/platform/drivers/src/lpuart/lpuart_driver.o
                              0x6b046 (size before relaxing)
 .debug_str     0x00071fa1       0xec ./SDK/platform/drivers/src/lpuart/lpuart_hw_access.o
                              0x69a11 (size before relaxing)
 .debug_str     0x0007208d       0x91 ./SDK/platform/drivers/src/lpuart/lpuart_irq.o
                              0x68786 (size before relaxing)
 .debug_str     0x0007211e      0x9cc ./SDK/platform/drivers/src/pins/pins_driver.o
                              0x69c5f (size before relaxing)
 .debug_str     0x00072aea      0x1c5 ./SDK/platform/drivers/src/pins/pins_port_hw_access.o
                              0x69147 (size before relaxing)
 .debug_str     0x00072caf      0x1df ./SDK/rtos/osif/osif_baremetal.o
                              0x69ace (size before relaxing)
 .debug_str     0x00072e8e       0xda ./board/clock_config.o
                              0x6aa38 (size before relaxing)
 .debug_str     0x00072f68       0x70 ./board/peripherals_lpuart_LPUART_1.o
                              0x6969d (size before relaxing)
 .debug_str     0x00072fd8       0x53 ./board/pin_mux.o
                              0x68e05 (size before relaxing)
 .debug_str     0x0007302b     0x3685 ./src/driver/srf05/srf05.o
                              0x704d9 (size before relaxing)
 .debug_str     0x000766b0       0x40 ./src/driver/uart/uart.o
                              0x7045b (size before relaxing)
 .debug_str     0x000766f0       0x57 ./src/main.o
                              0x70553 (size before relaxing)

.debug_loc      0x00000000     0xe93d
 .debug_loc     0x00000000      0x10a ./SDK/platform/devices/S32K144/startup/system_S32K144.o
 .debug_loc     0x0000010a       0xec ./SDK/platform/devices/startup.o
 .debug_loc     0x000001f6     0x4df7 ./SDK/platform/drivers/src/clock/S32K1xx/clock_S32K1xx.o
 .debug_loc     0x00004fed     0x28d9 ./SDK/platform/drivers/src/edma/edma_driver.o
 .debug_loc     0x000078c6      0x6fa ./SDK/platform/drivers/src/edma/edma_hw_access.o
 .debug_loc     0x00007fc0       0x50 ./SDK/platform/drivers/src/edma/edma_irq.o
 .debug_loc     0x00008010     0x1b47 ./SDK/platform/drivers/src/ftm/ftm_common.o
 .debug_loc     0x00009b57     0x1492 ./SDK/platform/drivers/src/ftm/ftm_ic_driver.o
 .debug_loc     0x0000afe9      0x252 ./SDK/platform/drivers/src/interrupt/interrupt_manager.o
 .debug_loc     0x0000b23b     0x1f27 ./SDK/platform/drivers/src/lpuart/lpuart_driver.o
 .debug_loc     0x0000d162      0x738 ./SDK/platform/drivers/src/lpuart/lpuart_hw_access.o
 .debug_loc     0x0000d89a      0x77f ./SDK/platform/drivers/src/pins/pins_driver.o
 .debug_loc     0x0000e019      0x56a ./SDK/platform/drivers/src/pins/pins_port_hw_access.o
 .debug_loc     0x0000e583      0x275 ./SDK/rtos/osif/osif_baremetal.o
 .debug_loc     0x0000e7f8       0xe0 ./src/driver/srf05/srf05.o
 .debug_loc     0x0000e8d8       0x1e ./src/driver/uart/uart.o
 .debug_loc     0x0000e8f6       0x47 ./src/main.o

.debug_ranges   0x00000000      0xda0
 .debug_ranges  0x00000000       0x20 ./SDK/platform/devices/S32K144/startup/system_S32K144.o
 .debug_ranges  0x00000020       0x10 ./SDK/platform/devices/startup.o
 .debug_ranges  0x00000030      0x3f0 ./SDK/platform/drivers/src/clock/S32K1xx/clock_S32K1xx.o
 .debug_ranges  0x00000420      0x158 ./SDK/platform/drivers/src/edma/edma_driver.o
 .debug_ranges  0x00000578       0x90 ./SDK/platform/drivers/src/edma/edma_hw_access.o
 .debug_ranges  0x00000608       0x90 ./SDK/platform/drivers/src/edma/edma_irq.o
 .debug_ranges  0x00000698      0x148 ./SDK/platform/drivers/src/ftm/ftm_common.o
 .debug_ranges  0x000007e0      0x188 ./SDK/platform/drivers/src/ftm/ftm_ic_driver.o
 .debug_ranges  0x00000968       0x98 ./SDK/platform/drivers/src/interrupt/interrupt_manager.o
 .debug_ranges  0x00000a00      0x138 ./SDK/platform/drivers/src/lpuart/lpuart_driver.o
 .debug_ranges  0x00000b38       0x68 ./SDK/platform/drivers/src/lpuart/lpuart_hw_access.o
 .debug_ranges  0x00000ba0       0x20 ./SDK/platform/drivers/src/lpuart/lpuart_irq.o
 .debug_ranges  0x00000bc0       0xd0 ./SDK/platform/drivers/src/pins/pins_driver.o
 .debug_ranges  0x00000c90       0x30 ./SDK/platform/drivers/src/pins/pins_port_hw_access.o
 .debug_ranges  0x00000cc0       0x90 ./SDK/rtos/osif/osif_baremetal.o
 .debug_ranges  0x00000d50       0x28 ./src/driver/srf05/srf05.o
 .debug_ranges  0x00000d78       0x10 ./src/driver/uart/uart.o
 .debug_ranges  0x00000d88       0x18 ./src/main.o

.debug_macro    0x00000000    0x21b19
 .debug_macro   0x00000000       0xb6 ./SDK/platform/devices/S32K144/startup/system_S32K144.o
 .debug_macro   0x000000b6      0x8ce ./SDK/platform/devices/S32K144/startup/system_S32K144.o
 .debug_macro   0x00000984       0x10 ./SDK/platform/devices/S32K144/startup/system_S32K144.o
 .debug_macro   0x00000994       0x71 ./SDK/platform/devices/S32K144/startup/system_S32K144.o
 .debug_macro   0x00000a05       0x19 ./SDK/platform/devices/S32K144/startup/system_S32K144.o
 .debug_macro   0x00000a1e       0x22 ./SDK/platform/devices/S32K144/startup/system_S32K144.o
 .debug_macro   0x00000a40       0x56 ./SDK/platform/devices/S32K144/startup/system_S32K144.o
 .debug_macro   0x00000a96       0x51 ./SDK/platform/devices/S32K144/startup/system_S32K144.o
 .debug_macro   0x00000ae7       0xef ./SDK/platform/devices/S32K144/startup/system_S32K144.o
 .debug_macro   0x00000bd6       0x6a ./SDK/platform/devices/S32K144/startup/system_S32K144.o
 .debug_macro   0x00000c40      0x1df ./SDK/platform/devices/S32K144/startup/system_S32K144.o
 .debug_macro   0x00000e1f     0xed1d ./SDK/platform/devices/S32K144/startup/system_S32K144.o
 .debug_macro   0x0000fb3c      0xbbd ./SDK/platform/devices/S32K144/startup/system_S32K144.o
 .debug_macro   0x000106f9       0x22 ./SDK/platform/devices/S32K144/startup/system_S32K144.o
 .debug_macro   0x0001071b       0x28 ./SDK/platform/devices/S32K144/startup/system_S32K144.o
 .debug_macro   0x00010743       0xb6 ./SDK/platform/devices/startup.o
 .debug_macro   0x000107f9     0xed32 ./SDK/platform/devices/startup.o
 .debug_macro   0x0001f52b       0x40 ./SDK/platform/devices/startup.o
 .debug_macro   0x0001f56b      0x2b0 ./SDK/platform/drivers/src/clock/S32K1xx/clock_S32K1xx.o
 .debug_macro   0x0001f81b      0x16d ./SDK/platform/drivers/src/clock/S32K1xx/clock_S32K1xx.o
 .debug_macro   0x0001f988       0x16 ./SDK/platform/drivers/src/clock/S32K1xx/clock_S32K1xx.o
 .debug_macro   0x0001f99e       0x8a ./SDK/platform/drivers/src/clock/S32K1xx/clock_S32K1xx.o
 .debug_macro   0x0001fa28       0xf7 ./SDK/platform/drivers/src/edma/edma_driver.o
 .debug_macro   0x0001fb1f       0x10 ./SDK/platform/drivers/src/edma/edma_driver.o
 .debug_macro   0x0001fb2f       0x16 ./SDK/platform/drivers/src/edma/edma_driver.o
 .debug_macro   0x0001fb45       0xcc ./SDK/platform/drivers/src/edma/edma_hw_access.o
 .debug_macro   0x0001fc11       0xd0 ./SDK/platform/drivers/src/edma/edma_irq.o
 .debug_macro   0x0001fce1      0x10e ./SDK/platform/drivers/src/ftm/ftm_common.o
 .debug_macro   0x0001fdef       0xbe ./SDK/platform/drivers/src/ftm/ftm_common.o
 .debug_macro   0x0001fead      0x11c ./SDK/platform/drivers/src/ftm/ftm_ic_driver.o
 .debug_macro   0x0001ffc9       0xca ./SDK/platform/drivers/src/interrupt/interrupt_manager.o
 .debug_macro   0x00020093      0x131 ./SDK/platform/drivers/src/lpuart/lpuart_driver.o
 .debug_macro   0x000201c4       0x10 ./SDK/platform/drivers/src/lpuart/lpuart_driver.o
 .debug_macro   0x000201d4       0x34 ./SDK/platform/drivers/src/lpuart/lpuart_driver.o
 .debug_macro   0x00020208      0x109 ./SDK/platform/drivers/src/lpuart/lpuart_hw_access.o
 .debug_macro   0x00020311       0xc1 ./SDK/platform/drivers/src/lpuart/lpuart_irq.o
 .debug_macro   0x000203d2       0xde ./SDK/platform/drivers/src/pins/pins_driver.o
 .debug_macro   0x000204b0       0xde ./SDK/platform/drivers/src/pins/pins_port_hw_access.o
 .debug_macro   0x0002058e       0xfb ./SDK/rtos/osif/osif_baremetal.o
 .debug_macro   0x00020689       0xd9 ./board/clock_config.o
 .debug_macro   0x00020762       0x16 ./board/clock_config.o
 .debug_macro   0x00020778      0x10a ./board/peripherals_lpuart_LPUART_1.o
 .debug_macro   0x00020882       0xda ./board/pin_mux.o
 .debug_macro   0x0002095c      0x2d2 ./src/driver/srf05/srf05.o
 .debug_macro   0x00020c2e       0x52 ./src/driver/srf05/srf05.o
 .debug_macro   0x00020c80       0x18 ./src/driver/srf05/srf05.o
 .debug_macro   0x00020c98       0x35 ./src/driver/srf05/srf05.o
 .debug_macro   0x00020ccd       0x34 ./src/driver/srf05/srf05.o
 .debug_macro   0x00020d01       0x16 ./src/driver/srf05/srf05.o
 .debug_macro   0x00020d17       0x35 ./src/driver/srf05/srf05.o
 .debug_macro   0x00020d4c      0x35c ./src/driver/srf05/srf05.o
 .debug_macro   0x000210a8       0x10 ./src/driver/srf05/srf05.o
 .debug_macro   0x000210b8       0x52 ./src/driver/srf05/srf05.o
 .debug_macro   0x0002110a       0x1f ./src/driver/srf05/srf05.o
 .debug_macro   0x00021129       0x43 ./src/driver/srf05/srf05.o
 .debug_macro   0x0002116c       0x20 ./src/driver/srf05/srf05.o
 .debug_macro   0x0002118c      0x18e ./src/driver/srf05/srf05.o
 .debug_macro   0x0002131a       0x10 ./src/driver/srf05/srf05.o
 .debug_macro   0x0002132a       0xb6 ./src/driver/srf05/srf05.o
 .debug_macro   0x000213e0       0x16 ./src/driver/srf05/srf05.o
 .debug_macro   0x000213f6      0x129 ./src/driver/srf05/srf05.o
 .debug_macro   0x0002151f      0x2d1 ./src/driver/uart/uart.o
 .debug_macro   0x000217f0       0x16 ./src/driver/uart/uart.o
 .debug_macro   0x00021806      0x313 ./src/main.o

.comment        0x00000000       0x7e
 .comment       0x00000000       0x7e ./SDK/platform/devices/S32K144/startup/system_S32K144.o
                                 0x7f (size before relaxing)
 .comment       0x0000007e       0x7f ./SDK/platform/devices/startup.o
 .comment       0x0000007e       0x7f ./SDK/platform/drivers/src/clock/S32K1xx/clock_S32K1xx.o
 .comment       0x0000007e       0x7f ./SDK/platform/drivers/src/edma/edma_driver.o
 .comment       0x0000007e       0x7f ./SDK/platform/drivers/src/edma/edma_hw_access.o
 .comment       0x0000007e       0x7f ./SDK/platform/drivers/src/edma/edma_irq.o
 .comment       0x0000007e       0x7f ./SDK/platform/drivers/src/ftm/ftm_common.o
 .comment       0x0000007e       0x7f ./SDK/platform/drivers/src/ftm/ftm_ic_driver.o
 .comment       0x0000007e       0x7f ./SDK/platform/drivers/src/interrupt/interrupt_manager.o
 .comment       0x0000007e       0x7f ./SDK/platform/drivers/src/lpuart/lpuart_driver.o
 .comment       0x0000007e       0x7f ./SDK/platform/drivers/src/lpuart/lpuart_hw_access.o
 .comment       0x0000007e       0x7f ./SDK/platform/drivers/src/lpuart/lpuart_irq.o
 .comment       0x0000007e       0x7f ./SDK/platform/drivers/src/pins/pins_driver.o
 .comment       0x0000007e       0x7f ./SDK/platform/drivers/src/pins/pins_port_hw_access.o
 .comment       0x0000007e       0x7f ./SDK/rtos/osif/osif_baremetal.o
 .comment       0x0000007e       0x7f ./board/clock_config.o
 .comment       0x0000007e       0x7f ./board/peripherals_lpuart_LPUART_1.o
 .comment       0x0000007e       0x7f ./board/pin_mux.o
 .comment       0x0000007e       0x7f ./src/driver/srf05/srf05.o
 .comment       0x0000007e       0x7f ./src/driver/uart/uart.o
 .comment       0x0000007e       0x7f ./src/main.o

.debug_frame    0x00000000     0x23cc
 .debug_frame   0x00000000       0x40 ./SDK/platform/devices/S32K144/startup/system_S32K144.o
 .debug_frame   0x00000040       0x2c ./SDK/platform/devices/startup.o
 .debug_frame   0x0000006c      0x398 ./SDK/platform/drivers/src/clock/S32K1xx/clock_S32K1xx.o
 .debug_frame   0x00000404      0x388 ./SDK/platform/drivers/src/edma/edma_driver.o
 .debug_frame   0x0000078c      0x144 ./SDK/platform/drivers/src/edma/edma_hw_access.o
 .debug_frame   0x000008d0      0x1ac ./SDK/platform/drivers/src/edma/edma_irq.o
 .debug_frame   0x00000a7c      0x1f8 ./SDK/platform/drivers/src/ftm/ftm_common.o
 .debug_frame   0x00000c74      0x25c ./SDK/platform/drivers/src/ftm/ftm_ic_driver.o
 .debug_frame   0x00000ed0       0xd8 ./SDK/platform/drivers/src/interrupt/interrupt_manager.o
 .debug_frame   0x00000fa8      0x398 ./SDK/platform/drivers/src/lpuart/lpuart_driver.o
 .debug_frame   0x00001340       0xf4 ./SDK/platform/drivers/src/lpuart/lpuart_hw_access.o
 .debug_frame   0x00001434       0x58 ./SDK/platform/drivers/src/lpuart/lpuart_irq.o
 .debug_frame   0x0000148c      0x1e4 ./SDK/platform/drivers/src/pins/pins_driver.o
 .debug_frame   0x00001670       0x98 ./SDK/platform/drivers/src/pins/pins_port_hw_access.o
 .debug_frame   0x00001708       0xf8 ./SDK/rtos/osif/osif_baremetal.o
 .debug_frame   0x00001800       0x84 ./src/driver/srf05/srf05.o
 .debug_frame   0x00001884       0x28 ./src/driver/uart/uart.o
 .debug_frame   0x000018ac       0x48 ./src/main.o
 .debug_frame   0x000018f4       0xac d:/s32/s32ds/build_tools/gcc_b1620/gcc-6.3-arm32-eabi/bin/../lib/gcc/arm-none-eabi/6.3.1/thumb/v7e-m\libgcc.a(_arm_addsubdf3.o)
 .debug_frame   0x000019a0       0x4c d:/s32/s32ds/build_tools/gcc_b1620/gcc-6.3-arm32-eabi/bin/../lib/gcc/arm-none-eabi/6.3.1/thumb/v7e-m\libgcc.a(_arm_addsubsf3.o)
 .debug_frame   0x000019ec       0x38 d:/s32/s32ds/build_tools/gcc_b1620/gcc-6.3-arm32-eabi/bin/../lib/gcc/arm-none-eabi/6.3.1/thumb/v7e-m\libgcc.a(_arm_muldivsf3.o)
 .debug_frame   0x00001a24       0xc8 d:/s32/s32ds/build_tools/gcc_b1620/gcc-6.3-arm32-eabi/bin/../lib/gcc/arm-none-eabi/6.3.1/thumb/v7e-m\libgcc.a(_arm_cmpsf2.o)
 .debug_frame   0x00001aec       0x2c d:/s32/s32ds/build_tools/gcc_b1620/gcc-6.3-arm32-eabi/bin/../lib/gcc/arm-none-eabi/6.3.1/thumb/v7e-m\libgcc.a(_aeabi_uldivmod.o)
 .debug_frame   0x00001b18       0x34 d:/s32/s32ds/build_tools/gcc_b1620/gcc-6.3-arm32-eabi/bin/../lib/gcc/arm-none-eabi/6.3.1/thumb/v7e-m\libgcc.a(_udivmoddi4.o)
 .debug_frame   0x00001b4c       0x20 D:/S32/S32DS/build_tools/gcc_b1620/gcc-6.3-arm32-eabi/arm-none-eabi/newlib/lib/thumb/v7e-m\libc.a(lib_a-memset.o)
 .debug_frame   0x00001b6c       0x70 D:/S32/S32DS/build_tools/gcc_b1620/gcc-6.3-arm32-eabi/arm-none-eabi/newlib/lib/thumb/v7e-m\libc.a(lib_a-sprintf.o)
 .debug_frame   0x00001bdc       0x40 D:/S32/S32DS/build_tools/gcc_b1620/gcc-6.3-arm32-eabi/arm-none-eabi/newlib/lib/thumb/v7e-m\libc.a(lib_a-svfprintf.o)
 .debug_frame   0x00001c1c       0x6c D:/S32/S32DS/build_tools/gcc_b1620/gcc-6.3-arm32-eabi/arm-none-eabi/newlib/lib/thumb/v7e-m\libc.a(lib_a-dtoa.o)
 .debug_frame   0x00001c88       0x40 D:/S32/S32DS/build_tools/gcc_b1620/gcc-6.3-arm32-eabi/arm-none-eabi/newlib/lib/thumb/v7e-m\libc.a(lib_a-localeconv.o)
 .debug_frame   0x00001cc8       0x48 D:/S32/S32DS/build_tools/gcc_b1620/gcc-6.3-arm32-eabi/arm-none-eabi/newlib/lib/thumb/v7e-m\libc.a(lib_a-locale.o)
 .debug_frame   0x00001d10       0x40 D:/S32/S32DS/build_tools/gcc_b1620/gcc-6.3-arm32-eabi/arm-none-eabi/newlib/lib/thumb/v7e-m\libc.a(lib_a-mallocr.o)
 .debug_frame   0x00001d50       0x48 D:/S32/S32DS/build_tools/gcc_b1620/gcc-6.3-arm32-eabi/arm-none-eabi/newlib/lib/thumb/v7e-m\libc.a(lib_a-mbtowc_r.o)
 .debug_frame   0x00001d98       0x28 D:/S32/S32DS/build_tools/gcc_b1620/gcc-6.3-arm32-eabi/arm-none-eabi/newlib/lib/thumb/v7e-m\libc.a(lib_a-memcpy-stub.o)
 .debug_frame   0x00001dc0       0x30 D:/S32/S32DS/build_tools/gcc_b1620/gcc-6.3-arm32-eabi/arm-none-eabi/newlib/lib/thumb/v7e-m\libc.a(lib_a-mlock.o)
 .debug_frame   0x00001df0      0x238 D:/S32/S32DS/build_tools/gcc_b1620/gcc-6.3-arm32-eabi/arm-none-eabi/newlib/lib/thumb/v7e-m\libc.a(lib_a-mprec.o)
 .debug_frame   0x00002028       0x2c D:/S32/S32DS/build_tools/gcc_b1620/gcc-6.3-arm32-eabi/arm-none-eabi/newlib/lib/thumb/v7e-m\libc.a(lib_a-sbrkr.o)
 .debug_frame   0x00002054       0x6c D:/S32/S32DS/build_tools/gcc_b1620/gcc-6.3-arm32-eabi/arm-none-eabi/newlib/lib/thumb/v7e-m\libc.a(lib_a-svfiprintf.o)
 .debug_frame   0x000020c0       0x3c D:/S32/S32DS/build_tools/gcc_b1620/gcc-6.3-arm32-eabi/arm-none-eabi/newlib/lib/thumb/v7e-m\libc.a(lib_a-wctomb_r.o)
 .debug_frame   0x000020fc       0x28 D:/S32/S32DS/build_tools/gcc_b1620/gcc-6.3-arm32-eabi/arm-none-eabi/newlib/lib/thumb/v7e-m\libc.a(lib_a-callocr.o)
 .debug_frame   0x00002124       0x5c D:/S32/S32DS/build_tools/gcc_b1620/gcc-6.3-arm32-eabi/arm-none-eabi/newlib/lib/thumb/v7e-m\libc.a(lib_a-freer.o)
 .debug_frame   0x00002180       0x28 D:/S32/S32DS/build_tools/gcc_b1620/gcc-6.3-arm32-eabi/arm-none-eabi/newlib/lib/thumb/v7e-m\libc.a(lib_a-memmove.o)
 .debug_frame   0x000021a8       0x50 D:/S32/S32DS/build_tools/gcc_b1620/gcc-6.3-arm32-eabi/arm-none-eabi/newlib/lib/thumb/v7e-m\libc.a(lib_a-reallocr.o)
 .debug_frame   0x000021f8       0x5c D:/S32/S32DS/build_tools/gcc_b1620/gcc-6.3-arm32-eabi/arm-none-eabi/newlib/lib/thumb/v7e-m\libc.a(lib_a-reent.o)
 .debug_frame   0x00002254       0x50 d:/s32/s32ds/build_tools/gcc_b1620/gcc-6.3-arm32-eabi/bin/../lib/gcc/arm-none-eabi/6.3.1/thumb/v7e-m\libgcc.a(_arm_muldivdf3.o)
 .debug_frame   0x000022a4       0xc4 d:/s32/s32ds/build_tools/gcc_b1620/gcc-6.3-arm32-eabi/bin/../lib/gcc/arm-none-eabi/6.3.1/thumb/v7e-m\libgcc.a(_arm_cmpdf2.o)
 .debug_frame   0x00002368       0x20 d:/s32/s32ds/build_tools/gcc_b1620/gcc-6.3-arm32-eabi/bin/../lib/gcc/arm-none-eabi/6.3.1/thumb/v7e-m\libgcc.a(_arm_unorddf2.o)
 .debug_frame   0x00002388       0x24 d:/s32/s32ds/build_tools/gcc_b1620/gcc-6.3-arm32-eabi/bin/../lib/gcc/arm-none-eabi/6.3.1/thumb/v7e-m\libgcc.a(_arm_fixdfsi.o)
 .debug_frame   0x000023ac       0x20 D:/S32/S32DS/build_tools/gcc_b1620/gcc-6.3-arm32-eabi/arm-none-eabi/newlib/lib/thumb/v7e-m\libnosys.a(sbrk.o)
