Archive member included to satisfy reference by file (symbol)

d:/s32/s32ds/build_tools/gcc_b1620/gcc-6.3-arm32-eabi/bin/../lib/gcc/arm-none-eabi/6.3.1/thumb/v7e-m\libgcc.a(_arm_addsubdf3.o)
                              ./src/main.o (__aeabi_f2d)
d:/s32/s32ds/build_tools/gcc_b1620/gcc-6.3-arm32-eabi/bin/../lib/gcc/arm-none-eabi/6.3.1/thumb/v7e-m\libgcc.a(_arm_addsubsf3.o)
                              ./src/driver/srf05/srf05.o (__aeabi_ui2f)
d:/s32/s32ds/build_tools/gcc_b1620/gcc-6.3-arm32-eabi/bin/../lib/gcc/arm-none-eabi/6.3.1/thumb/v7e-m\libgcc.a(_arm_muldivsf3.o)
                              ./src/driver/srf05/srf05.o (__aeabi_fdiv)
d:/s32/s32ds/build_tools/gcc_b1620/gcc-6.3-arm32-eabi/bin/../lib/gcc/arm-none-eabi/6.3.1/thumb/v7e-m\libgcc.a(_arm_cmpsf2.o)
                              ./src/main.o (__aeabi_fcmplt)
d:/s32/s32ds/build_tools/gcc_b1620/gcc-6.3-arm32-eabi/bin/../lib/gcc/arm-none-eabi/6.3.1/thumb/v7e-m\libgcc.a(_aeabi_uldivmod.o)
                              ./SDK/platform/drivers/src/lpit/lpit_driver.o (__aeabi_uldivmod)
d:/s32/s32ds/build_tools/gcc_b1620/gcc-6.3-arm32-eabi/bin/../lib/gcc/arm-none-eabi/6.3.1/thumb/v7e-m\libgcc.a(_udivmoddi4.o)
                              d:/s32/s32ds/build_tools/gcc_b1620/gcc-6.3-arm32-eabi/bin/../lib/gcc/arm-none-eabi/6.3.1/thumb/v7e-m\libgcc.a(_aeabi_uldivmod.o) (__udivmoddi4)
d:/s32/s32ds/build_tools/gcc_b1620/gcc-6.3-arm32-eabi/bin/../lib/gcc/arm-none-eabi/6.3.1/thumb/v7e-m\libgcc.a(_dvmd_tls.o)
                              d:/s32/s32ds/build_tools/gcc_b1620/gcc-6.3-arm32-eabi/bin/../lib/gcc/arm-none-eabi/6.3.1/thumb/v7e-m\libgcc.a(_aeabi_uldivmod.o) (__aeabi_ldiv0)
D:/S32/S32DS/build_tools/gcc_b1620/gcc-6.3-arm32-eabi/arm-none-eabi/newlib/lib/thumb/v7e-m\libc.a(lib_a-exit.o)
                              D:/S32/S32DS/build_tools/gcc_b1620/gcc-6.3-arm32-eabi/arm-none-eabi/newlib/lib/thumb/v7e-m/crt0.o (exit)
D:/S32/S32DS/build_tools/gcc_b1620/gcc-6.3-arm32-eabi/arm-none-eabi/newlib/lib/thumb/v7e-m\libc.a(lib_a-impure.o)
                              D:/S32/S32DS/build_tools/gcc_b1620/gcc-6.3-arm32-eabi/arm-none-eabi/newlib/lib/thumb/v7e-m\libc.a(lib_a-exit.o) (_global_impure_ptr)
D:/S32/S32DS/build_tools/gcc_b1620/gcc-6.3-arm32-eabi/arm-none-eabi/newlib/lib/thumb/v7e-m\libc.a(lib_a-init.o)
                              D:/S32/S32DS/build_tools/gcc_b1620/gcc-6.3-arm32-eabi/arm-none-eabi/newlib/lib/thumb/v7e-m/crt0.o (__libc_init_array)
D:/S32/S32DS/build_tools/gcc_b1620/gcc-6.3-arm32-eabi/arm-none-eabi/newlib/lib/thumb/v7e-m\libc.a(lib_a-memset.o)
                              D:/S32/S32DS/build_tools/gcc_b1620/gcc-6.3-arm32-eabi/arm-none-eabi/newlib/lib/thumb/v7e-m/crt0.o (memset)
D:/S32/S32DS/build_tools/gcc_b1620/gcc-6.3-arm32-eabi/arm-none-eabi/newlib/lib/thumb/v7e-m\libc.a(lib_a-sprintf.o)
                              ./src/main.o (sprintf)
D:/S32/S32DS/build_tools/gcc_b1620/gcc-6.3-arm32-eabi/arm-none-eabi/newlib/lib/thumb/v7e-m\libc.a(lib_a-strlen.o)
                              ./src/driver/uart/uart.o (strlen)
D:/S32/S32DS/build_tools/gcc_b1620/gcc-6.3-arm32-eabi/arm-none-eabi/newlib/lib/thumb/v7e-m\libc.a(lib_a-svfprintf.o)
                              D:/S32/S32DS/build_tools/gcc_b1620/gcc-6.3-arm32-eabi/arm-none-eabi/newlib/lib/thumb/v7e-m\libc.a(lib_a-sprintf.o) (_svfprintf_r)
D:/S32/S32DS/build_tools/gcc_b1620/gcc-6.3-arm32-eabi/arm-none-eabi/newlib/lib/thumb/v7e-m\libc.a(lib_a-__call_atexit.o)
                              D:/S32/S32DS/build_tools/gcc_b1620/gcc-6.3-arm32-eabi/arm-none-eabi/newlib/lib/thumb/v7e-m\libc.a(lib_a-exit.o) (__call_exitprocs)
D:/S32/S32DS/build_tools/gcc_b1620/gcc-6.3-arm32-eabi/arm-none-eabi/newlib/lib/thumb/v7e-m\libc.a(lib_a-dtoa.o)
                              D:/S32/S32DS/build_tools/gcc_b1620/gcc-6.3-arm32-eabi/arm-none-eabi/newlib/lib/thumb/v7e-m\libc.a(lib_a-svfprintf.o) (_dtoa_r)
D:/S32/S32DS/build_tools/gcc_b1620/gcc-6.3-arm32-eabi/arm-none-eabi/newlib/lib/thumb/v7e-m\libc.a(lib_a-fini.o)
                              D:/S32/S32DS/build_tools/gcc_b1620/gcc-6.3-arm32-eabi/arm-none-eabi/newlib/lib/thumb/v7e-m\libc.a(lib_a-__call_atexit.o) (__libc_fini_array)
D:/S32/S32DS/build_tools/gcc_b1620/gcc-6.3-arm32-eabi/arm-none-eabi/newlib/lib/thumb/v7e-m\libc.a(lib_a-localeconv.o)
                              D:/S32/S32DS/build_tools/gcc_b1620/gcc-6.3-arm32-eabi/arm-none-eabi/newlib/lib/thumb/v7e-m\libc.a(lib_a-svfprintf.o) (_localeconv_r)
D:/S32/S32DS/build_tools/gcc_b1620/gcc-6.3-arm32-eabi/arm-none-eabi/newlib/lib/thumb/v7e-m\libc.a(lib_a-locale.o)
                              D:/S32/S32DS/build_tools/gcc_b1620/gcc-6.3-arm32-eabi/arm-none-eabi/newlib/lib/thumb/v7e-m\libc.a(lib_a-localeconv.o) (__global_locale)
D:/S32/S32DS/build_tools/gcc_b1620/gcc-6.3-arm32-eabi/arm-none-eabi/newlib/lib/thumb/v7e-m\libc.a(lib_a-mallocr.o)
                              D:/S32/S32DS/build_tools/gcc_b1620/gcc-6.3-arm32-eabi/arm-none-eabi/newlib/lib/thumb/v7e-m\libc.a(lib_a-svfprintf.o) (_malloc_r)
[...]
Memory Configuration

Name             Origin             Length             Attributes
m_interrupts     0x00000000         0x00000400         xr
m_flash_config   0x00000400         0x00000010         xr
m_text           0x00000410         0x0007fbf0         xr
m_data           0x1fff8000         0x00008000         rw
m_data_2         0x20000000         0x00007000         rw
*default*        0x00000000         0xffffffff

Linker script and memory map

LOAD d:/s32/s32ds/build_tools/gcc_b1620/gcc-6.3-arm32-eabi/bin/../lib/gcc/arm-none-eabi/6.3.1/thumb/v7e-m/crti.o
LOAD d:/s32/s32ds/build_tools/gcc_b1620/gcc-6.3-arm32-eabi/bin/../lib/gcc/arm-none-eabi/6.3.1/thumb/v7e-m/crtbegin.o
LOAD D:/S32/S32DS/build_tools/gcc_b1620/gcc-6.3-arm32-eabi/arm-none-eabi/newlib/lib/thumb/v7e-m/crt0.o
LOAD ./Project_Settings/Startup_Code/startup_S32K144.o
LOAD ./SDK/platform/devices/S32K144/startup/system_S32K144.o
LOAD ./SDK/platform/devices/startup.o
LOAD ./SDK/platform/drivers/src/clock/S32K1xx/clock_S32K1xx.o
LOAD ./SDK/platform/drivers/src/edma/edma_driver.o
LOAD ./SDK/platform/drivers/src/edma/edma_hw_access.o
LOAD ./SDK/platform/drivers/src/edma/edma_irq.o
LOAD ./SDK/platform/drivers/src/ftm/ftm_common.o
LOAD ./SDK/platform/drivers/src/ftm/ftm_hw_access.o
LOAD ./SDK/platform/drivers/src/ftm/ftm_ic_driver.o
LOAD ./SDK/platform/drivers/src/interrupt/interrupt_manager.o
LOAD ./SDK/platform/drivers/src/lpit/lpit_driver.o
LOAD ./SDK/platform/drivers/src/lpuart/lpuart_driver.o
LOAD ./SDK/platform/drivers/src/lpuart/lpuart_hw_access.o
LOAD ./SDK/platform/drivers/src/lpuart/lpuart_irq.o
LOAD ./SDK/platform/drivers/src/pins/pins_driver.o
LOAD ./SDK/platform/drivers/src/pins/pins_port_hw_access.o
LOAD ./SDK/rtos/osif/osif_baremetal.o
LOAD ./board/clock_config.o
LOAD ./board/peripherals_edma_config_EDMA.o
LOAD ./board/peripherals_flexTimer_ic_1.o
LOAD ./board/peripherals_lpit_config_1.o
LOAD ./board/peripherals_lpuart_LPUART_1.o
LOAD ./board/peripherals_osif.o
LOAD ./board/pin_mux.o
LOAD ./src/driver/pir/pir.o
LOAD ./src/driver/srf05/srf05.o
LOAD ./src/driver/uart/uart.o
LOAD ./src/main.o
START GROUP
LOAD d:/s32/s32ds/build_tools/gcc_b1620/gcc-6.3-arm32-eabi/bin/../lib/gcc/arm-none-eabi/6.3.1/thumb/v7e-m\libgcc.a
LOAD D:/S32/S32DS/build_tools/gcc_b1620/gcc-6.3-arm32-eabi/arm-none-eabi/newlib/lib/thumb/v7e-m\libc.a
END GROUP
START GROUP
LOAD d:/s32/s32ds/build_tools/gcc_b1620/gcc-6.3-arm32-eabi/bin/../lib/gcc/arm-none-eabi/6.3.1/thumb/v7e-m\libgcc.a
LOAD D:/S32/S32DS/build_tools/gcc_b1620/gcc-6.3-arm32-eabi/arm-none-eabi/newlib/lib/thumb/v7e-m\libc.a
LOAD D:/S32/S32DS/build_tools/gcc_b1620/gcc-6.3-arm32-eabi/arm-none-eabi/newlib/lib/thumb/v7e-m\libnosys.a
END GROUP
LOAD d:/s32/s32ds/build_tools/gcc_b1620/gcc-6.3-arm32-eabi/bin/../lib/gcc/arm-none-eabi/6.3.1/thumb/v7e-m/crtend.o
LOAD d:/s32/s32ds/build_tools/gcc_b1620/gcc-6.3-arm32-eabi/bin/../lib/gcc/arm-none-eabi/6.3.1/thumb/v7e-m/crtn.o
                0x00000400                HEAP_SIZE = DEFINED (__heap_size__)?__heap_size__:0x400
                0x00000400                STACK_SIZE = DEFINED (__stack_size__)?__stack_size__:0x400
                0x00000400                M_VECTOR_RAM_SIZE = DEFINED (__flash_vector_table__)?0x0:0x400

.interrupts     0x00000000      0x400
                0x00000000                __VECTOR_TABLE = .
                0x00000000                __interrupts_start__ = .
                0x00000000                . = ALIGN (0x4)
 *(.isr_vector)
 .isr_vector    0x00000000      0x400 ./Project_Settings/Startup_Code/startup_S32K144.o
                0x00000000                __isr_vector
                0x00000400                __interrupts_end__ = .
                0x00000400                . = ALIGN (0x4)

.flash_config   0x00000400       0x10
                0x00000400                . = ALIGN (0x4)
 *(.FlashConfig)
 .FlashConfig   0x00000400       0x10 ./Project_Settings/Startup_Code/startup_S32K144.o
                0x00000410                . = ALIGN (0x4)

.text           0x00000410     0x6f90
                0x00000410                . = ALIGN (0x4)
 *(.text)
 .text          0x00000410       0x6c ./Project_Settings/Startup_Code/startup_S32K144.o
                0x00000410                Reset_Handler
                0x00000478                DebugMon_Handler
                0x00000478                Reserved88_IRQHandler
                0x00000478                CAN0_ORed_IRQHandler
                0x00000478                HardFault_Handler
                0x00000478                Reserved86_IRQHandler
                0x00000478                Reserved103_IRQHandler
                0x00000478                FTM2_Ovf_Reload_IRQHandler
                0x00000478                Reserved50_IRQHandler
                0x00000478                FTFC_Fault_IRQHandler
                0x00000478                Reserved114_IRQHandler
                0x00000478                PendSV_Handler
                0x00000478                NMI_Handler
                0x00000478                Reserved89_IRQHandler
                0x00000478                ERM_double_fault_IRQHandler
                0x00000478                Reserved59_IRQHandler
                0x00000478                LPIT0_Ch0_IRQHandler
                0x00000478                Reserved99_IRQHandler
                0x00000478                CAN2_ORed_0_15_MB_IRQHandler
                0x00000478                LPIT0_Ch3_IRQHandler
                0x00000478                Reserved92_IRQHandler
                0x00000478                CAN1_Error_IRQHandler
                0x00000478                SWI_IRQHandler
                0x00000478                ADC0_IRQHandler
                0x00000478                UsageFault_Handler
                0x00000478                FTM0_Ovf_Reload_IRQHandler
                0x00000478                DefaultISR
                0x00000478                Reserved58_IRQHandler
                0x00000478                CAN1_ORed_0_15_MB_IRQHandler
                0x00000478                Reserved82_IRQHandler
                0x00000478                CAN0_ORed_16_31_MB_IRQHandler
                0x00000478                LPI2C0_Slave_IRQHandler
                0x00000478                Reserved71_IRQHandler
                0x00000478                PORTD_IRQHandler
                0x00000478                Reserved69_IRQHandler
                0x00000478                PORTB_IRQHandler
                0x00000478                Reserved70_IRQHandler
                0x00000478                ADC1_IRQHandler
                0x00000478                Reserved53_IRQHandler
                0x00000478                RTC_IRQHandler
                0x00000478                PDB0_IRQHandler
                0x00000478                Reserved54_IRQHandler
                0x00000478                LPSPI1_IRQHandler
                0x00000478                LPUART1_RxTx_IRQHandler
                0x00000478                RTC_Seconds_IRQHandler
                0x00000478                CAN2_ORed_IRQHandler
                0x00000478                Reserved72_IRQHandler
                0x00000478                Reserved110_IRQHandler
                0x00000478                Reserved107_IRQHandler
                0x00000478                Read_Collision_IRQHandler
                0x00000478                CAN2_Error_IRQHandler
                0x00000478                FTFC_IRQHandler
                0x00000478                Reserved105_IRQHandler
                0x00000478                LPIT0_Ch1_IRQHandler
                0x00000478                FTM3_Ovf_Reload_IRQHandler
                0x00000478                LPUART2_RxTx_IRQHandler
                0x00000478                LPSPI0_IRQHandler
                0x00000478                WDOG_EWM_IRQHandler
                0x00000478                MemManage_Handler
                0x00000478                Reserved90_IRQHandler
                0x00000478                Reserved83_IRQHandler
                0x00000478                FTM0_Fault_IRQHandler
                0x00000478                Reserved48_IRQHandler
                0x00000478                SVC_Handler
                0x00000478                ERM_single_fault_IRQHandler
                0x00000478                FTM2_Fault_IRQHandler
                0x00000478                FTM3_Fault_IRQHandler
                0x00000478                RCM_IRQHandler
                0x00000478                Reserved100_IRQHandler
                0x00000478                Reserved91_IRQHandler
                0x00000478                CAN1_ORed_IRQHandler
                0x00000478                SCG_IRQHandler
                0x00000478                PDB1_IRQHandler
                0x00000478                Reserved81_IRQHandler
                0x00000478                Reserved46_IRQHandler
                0x00000478                Reserved45_IRQHandler
                0x00000478                CAN0_Error_IRQHandler
                0x00000478                Reserved112_IRQHandler
                0x00000478                LPI2C0_Master_IRQHandler
                0x00000478                FTM1_Fault_IRQHandler
                0x00000478                Reserved106_IRQHandler
                0x00000478                LVD_LVW_IRQHandler
                0x00000478                LPIT0_Ch2_IRQHandler
                0x00000478                PORTA_IRQHandler
                0x00000478                MCM_IRQHandler
                0x00000478                LPSPI2_IRQHandler
                0x00000478                CAN0_ORed_0_15_MB_IRQHandler
                0x00000478                PORTE_IRQHandler
                0x00000478                LPUART0_RxTx_IRQHandler
                0x00000478                LPTMR0_IRQHandler
                0x00000478                BusFault_Handler
                0x00000478                Reserved87_IRQHandler
                0x00000478                FTM1_Ovf_Reload_IRQHandler
                0x00000478                Reserved93_IRQHandler
                0x00000478                CAN0_Wake_Up_IRQHandler
                0x00000478                CMP0_IRQHandler
                0x00000478                Reserved52_IRQHandler
                0x00000478                PORTC_IRQHandler
                0x00000478                FLEXIO_IRQHandler
                0x00000478                Reserved113_IRQHandler
 .text          0x0000047c      0x378 d:/s32/s32ds/build_tools/gcc_b1620/gcc-6.3-arm32-eabi/bin/../lib/gcc/arm-none-eabi/6.3.1/thumb/v7e-m\libgcc.a(_arm_addsubdf3.o)
                0x0000047c                __aeabi_drsub
                0x00000484                __aeabi_dsub
                0x00000484                __subdf3
                0x00000488                __aeabi_dadd
                0x00000488                __adddf3
                0x00000700                __floatunsidf
                0x00000700                __aeabi_ui2d
                0x00000720                __floatsidf
                0x00000720                __aeabi_i2d
                0x00000744                __aeabi_f2d
                0x00000744                __extendsfdf2
                0x00000788                __floatundidf
                0x00000788                __aeabi_ul2d
                0x00000798                __floatdidf
                0x00000798                __aeabi_l2d
 .text          0x000007f4      0x21c d:/s32/s32ds/build_tools/gcc_b1620/gcc-6.3-arm32-eabi/bin/../lib/gcc/arm-none-eabi/6.3.1/thumb/v7e-m\libgcc.a(_arm_addsubsf3.o)
                0x000007f4                __aeabi_frsub
                0x000007fc                __subsf3
                0x000007fc                __aeabi_fsub
                0x00000800                __aeabi_fadd
                0x00000800                __addsf3
                0x00000960                __aeabi_ui2f
                0x00000960                __floatunsisf
                0x00000968                __aeabi_i2f
                0x00000968                __floatsisf
                0x00000984                __aeabi_ul2f
                0x00000984                __floatundisf
                0x00000994                __aeabi_l2f
                0x00000994                __floatdisf
 .text          0x00000a10      0x2a0 d:/s32/s32ds/build_tools/gcc_b1620/gcc-6.3-arm32-eabi/bin/../lib/gcc/arm-none-eabi/6.3.1/thumb/v7e-m\libgcc.a(_arm_muldivsf3.o)
                0x00000a10                __mulsf3
                0x00000a10                __aeabi_fmul
                0x00000b78                __aeabi_fdiv
                0x00000b78                __divsf3
 .text          0x00000cb0       0xec d:/s32/s32ds/build_tools/gcc_b1620/gcc-6.3-arm32-eabi/bin/../lib/gcc/arm-none-eabi/6.3.1/thumb/v7e-m\libgcc.a(_arm_cmpsf2.o)
                0x00000cb0                __gesf2
                0x00000cb0                __gtsf2
                0x00000cb8                __lesf2
                0x00000cb8                __ltsf2
                0x00000cc0                __nesf2
                0x00000cc0                __eqsf2
                0x00000cc0                __cmpsf2
                0x00000d20                __aeabi_cfrcmple
                0x00000d28                __aeabi_cfcmpeq
                0x00000d28                __aeabi_cfcmple
                0x00000d38                __aeabi_fcmpeq
                0x00000d4c                __aeabi_fcmplt
                0x00000d60                __aeabi_fcmple
                0x00000d74                __aeabi_fcmpge
                0x00000d88                __aeabi_fcmpgt
 .text          0x00000d9c       0x30 d:/s32/s32ds/build_tools/gcc_b1620/gcc-6.3-arm32-eabi/bin/../lib/gcc/arm-none-eabi/6.3.1/thumb/v7e-m\libgcc.a(_aeabi_uldivmod.o)
                0x00000d9c                __aeabi_uldivmod
 .text          0x00000dcc      0x2e4 d:/s32/s32ds/build_tools/gcc_b1620/gcc-6.3-arm32-eabi/bin/../lib/gcc/arm-none-eabi/6.3.1/thumb/v7e-m\libgcc.a(_udivmoddi4.o)
                0x00000dcc                __udivmoddi4
 .text          0x000010b0        0x4 d:/s32/s32ds/build_tools/gcc_b1620/gcc-6.3-arm32-eabi/bin/../lib/gcc/arm-none-eabi/6.3.1/thumb/v7e-m\libgcc.a(_dvmd_tls.o)
                0x000010b0                __aeabi_idiv0
                0x000010b0                __aeabi_ldiv0
 .text          0x000010b4       0x10 D:/S32/S32DS/build_tools/gcc_b1620/gcc-6.3-arm32-eabi/arm-none-eabi/newlib/lib/thumb/v7e-m\libc.a(lib_a-strlen.o)
                0x000010b4                strlen
 *fill*         0x000010c4        0xc 
 .text          0x000010d0       0xa0 D:/S32/S32DS/build_tools/gcc_b1620/gcc-6.3-arm32-eabi/arm-none-eabi/newlib/lib/thumb/v7e-m\libc.a(lib_a-memchr.o)
                0x000010d0                memchr
 .text          0x00001170      0x424 d:/s32/s32ds/build_tools/gcc_b1620/gcc-6.3-arm32-eabi/bin/../lib/gcc/arm-none-eabi/6.3.1/thumb/v7e-m\libgcc.a(_arm_muldivdf3.o)
                0x00001170                __aeabi_dmul
                0x00001170                __muldf3
                0x000013c4                __divdf3
                0x000013c4                __aeabi_ddiv
 .text          0x00001594      0x110 d:/s32/s32ds/build_tools/gcc_b1620/gcc-6.3-arm32-eabi/bin/../lib/gcc/arm-none-eabi/6.3.1/thumb/v7e-m\libgcc.a(_arm_cmpdf2.o)
                0x00001594                __gtdf2
                0x00001594                __gedf2
                0x0000159c                __ltdf2
                0x0000159c                __ledf2
                0x000015a4                __nedf2
                0x000015a4                __eqdf2
                0x000015a4                __cmpdf2
                0x00001620                __aeabi_cdrcmple
                0x00001630                __aeabi_cdcmpeq
                0x00001630                __aeabi_cdcmple
                0x00001640                __aeabi_dcmpeq
                0x00001654                __aeabi_dcmplt
                0x00001668                __aeabi_dcmple
                0x0000167c                __aeabi_dcmpge
                0x00001690                __aeabi_dcmpgt
 .text          0x000016a4       0x2c d:/s32/s32ds/build_tools/gcc_b1620/gcc-6.3-arm32-eabi/bin/../lib/gcc/arm-none-eabi/6.3.1/thumb/v7e-m\libgcc.a(_arm_unorddf2.o)
                0x000016a4                __unorddf2
                0x000016a4                __aeabi_dcmpun
 .text          0x000016d0       0x50 d:/s32/s32ds/build_tools/gcc_b1620/gcc-6.3-arm32-eabi/bin/../lib/gcc/arm-none-eabi/6.3.1/thumb/v7e-m\libgcc.a(_arm_fixdfsi.o)
                0x000016d0                __aeabi_d2iz
                0x000016d0                __fixdfsi
 *(.text*)
 .text.SystemInit
                0x00001720       0x20 ./SDK/platform/devices/S32K144/startup/system_S32K144.o
                0x00001720                SystemInit
 .text.init_data_bss
                0x00001740       0xd4 ./SDK/platform/devices/startup.o
                0x00001740                init_data_bss
 .text.CLOCK_SYS_GetCurrentRunMode
                0x00001814       0x24 ./SDK/platform/drivers/src/clock/S32K1xx/clock_S32K1xx.o
 .text.CLOCK_SYS_GetSysOscFreq
                0x00001838       0x1c ./SDK/platform/drivers/src/clock/S32K1xx/clock_S32K1xx.o
 .text.CLOCK_SYS_ConfigureSOSC
                0x00001854      0x12c ./SDK/platform/drivers/src/clock/S32K1xx/clock_S32K1xx.o
 .text.CLOCK_SYS_GetSircFreq
                0x00001980       0x2c ./SDK/platform/drivers/src/clock/S32K1xx/clock_S32K1xx.o
 .text.CLOCK_SYS_ConfigureSIRC
                0x000019ac       0xc4 ./SDK/platform/drivers/src/clock/S32K1xx/clock_S32K1xx.o
 .text.CLOCK_SYS_GetFircFreq
                0x00001a70       0x20 ./SDK/platform/drivers/src/clock/S32K1xx/clock_S32K1xx.o
 .text.CLOCK_SYS_ConfigureFIRC
                0x00001a90       0xb4 ./SDK/platform/drivers/src/clock/S32K1xx/clock_S32K1xx.o
 .text.CLOCK_SYS_GetSysPllFreq
                0x00001b44       0x44 ./SDK/platform/drivers/src/clock/S32K1xx/clock_S32K1xx.o
 .text.CLOCK_SYS_ConfigureSPLL
                0x00001b88      0x104 ./SDK/platform/drivers/src/clock/S32K1xx/clock_S32K1xx.o
 .text.CLOCK_SYS_SetSystemClockConfig
                0x00001c8c      0x1e4 ./SDK/platform/drivers/src/clock/S32K1xx/clock_S32K1xx.o
 .text.CLOCK_SYS_TransitionSystemClock
                0x00001e70       0x3c ./SDK/platform/drivers/src/clock/S32K1xx/clock_S32K1xx.o
 .text.CLOCK_SYS_GetSystemClockFreq
                0x00001eac       0x78 ./SDK/platform/drivers/src/clock/S32K1xx/clock_S32K1xx.o
 .text.CLOCK_SYS_GetScgClkOutFreq
                0x00001f24       0x48 ./SDK/platform/drivers/src/clock/S32K1xx/clock_S32K1xx.o
 .text.CLOCK_SYS_GetSysAsyncFreq
                0x00001f6c       0xdc ./SDK/platform/drivers/src/clock/S32K1xx/clock_S32K1xx.o
 .text.CLOCK_SYS_GetSimRtcClkFreq
                0x00002048       0x50 ./SDK/platform/drivers/src/clock/S32K1xx/clock_S32K1xx.o
 .text.CLOCK_SYS_GetLpoFreq
                0x00002098       0x4c ./SDK/platform/drivers/src/clock/S32K1xx/clock_S32K1xx.o
 .text.CLOCK_SYS_GetSimClkOutFreq
                0x000020e4       0xac ./SDK/platform/drivers/src/clock/S32K1xx/clock_S32K1xx.o
 .text.CLOCK_SYS_GetSimClockFreq
                0x00002190      0x1a8 ./SDK/platform/drivers/src/clock/S32K1xx/clock_S32K1xx.o
 .text.CLOCK_SYS_GetPeripheralClock
                0x00002338       0xcc ./SDK/platform/drivers/src/clock/S32K1xx/clock_S32K1xx.o
 .text.CLOCK_DRV_Init
                0x00002404      0x618 ./SDK/platform/drivers/src/clock/S32K1xx/clock_S32K1xx.o
                0x00002404                CLOCK_DRV_Init
 .text.CLOCK_DRV_GetFreq
                0x00002a1c      0x230 ./SDK/platform/drivers/src/clock/S32K1xx/clock_S32K1xx.o
                0x00002a1c                CLOCK_DRV_GetFreq
 .text.CLOCK_SYS_Init
                0x00002c4c       0x18 ./SDK/platform/drivers/src/clock/S32K1xx/clock_S32K1xx.o
                0x00002c4c                CLOCK_SYS_Init
 .text.CLOCK_SYS_UpdateConfiguration
                0x00002c64       0xe8 ./SDK/platform/drivers/src/clock/S32K1xx/clock_S32K1xx.o
                0x00002c64                CLOCK_SYS_UpdateConfiguration
 .text.CLOCK_SYS_GetFreq
                0x00002d4c        0x8 ./SDK/platform/drivers/src/clock/S32K1xx/clock_S32K1xx.o
                0x00002d4c                CLOCK_SYS_GetFreq
 .text.EDMA_DRV_InstallCallback
                0x00002d54       0x1c ./SDK/platform/drivers/src/edma/edma_driver.o
                0x00002d54                EDMA_DRV_InstallCallback
 .text.EDMA_DRV_IRQHandler
                0x00002d70       0x2c ./SDK/platform/drivers/src/edma/edma_driver.o
                0x00002d70                EDMA_DRV_IRQHandler
 .text.EDMA_DRV_ErrorIRQHandler
                0x00002d9c       0x3c ./SDK/platform/drivers/src/edma/edma_driver.o
                0x00002d9c                EDMA_DRV_ErrorIRQHandler
 .text.EDMA_DRV_ConfigSingleBlockTransfer
                0x00002dd8      0x154 ./SDK/platform/drivers/src/edma/edma_driver.o
                0x00002dd8                EDMA_DRV_ConfigSingleBlockTransfer
 .text.EDMA_DRV_ConfigMultiBlockTransfer
                0x00002f2c       0x64 ./SDK/platform/drivers/src/edma/edma_driver.o
                0x00002f2c                EDMA_DRV_ConfigMultiBlockTransfer
 .text.EDMA_DRV_StartChannel
                0x00002f90       0x18 ./SDK/platform/drivers/src/edma/edma_driver.o
                0x00002f90                EDMA_DRV_StartChannel
 .text.EDMA_DRV_StopChannel
                0x00002fa8       0x18 ./SDK/platform/drivers/src/edma/edma_driver.o
                0x00002fa8                EDMA_DRV_StopChannel
 .text.EDMA_DRV_SetSrcAddr
                0x00002fc0       0x14 ./SDK/platform/drivers/src/edma/edma_driver.o
                0x00002fc0                EDMA_DRV_SetSrcAddr
 .text.EDMA_DRV_SetMajorLoopIterationCount
                0x00002fd4       0x14 ./SDK/platform/drivers/src/edma/edma_driver.o
                0x00002fd4                EDMA_DRV_SetMajorLoopIterationCount
 .text.EDMA_DRV_GetDmaRegBaseAddr
                0x00002fe8        0x8 ./SDK/platform/drivers/src/edma/edma_driver.o
                0x00002fe8                EDMA_DRV_GetDmaRegBaseAddr
 .text.EDMA_SetDmaRequestCmd
                0x00002ff0        0xa ./SDK/platform/drivers/src/edma/edma_hw_access.o
                0x00002ff0                EDMA_SetDmaRequestCmd
 .text.EDMA_TCDClearReg
                0x00002ffa       0x4a ./SDK/platform/drivers/src/edma/edma_hw_access.o
                0x00002ffa                EDMA_TCDClearReg
 .text.EDMA_TCDSetAttribute
                0x00003044       0x2e ./SDK/platform/drivers/src/edma/edma_hw_access.o
                0x00003044                EDMA_TCDSetAttribute
 .text.EDMA_TCDSetNbytes
                0x00003072       0x5a ./SDK/platform/drivers/src/edma/edma_hw_access.o
                0x00003072                EDMA_TCDSetNbytes
 .text.EDMA_TCDSetMajorCount
                0x000030cc       0x5c ./SDK/platform/drivers/src/edma/edma_hw_access.o
                0x000030cc                EDMA_TCDSetMajorCount
 .text.DMA0_IRQHandler
                0x00003128        0xa ./SDK/platform/drivers/src/edma/edma_irq.o
                0x00003128                DMA0_IRQHandler
 .text.DMA1_IRQHandler
                0x00003132        0xa ./SDK/platform/drivers/src/edma/edma_irq.o
                0x00003132                DMA1_IRQHandler
 .text.DMA2_IRQHandler
                0x0000313c        0xa ./SDK/platform/drivers/src/edma/edma_irq.o
                0x0000313c                DMA2_IRQHandler
 .text.DMA3_IRQHandler
                0x00003146        0xa ./SDK/platform/drivers/src/edma/edma_irq.o
                0x00003146                DMA3_IRQHandler
 .text.DMA4_IRQHandler
                0x00003150        0xa ./SDK/platform/drivers/src/edma/edma_irq.o
                0x00003150                DMA4_IRQHandler
 .text.DMA5_IRQHandler
                0x0000315a        0xa ./SDK/platform/drivers/src/edma/edma_irq.o
                0x0000315a                DMA5_IRQHandler
 .text.DMA6_IRQHandler
                0x00003164        0xa ./SDK/platform/drivers/src/edma/edma_irq.o
                0x00003164                DMA6_IRQHandler
 .text.DMA7_IRQHandler
                0x0000316e        0xa ./SDK/platform/drivers/src/edma/edma_irq.o
                0x0000316e                DMA7_IRQHandler
 .text.DMA8_IRQHandler
                0x00003178        0xa ./SDK/platform/drivers/src/edma/edma_irq.o
                0x00003178                DMA8_IRQHandler
 .text.DMA9_IRQHandler
                0x00003182        0xa ./SDK/platform/drivers/src/edma/edma_irq.o
                0x00003182                DMA9_IRQHandler
 .text.DMA10_IRQHandler
                0x0000318c        0xa ./SDK/platform/drivers/src/edma/edma_irq.o
                0x0000318c                DMA10_IRQHandler
 .text.DMA11_IRQHandler
                0x00003196        0xa ./SDK/platform/drivers/src/edma/edma_irq.o
                0x00003196                DMA11_IRQHandler
 .text.DMA12_IRQHandler
                0x000031a0        0xa ./SDK/platform/drivers/src/edma/edma_irq.o
                0x000031a0                DMA12_IRQHandler
 .text.DMA13_IRQHandler
                0x000031aa        0xa ./SDK/platform/drivers/src/edma/edma_irq.o
                0x000031aa                DMA13_IRQHandler
 .text.DMA14_IRQHandler
                0x000031b4        0xa ./SDK/platform/drivers/src/edma/edma_irq.o
                0x000031b4                DMA14_IRQHandler
 .text.DMA15_IRQHandler
                0x000031be        0xa ./SDK/platform/drivers/src/edma/edma_irq.o
                0x000031be                DMA15_IRQHandler
 .text.DMA_Error_IRQHandler
                0x000031c8       0x28 ./SDK/platform/drivers/src/edma/edma_irq.o
                0x000031c8                DMA_Error_IRQHandler
 .text.FTM_DRV_IrqHandler
                0x000031f0       0xb8 ./SDK/platform/drivers/src/ftm/ftm_ic_driver.o
 .text.FTM0_Ch0_Ch1_IRQHandler
                0x000032a8        0xc ./SDK/platform/drivers/src/ftm/ftm_ic_driver.o
                0x000032a8                FTM0_Ch0_Ch1_IRQHandler
 .text.FTM0_Ch2_Ch3_IRQHandler
                0x000032b4        0xc ./SDK/platform/drivers/src/ftm/ftm_ic_driver.o
                0x000032b4                FTM0_Ch2_Ch3_IRQHandler
 .text.FTM0_Ch4_Ch5_IRQHandler
                0x000032c0        0xc ./SDK/platform/drivers/src/ftm/ftm_ic_driver.o
                0x000032c0                FTM0_Ch4_Ch5_IRQHandler
 .text.FTM0_Ch6_Ch7_IRQHandler
                0x000032cc        0xc ./SDK/platform/drivers/src/ftm/ftm_ic_driver.o
                0x000032cc                FTM0_Ch6_Ch7_IRQHandler
 .text.FTM1_Ch0_Ch1_IRQHandler
                0x000032d8        0xc ./SDK/platform/drivers/src/ftm/ftm_ic_driver.o
                0x000032d8                FTM1_Ch0_Ch1_IRQHandler
 .text.FTM1_Ch2_Ch3_IRQHandler
                0x000032e4        0xc ./SDK/platform/drivers/src/ftm/ftm_ic_driver.o
                0x000032e4                FTM1_Ch2_Ch3_IRQHandler
 .text.FTM1_Ch4_Ch5_IRQHandler
                0x000032f0        0xc ./SDK/platform/drivers/src/ftm/ftm_ic_driver.o
                0x000032f0                FTM1_Ch4_Ch5_IRQHandler
 .text.FTM1_Ch6_Ch7_IRQHandler
                0x000032fc        0xc ./SDK/platform/drivers/src/ftm/ftm_ic_driver.o
                0x000032fc                FTM1_Ch6_Ch7_IRQHandler
 .text.FTM2_Ch0_Ch1_IRQHandler
                0x00003308        0xc ./SDK/platform/drivers/src/ftm/ftm_ic_driver.o
                0x00003308                FTM2_Ch0_Ch1_IRQHandler
 .text.FTM2_Ch2_Ch3_IRQHandler
                0x00003314        0xc ./SDK/platform/drivers/src/ftm/ftm_ic_driver.o
                0x00003314                FTM2_Ch2_Ch3_IRQHandler
 .text.FTM2_Ch4_Ch5_IRQHandler
                0x00003320        0xc ./SDK/platform/drivers/src/ftm/ftm_ic_driver.o
                0x00003320                FTM2_Ch4_Ch5_IRQHandler
 .text.FTM2_Ch6_Ch7_IRQHandler
                0x0000332c        0xc ./SDK/platform/drivers/src/ftm/ftm_ic_driver.o
                0x0000332c                FTM2_Ch6_Ch7_IRQHandler
 .text.FTM3_Ch0_Ch1_IRQHandler
                0x00003338        0xc ./SDK/platform/drivers/src/ftm/ftm_ic_driver.o
                0x00003338                FTM3_Ch0_Ch1_IRQHandler
 .text.FTM3_Ch2_Ch3_IRQHandler
                0x00003344        0xc ./SDK/platform/drivers/src/ftm/ftm_ic_driver.o
                0x00003344                FTM3_Ch2_Ch3_IRQHandler
 .text.FTM3_Ch4_Ch5_IRQHandler
                0x00003350        0xc ./SDK/platform/drivers/src/ftm/ftm_ic_driver.o
                0x00003350                FTM3_Ch4_Ch5_IRQHandler
 .text.FTM3_Ch6_Ch7_IRQHandler
                0x0000335c        0xc ./SDK/platform/drivers/src/ftm/ftm_ic_driver.o
                0x0000335c                FTM3_Ch6_Ch7_IRQHandler
 .text.INT_SYS_InstallHandler
                0x00003368       0x40 ./SDK/platform/drivers/src/interrupt/interrupt_manager.o
                0x00003368                INT_SYS_InstallHandler
 .text.INT_SYS_EnableIRQ
                0x000033a8       0x18 ./SDK/platform/drivers/src/interrupt/interrupt_manager.o
                0x000033a8                INT_SYS_EnableIRQ
 .text.INT_SYS_EnableIRQGlobal
                0x000033c0       0x1c ./SDK/platform/drivers/src/interrupt/interrupt_manager.o
                0x000033c0                INT_SYS_EnableIRQGlobal
 .text.INT_SYS_DisableIRQGlobal
                0x000033dc       0x10 ./SDK/platform/drivers/src/interrupt/interrupt_manager.o
                0x000033dc                INT_SYS_DisableIRQGlobal
 .text.LPUART_DRV_StartSendDataUsingInt
                0x000033ec       0x4c ./SDK/platform/drivers/src/lpuart/lpuart_driver.o
 .text.LPUART_DRV_StartSendDataUsingDma
                0x00003438       0x80 ./SDK/platform/drivers/src/lpuart/lpuart_driver.o
 .text.LPUART_DRV_CompleteSendDataUsingInt
                0x000034b8       0x64 ./SDK/platform/drivers/src/lpuart/lpuart_driver.o
 .text.LPUART_DRV_StopTxDma
                0x0000351c       0x64 ./SDK/platform/drivers/src/lpuart/lpuart_driver.o
 .text.LPUART_DRV_TxDmaCallback
                0x00003580       0x74 ./SDK/platform/drivers/src/lpuart/lpuart_driver.o
 .text.LPUART_DRV_PutData
                0x000035f4       0x44 ./SDK/platform/drivers/src/lpuart/lpuart_driver.o
 .text.LPUART_DRV_CompleteReceiveDataUsingInt
                0x00003638       0x64 ./SDK/platform/drivers/src/lpuart/lpuart_driver.o
 .text.LPUART_DRV_GetData
                0x0000369c       0x5c ./SDK/platform/drivers/src/lpuart/lpuart_driver.o
 .text.LPUART_DRV_SendDataBlocking
                0x000036f8       0x5c ./SDK/platform/drivers/src/lpuart/lpuart_driver.o
                0x000036f8                LPUART_DRV_SendDataBlocking
 .text.LPUART_DRV_SetBaudRate
                0x00003754       0xf0 ./SDK/platform/drivers/src/lpuart/lpuart_driver.o
                0x00003754                LPUART_DRV_SetBaudRate
 .text.LPUART_DRV_Init
                0x00003844       0xe0 ./SDK/platform/drivers/src/lpuart/lpuart_driver.o
                0x00003844                LPUART_DRV_Init
 .text.LPUART_DRV_IRQHandler
                0x00003924      0x160 ./SDK/platform/drivers/src/lpuart/lpuart_driver.o
                0x00003924                LPUART_DRV_IRQHandler
 .text.LPUART_Init
                0x00003a84       0x24 ./SDK/platform/drivers/src/lpuart/lpuart_hw_access.o
                0x00003a84                LPUART_Init
 .text.LPUART_SetBitCountPerChar
                0x00003aa8       0x2e ./SDK/platform/drivers/src/lpuart/lpuart_hw_access.o
                0x00003aa8                LPUART_SetBitCountPerChar
 .text.LPUART_SetParityMode
                0x00003ad6       0x1e ./SDK/platform/drivers/src/lpuart/lpuart_hw_access.o
                0x00003ad6                LPUART_SetParityMode
 .text.LPUART_Putchar9
                0x00003af4       0x16 ./SDK/platform/drivers/src/lpuart/lpuart_hw_access.o
                0x00003af4                LPUART_Putchar9
 .text.LPUART_Putchar10
                0x00003b0a       0x22 ./SDK/platform/drivers/src/lpuart/lpuart_hw_access.o
                0x00003b0a                LPUART_Putchar10
 .text.LPUART_Getchar9
                0x00003b2c       0x12 ./SDK/platform/drivers/src/lpuart/lpuart_hw_access.o
                0x00003b2c                LPUART_Getchar9
 .text.LPUART_Getchar10
                0x00003b3e       0x1e ./SDK/platform/drivers/src/lpuart/lpuart_hw_access.o
                0x00003b3e                LPUART_Getchar10
 .text.LPUART_SetIntMode
                0x00003b5c       0x6e ./SDK/platform/drivers/src/lpuart/lpuart_hw_access.o
                0x00003b5c                LPUART_SetIntMode
 .text.LPUART_GetIntMode
                0x00003bca       0x4a ./SDK/platform/drivers/src/lpuart/lpuart_hw_access.o
                0x00003bca                LPUART_GetIntMode
 .text.LPUART_GetStatusFlag
                0x00003c14       0x4a ./SDK/platform/drivers/src/lpuart/lpuart_hw_access.o
                0x00003c14                LPUART_GetStatusFlag
 *fill*         0x00003c5e        0x2 
 .text.LPUART_SetErrorInterrupts
                0x00003c60       0x40 ./SDK/platform/drivers/src/lpuart/lpuart_hw_access.o
                0x00003c60                LPUART_SetErrorInterrupts
 .text.LPUART0_IrqHandler
                0x00003ca0        0xa ./SDK/platform/drivers/src/lpuart/lpuart_irq.o
                0x00003ca0                LPUART0_IrqHandler
 .text.LPUART1_IrqHandler
                0x00003caa        0xa ./SDK/platform/drivers/src/lpuart/lpuart_irq.o
                0x00003caa                LPUART1_IrqHandler
 .text.LPUART2_IrqHandler
                0x00003cb4        0xa ./SDK/platform/drivers/src/lpuart/lpuart_irq.o
                0x00003cb4                LPUART2_IrqHandler
 .text.PINS_DRV_Init
                0x00003cbe       0x20 ./SDK/platform/drivers/src/pins/pins_driver.o
                0x00003cbe                PINS_DRV_Init
 .text.PINS_DRV_SetPins
                0x00003cde        0x4 ./SDK/platform/drivers/src/pins/pins_driver.o
                0x00003cde                PINS_DRV_SetPins
 .text.PINS_DRV_ClearPins
                0x00003ce2        0x4 ./SDK/platform/drivers/src/pins/pins_driver.o
                0x00003ce2                PINS_DRV_ClearPins
 .text.PINS_DRV_ReadPins
                0x00003ce6        0x4 ./SDK/platform/drivers/src/pins/pins_driver.o
                0x00003ce6                PINS_DRV_ReadPins
 *fill*         0x00003cea        0x2 
 .text.PINS_GetAdcInterleaveVal
                0x00003cec       0x6c ./SDK/platform/drivers/src/pins/pins_port_hw_access.o
 .text.PINS_Init
                0x00003d58      0x114 ./SDK/platform/drivers/src/pins/pins_port_hw_access.o
                0x00003d58                PINS_Init
 .text.SysTick_Handler
                0x00003e6c       0x10 ./SDK/rtos/osif/osif_baremetal.o
                0x00003e6c                SysTick_Handler
 .text.OSIF_SemaWait
                0x00003e7c       0x84 ./SDK/rtos/osif/osif_baremetal.o
                0x00003e7c                OSIF_SemaWait
 .text.OSIF_SemaPost
                0x00003f00       0x26 ./SDK/rtos/osif/osif_baremetal.o
                0x00003f00                OSIF_SemaPost
 .text.OSIF_SemaCreate
                0x00003f26       0x14 ./SDK/rtos/osif/osif_baremetal.o
                0x00003f26                OSIF_SemaCreate
 *fill*         0x00003f3a        0x2 
 .text.PIR_Detected
                0x00003f3c       0x14 ./src/driver/pir/pir.o
                0x00003f3c                PIR_Detected
 .text.delay_us
                0x00003f50       0x30 ./src/driver/srf05/srf05.o
                0x00003f50                delay_us
 .text.delay_ms
                0x00003f80       0x1c ./src/driver/srf05/srf05.o
                0x00003f80                delay_ms
 .text.srf_trigger
                0x00003f9c       0x34 ./src/driver/srf05/srf05.o
                0x00003f9c                srf_trigger
 .text.srf_measure
                0x00003fd0       0x6c ./src/driver/srf05/srf05.o
                0x00003fd0                srf_measure
 .text.uart_print
                0x0000403c       0x18 ./src/driver/uart/uart.o
                0x0000403c                uart_print
 .text.led      0x00004054       0x3c ./src/main.o
                0x00004054                led
 .text.main     0x00004090       0xc0 ./src/main.o
                0x00004090                main
 .text.memset   0x00004150       0x10 D:/S32/S32DS/build_tools/gcc_b1620/gcc-6.3-arm32-eabi/arm-none-eabi/newlib/lib/thumb/v7e-m\libc.a(lib_a-memset.o)
                0x00004150                memset
 .text.sprintf  0x00004160       0x48 D:/S32/S32DS/build_tools/gcc_b1620/gcc-6.3-arm32-eabi/arm-none-eabi/newlib/lib/thumb/v7e-m\libc.a(lib_a-sprintf.o)
                0x00004160                sprintf
 .text._svfprintf_r
                0x000041a8      0xfac D:/S32/S32DS/build_tools/gcc_b1620/gcc-6.3-arm32-eabi/arm-none-eabi/newlib/lib/thumb/v7e-m\libc.a(lib_a-svfprintf.o)
                0x000041a8                _svfprintf_r
 .text.quorem   0x00005154      0x118 D:/S32/S32DS/build_tools/gcc_b1620/gcc-6.3-arm32-eabi/arm-none-eabi/newlib/lib/thumb/v7e-m\libc.a(lib_a-dtoa.o)
 *fill*         0x0000526c        0x4 
 .text._dtoa_r  0x00005270      0xb74 D:/S32/S32DS/build_tools/gcc_b1620/gcc-6.3-arm32-eabi/arm-none-eabi/newlib/lib/thumb/v7e-m\libc.a(lib_a-dtoa.o)
                0x00005270                _dtoa_r
 .text._localeconv_r
                0x00005de4        0x8 D:/S32/S32DS/build_tools/gcc_b1620/gcc-6.3-arm32-eabi/arm-none-eabi/newlib/lib/thumb/v7e-m\libc.a(lib_a-localeconv.o)
                0x00005de4                _localeconv_r
 .text._malloc_r
                0x00005dec      0x454 D:/S32/S32DS/build_tools/gcc_b1620/gcc-6.3-arm32-eabi/arm-none-eabi/newlib/lib/thumb/v7e-m\libc.a(lib_a-mallocr.o)
                0x00005dec                _malloc_r
 .text.__ascii_mbtowc
                0x00006240       0x24 D:/S32/S32DS/build_tools/gcc_b1620/gcc-6.3-arm32-eabi/arm-none-eabi/newlib/lib/thumb/v7e-m\libc.a(lib_a-mbtowc_r.o)
                0x00006240                __ascii_mbtowc
 .text.memcpy   0x00006264       0x1c D:/S32/S32DS/build_tools/gcc_b1620/gcc-6.3-arm32-eabi/arm-none-eabi/newlib/lib/thumb/v7e-m\libc.a(lib_a-memcpy-stub.o)
                0x00006264                memcpy
 .text.__malloc_lock
                0x00006280        0x2 D:/S32/S32DS/build_tools/gcc_b1620/gcc-6.3-arm32-eabi/arm-none-eabi/newlib/lib/thumb/v7e-m\libc.a(lib_a-mlock.o)
                0x00006280                __malloc_lock
 .text.__malloc_unlock
                0x00006282        0x2 D:/S32/S32DS/build_tools/gcc_b1620/gcc-6.3-arm32-eabi/arm-none-eabi/newlib/lib/thumb/v7e-m\libc.a(lib_a-mlock.o)
                0x00006282                __malloc_unlock
 .text._Balloc  0x00006284       0x4a D:/S32/S32DS/build_tools/gcc_b1620/gcc-6.3-arm32-eabi/arm-none-eabi/newlib/lib/thumb/v7e-m\libc.a(lib_a-mprec.o)
                0x00006284                _Balloc
 .text._Bfree   0x000062ce       0x12 D:/S32/S32DS/build_tools/gcc_b1620/gcc-6.3-arm32-eabi/arm-none-eabi/newlib/lib/thumb/v7e-m\libc.a(lib_a-mprec.o)
                0x000062ce                _Bfree
 .text.__multadd
                0x000062e0       0x76 D:/S32/S32DS/build_tools/gcc_b1620/gcc-6.3-arm32-eabi/arm-none-eabi/newlib/lib/thumb/v7e-m\libc.a(lib_a-mprec.o)
                0x000062e0                __multadd
 .text.__hi0bits
                0x00006356       0x3e D:/S32/S32DS/build_tools/gcc_b1620/gcc-6.3-arm32-eabi/arm-none-eabi/newlib/lib/thumb/v7e-m\libc.a(lib_a-mprec.o)
                0x00006356                __hi0bits
 .text.__lo0bits
                0x00006394       0x5e D:/S32/S32DS/build_tools/gcc_b1620/gcc-6.3-arm32-eabi/arm-none-eabi/newlib/lib/thumb/v7e-m\libc.a(lib_a-mprec.o)
                0x00006394                __lo0bits
 .text.__i2b    0x000063f2       0x12 D:/S32/S32DS/build_tools/gcc_b1620/gcc-6.3-arm32-eabi/arm-none-eabi/newlib/lib/thumb/v7e-m\libc.a(lib_a-mprec.o)
                0x000063f2                __i2b
 .text.__multiply
                0x00006404      0x11a D:/S32/S32DS/build_tools/gcc_b1620/gcc-6.3-arm32-eabi/arm-none-eabi/newlib/lib/thumb/v7e-m\libc.a(lib_a-mprec.o)
                0x00006404                __multiply
 *fill*         0x0000651e        0x2 
 .text.__pow5mult
                0x00006520       0x80 D:/S32/S32DS/build_tools/gcc_b1620/gcc-6.3-arm32-eabi/arm-none-eabi/newlib/lib/thumb/v7e-m\libc.a(lib_a-mprec.o)
                0x00006520                __pow5mult
 .text.__lshift
                0x000065a0       0xa2 D:/S32/S32DS/build_tools/gcc_b1620/gcc-6.3-arm32-eabi/arm-none-eabi/newlib/lib/thumb/v7e-m\libc.a(lib_a-mprec.o)
                0x000065a0                __lshift
 .text.__mcmp   0x00006642       0x34 D:/S32/S32DS/build_tools/gcc_b1620/gcc-6.3-arm32-eabi/arm-none-eabi/newlib/lib/thumb/v7e-m\libc.a(lib_a-mprec.o)
                0x00006642                __mcmp
 .text.__mdiff  0x00006676       0xbc D:/S32/S32DS/build_tools/gcc_b1620/gcc-6.3-arm32-eabi/arm-none-eabi/newlib/lib/thumb/v7e-m\libc.a(lib_a-mprec.o)
                0x00006676                __mdiff
 .text.__d2b    0x00006732       0x9e D:/S32/S32DS/build_tools/gcc_b1620/gcc-6.3-arm32-eabi/arm-none-eabi/newlib/lib/thumb/v7e-m\libc.a(lib_a-mprec.o)
                0x00006732                __d2b
 .text._sbrk_r  0x000067d0       0x20 D:/S32/S32DS/build_tools/gcc_b1620/gcc-6.3-arm32-eabi/arm-none-eabi/newlib/lib/thumb/v7e-m\libc.a(lib_a-sbrkr.o)
                0x000067d0                _sbrk_r
 .text.__ssprint_r
                0x000067f0       0xf4 D:/S32/S32DS/build_tools/gcc_b1620/gcc-6.3-arm32-eabi/arm-none-eabi/newlib/lib/thumb/v7e-m\libc.a(lib_a-svfiprintf.o)
                0x000067f0                __ssprint_r
 .text.__ascii_wctomb
                0x000068e4       0x1a D:/S32/S32DS/build_tools/gcc_b1620/gcc-6.3-arm32-eabi/arm-none-eabi/newlib/lib/thumb/v7e-m\libc.a(lib_a-wctomb_r.o)
                0x000068e4                __ascii_wctomb
 .text._calloc_r
                0x000068fe       0x5a D:/S32/S32DS/build_tools/gcc_b1620/gcc-6.3-arm32-eabi/arm-none-eabi/newlib/lib/thumb/v7e-m\libc.a(lib_a-callocr.o)
                0x000068fe                _calloc_r
 .text._malloc_trim_r
                0x00006958       0xa0 D:/S32/S32DS/build_tools/gcc_b1620/gcc-6.3-arm32-eabi/arm-none-eabi/newlib/lib/thumb/v7e-m\libc.a(lib_a-freer.o)
                0x00006958                _malloc_trim_r
 .text._free_r  0x000069f8      0x178 D:/S32/S32DS/build_tools/gcc_b1620/gcc-6.3-arm32-eabi/arm-none-eabi/newlib/lib/thumb/v7e-m\libc.a(lib_a-freer.o)
                0x000069f8                _free_r
 .text.memmove  0x00006b70       0x34 D:/S32/S32DS/build_tools/gcc_b1620/gcc-6.3-arm32-eabi/arm-none-eabi/newlib/lib/thumb/v7e-m\libc.a(lib_a-memmove.o)
                0x00006b70                memmove
 .text._realloc_r
                0x00006ba4      0x300 D:/S32/S32DS/build_tools/gcc_b1620/gcc-6.3-arm32-eabi/arm-none-eabi/newlib/lib/thumb/v7e-m\libc.a(lib_a-reallocr.o)
                0x00006ba4                _realloc_r
 .text._sbrk    0x00006ea4       0x1c D:/S32/S32DS/build_tools/gcc_b1620/gcc-6.3-arm32-eabi/arm-none-eabi/newlib/lib/thumb/v7e-m\libnosys.a(sbrk.o)
                0x00006ea4                _sbrk
 *(.rodata)
 *(.rodata*)
 .rodata.clockNameMappings
                0x00006ec0       0x9e ./SDK/platform/drivers/src/clock/S32K1xx/clock_S32K1xx.o
                0x00006ec0                clockNameMappings
 *fill*         0x00006f5e        0x2 
 .rodata.maxSysClksInHSRUN.6352
                0x00006f60       0x54 ./SDK/platform/drivers/src/clock/S32K1xx/clock_S32K1xx.o
 .rodata.maxSysClksInRUN.6351
                0x00006fb4       0x54 ./SDK/platform/drivers/src/clock/S32K1xx/clock_S32K1xx.o
 .rodata.maxSysClksInVLPR.6350
                0x00007008       0x54 ./SDK/platform/drivers/src/clock/S32K1xx/clock_S32K1xx.o
 .rodata.peripheralFeaturesList
                0x0000705c       0x4f ./SDK/platform/drivers/src/clock/S32K1xx/clock_S32K1xx.o
                0x0000705c                peripheralFeaturesList
 *fill*         0x000070ab        0x1 
 .rodata.g_ftmBase
                0x000070ac       0x10 ./SDK/platform/drivers/src/ftm/ftm_common.o
                0x000070ac                g_ftmBase
 .rodata.s_lpuartBase
                0x000070bc        0xc ./SDK/platform/drivers/src/lpuart/lpuart_driver.o
 .rodata.s_lpuartClkNames
                0x000070c8        0x3 ./SDK/platform/drivers/src/lpuart/lpuart_driver.o
 *fill*         0x000070cb        0x1 
 .rodata.s_lpuartRxTxIrqId
                0x000070cc        0x3 ./SDK/platform/drivers/src/lpuart/lpuart_driver.o
 *fill*         0x000070cf        0x1 
 .rodata.lpUartInitConfig1
                0x000070d0        0xc ./board/peripherals_lpuart_LPUART_1.o
                0x000070d0                lpUartInitConfig1
 .rodata.main.str1.4
                0x000070dc       0x4c ./src/main.o
                                 0x4a (size before relaxing)
 .rodata._svfprintf_r.str1.1
                0x00007128       0x34 D:/S32/S32DS/build_tools/gcc_b1620/gcc-6.3-arm32-eabi/arm-none-eabi/newlib/lib/thumb/v7e-m\libc.a(lib_a-svfprintf.o)
 .rodata.blanks.7272
                0x0000715c       0x10 D:/S32/S32DS/build_tools/gcc_b1620/gcc-6.3-arm32-eabi/arm-none-eabi/newlib/lib/thumb/v7e-m\libc.a(lib_a-svfprintf.o)
 .rodata.zeroes.7273
                0x0000716c       0x10 D:/S32/S32DS/build_tools/gcc_b1620/gcc-6.3-arm32-eabi/arm-none-eabi/newlib/lib/thumb/v7e-m\libc.a(lib_a-svfprintf.o)
 .rodata._dtoa_r.str1.1
                0x0000717c        0xd D:/S32/S32DS/build_tools/gcc_b1620/gcc-6.3-arm32-eabi/arm-none-eabi/newlib/lib/thumb/v7e-m\libc.a(lib_a-dtoa.o)
                                  0xf (size before relaxing)
 .rodata._setlocale_r.str1.1
                0x00007189        0x8 D:/S32/S32DS/build_tools/gcc_b1620/gcc-6.3-arm32-eabi/arm-none-eabi/newlib/lib/thumb/v7e-m\libc.a(lib_a-locale.o)
                                  0x9 (size before relaxing)
 .rodata.str1.1
                0x00007191        0x2 D:/S32/S32DS/build_tools/gcc_b1620/gcc-6.3-arm32-eabi/arm-none-eabi/newlib/lib/thumb/v7e-m\libc.a(lib_a-locale.o)
 *fill*         0x00007193        0x5 
 .rodata.__mprec_bigtens
                0x00007198       0x28 D:/S32/S32DS/build_tools/gcc_b1620/gcc-6.3-arm32-eabi/arm-none-eabi/newlib/lib/thumb/v7e-m\libc.a(lib_a-mprec.o)
                0x00007198                __mprec_bigtens
 .rodata.__mprec_tens
                0x000071c0       0xc8 D:/S32/S32DS/build_tools/gcc_b1620/gcc-6.3-arm32-eabi/arm-none-eabi/newlib/lib/thumb/v7e-m\libc.a(lib_a-mprec.o)
                0x000071c0                __mprec_tens
 .rodata.p05.6063
                0x00007288        0xc D:/S32/S32DS/build_tools/gcc_b1620/gcc-6.3-arm32-eabi/arm-none-eabi/newlib/lib/thumb/v7e-m\libc.a(lib_a-mprec.o)
 .rodata._ctype_
                0x00007294      0x101 D:/S32/S32DS/build_tools/gcc_b1620/gcc-6.3-arm32-eabi/arm-none-eabi/newlib/lib/thumb/v7e-m\libc.a(lib_a-ctype_.o)
                0x00007294                _ctype_
 *(.init)
 *fill*         0x00007395        0x3 
 .init          0x00007398        0x4 d:/s32/s32ds/build_tools/gcc_b1620/gcc-6.3-arm32-eabi/bin/../lib/gcc/arm-none-eabi/6.3.1/thumb/v7e-m/crti.o
                0x00007398                _init
 *(.fini)
 .fini          0x0000739c        0x4 d:/s32/s32ds/build_tools/gcc_b1620/gcc-6.3-arm32-eabi/bin/../lib/gcc/arm-none-eabi/6.3.1/thumb/v7e-m/crti.o
                0x0000739c                _fini
 *(.eh_frame)
                0x000073a0                . = ALIGN (0x4)

.glue_7         0x000073a0        0x0
 .glue_7        0x000073a0        0x0 linker stubs

.glue_7t        0x000073a0        0x0
 .glue_7t       0x000073a0        0x0 linker stubs

.vfp11_veneer   0x000073a0        0x0
 .vfp11_veneer  0x000073a0        0x0 linker stubs

.v4_bx          0x000073a0        0x0
 .v4_bx         0x000073a0        0x0 linker stubs

.iplt           0x000073a0        0x0
 .iplt          0x000073a0        0x0 ./Project_Settings/Startup_Code/startup_S32K144.o

.ARM            0x000073a0        0x8
                0x000073a0                __exidx_start = .
 *(.ARM.exidx*)
 .ARM.exidx     0x000073a0        0x8 d:/s32/s32ds/build_tools/gcc_b1620/gcc-6.3-arm32-eabi/bin/../lib/gcc/arm-none-eabi/6.3.1/thumb/v7e-m\libgcc.a(_udivmoddi4.o)
                0x000073a8                __exidx_end = .
                0x000073a8                __etext = .
                0x000073a8                __DATA_ROM = .

.rel.dyn        0x000073a8        0x0
 .rel.iplt      0x000073a8        0x0 ./Project_Settings/Startup_Code/startup_S32K144.o

.interrupts_ram
                0x1fff8000      0x400
                0x1fff8000                . = ALIGN (0x4)
                0x1fff8000                __VECTOR_RAM__ = .
                0x1fff8000                __RAM_START = .
                0x1fff8000                __interrupts_ram_start__ = .
 *(.m_interrupts_ram)
                0x1fff8400                . = (. + M_VECTOR_RAM_SIZE)
 *fill*         0x1fff8000      0x400 
                0x1fff8400                . = ALIGN (0x4)
                0x1fff8400                __interrupts_ram_end__ = .
                0x1fff8000                __VECTOR_RAM = DEFINED (__flash_vector_table__)?ORIGIN (m_interrupts):__VECTOR_RAM__
                0x00000400                __RAM_VECTOR_TABLE_SIZE = DEFINED (__flash_vector_table__)?0x0:(__interrupts_ram_end__ - __interrupts_ram_start__)

.data           0x1fff8400      0xc1c load address 0x000073a8
                0x1fff8400                . = ALIGN (0x4)
                0x1fff8400                __DATA_RAM = .
                0x1fff8400                __data_start__ = .
 *(.data)
 *(.data*)
 .data.peripheralClockConfig.6099
                0x1fff8400       0xa0 ./SDK/platform/drivers/src/clock/S32K1xx/clock_S32K1xx.o
 .data.g_lpuartIsr
                0x1fff84a0        0xc ./SDK/platform/drivers/src/lpuart/lpuart_irq.o
                0x1fff84a0                g_lpuartIsr
 .data.first_init.5599
                0x1fff84ac        0x1 ./SDK/rtos/osif/osif_baremetal.o
 *fill*         0x1fff84ad        0x3 
 .data.clockMan1_InitConfig0
                0x1fff84b0       0x88 ./board/clock_config.o
                0x1fff84b0                clockMan1_InitConfig0
 .data.g_clockManConfigsArr
                0x1fff8538        0x4 ./board/clock_config.o
                0x1fff8538                g_clockManConfigsArr
 .data.peripheralClockConfig0
                0x1fff853c       0xa0 ./board/clock_config.o
                0x1fff853c                peripheralClockConfig0
 .data.g_pin_mux_InitConfigArr0
                0x1fff85dc       0xa8 ./board/pin_mux.o
                0x1fff85dc                g_pin_mux_InitConfigArr0
 .data._impure_ptr
                0x1fff8684        0x4 D:/S32/S32DS/build_tools/gcc_b1620/gcc-6.3-arm32-eabi/arm-none-eabi/newlib/lib/thumb/v7e-m\libc.a(lib_a-impure.o)
                0x1fff8684                _impure_ptr
 .data.impure_data
                0x1fff8688      0x418 D:/S32/S32DS/build_tools/gcc_b1620/gcc-6.3-arm32-eabi/arm-none-eabi/newlib/lib/thumb/v7e-m\libc.a(lib_a-impure.o)
 .data.__global_locale
                0x1fff8aa0      0x16c D:/S32/S32DS/build_tools/gcc_b1620/gcc-6.3-arm32-eabi/arm-none-eabi/newlib/lib/thumb/v7e-m\libc.a(lib_a-locale.o)
                0x1fff8aa0                __global_locale
 .data.__malloc_av_
                0x1fff8c0c      0x408 D:/S32/S32DS/build_tools/gcc_b1620/gcc-6.3-arm32-eabi/arm-none-eabi/newlib/lib/thumb/v7e-m\libc.a(lib_a-mallocr.o)
                0x1fff8c0c                __malloc_av_
 .data.__malloc_sbrk_base
                0x1fff9014        0x4 D:/S32/S32DS/build_tools/gcc_b1620/gcc-6.3-arm32-eabi/arm-none-eabi/newlib/lib/thumb/v7e-m\libc.a(lib_a-mallocr.o)
                0x1fff9014                __malloc_sbrk_base
 .data.__malloc_trim_threshold
                0x1fff9018        0x4 D:/S32/S32DS/build_tools/gcc_b1620/gcc-6.3-arm32-eabi/arm-none-eabi/newlib/lib/thumb/v7e-m\libc.a(lib_a-mallocr.o)
                0x1fff9018                __malloc_trim_threshold
                0x1fff901c                . = ALIGN (0x4)
                0x1fff901c                __data_end__ = .
                0x00007fc4                __DATA_END = (__DATA_ROM + (__data_end__ - __data_start__))
                0x00007fc4                __CODE_ROM = __DATA_END

.igot.plt       0x1fff901c        0x0 load address 0x00007fc4
 .igot.plt      0x1fff901c        0x0 ./Project_Settings/Startup_Code/startup_S32K144.o

.code           0x1fff901c        0x0 load address 0x00007fc4
                0x1fff901c                . = ALIGN (0x4)
                0x1fff901c                __CODE_RAM = .
                0x1fff901c                __code_start__ = .
                0x1fff901c                __code_ram_start__ = .
 *(.code_ram)
                0x1fff901c                . = ALIGN (0x4)
                0x1fff901c                __code_end__ = .
                0x1fff901c                __code_ram_end__ = .
                0x00007fc4                __CODE_END = (__CODE_ROM + (__code_end__ - __code_start__))
                0x00007fc4                __CUSTOM_ROM = __CODE_END

.customSectionBlock
                0x20000000        0x0 load address 0x00007fc4
                0x20000000                __customSection_start__ = .
 *(.customSection)
                0x20000000                __customSection_end__ = .
                0x00007fc4                __CUSTOM_END = (__CUSTOM_ROM + (__customSection_end__ - __customSection_start__))
                0x00007fc4                __rom_end = __CUSTOM_END

.bss            0x20000000       0xc0
                0x20000000                . = ALIGN (0x4)
                0x20000000                __BSS_START = .
                0x20000000                __bss_start__ = .
 *(.bss)
 *(.bss*)
 .bss.g_RtcClkInFreq
                0x20000000        0x4 ./SDK/platform/drivers/src/clock/S32K1xx/clock_S32K1xx.o
                0x20000000                g_RtcClkInFreq
 .bss.g_TClkFreq
                0x20000004        0xc ./SDK/platform/drivers/src/clock/S32K1xx/clock_S32K1xx.o
                0x20000004                g_TClkFreq
 .bss.g_clockState
                0x20000010       0x10 ./SDK/platform/drivers/src/clock/S32K1xx/clock_S32K1xx.o
 .bss.g_xtal0ClkFreq
                0x20000020        0x4 ./SDK/platform/drivers/src/clock/S32K1xx/clock_S32K1xx.o
                0x20000020                g_xtal0ClkFreq
 .bss.s_virtEdmaState
                0x20000024        0x4 ./SDK/platform/drivers/src/edma/edma_driver.o
 .bss.ftmStatePtr
                0x20000028       0x10 ./SDK/platform/drivers/src/ftm/ftm_common.o
                0x20000028                ftmStatePtr
 .bss.g_interruptDisableCount
                0x20000038        0x4 ./SDK/platform/drivers/src/interrupt/interrupt_manager.o
 .bss.s_lpuartStatePtr
                0x2000003c        0xc ./SDK/platform/drivers/src/lpuart/lpuart_driver.o
 .bss.s_osif_tick_cnt
                0x20000048        0x4 ./SDK/rtos/osif/osif_baremetal.o
 .bss.g_clockManCallbacksArr
                0x2000004c        0x4 ./board/clock_config.o
                0x2000004c                g_clockManCallbacksArr
 .bss.lpUartState1
                0x20000050       0x34 ./board/peripherals_lpuart_LPUART_1.o
                0x20000050                lpUartState1
 .bss.__malloc_current_mallinfo
                0x20000084       0x28 D:/S32/S32DS/build_tools/gcc_b1620/gcc-6.3-arm32-eabi/arm-none-eabi/newlib/lib/thumb/v7e-m\libc.a(lib_a-mallocr.o)
                0x20000084                __malloc_current_mallinfo
 .bss.__malloc_max_sbrked_mem
                0x200000ac        0x4 D:/S32/S32DS/build_tools/gcc_b1620/gcc-6.3-arm32-eabi/arm-none-eabi/newlib/lib/thumb/v7e-m\libc.a(lib_a-mallocr.o)
                0x200000ac                __malloc_max_sbrked_mem
 .bss.__malloc_max_total_mem
                0x200000b0        0x4 D:/S32/S32DS/build_tools/gcc_b1620/gcc-6.3-arm32-eabi/arm-none-eabi/newlib/lib/thumb/v7e-m\libc.a(lib_a-mallocr.o)
                0x200000b0                __malloc_max_total_mem
 .bss.__malloc_top_pad
                0x200000b4        0x4 D:/S32/S32DS/build_tools/gcc_b1620/gcc-6.3-arm32-eabi/arm-none-eabi/newlib/lib/thumb/v7e-m\libc.a(lib_a-mallocr.o)
                0x200000b4                __malloc_top_pad
 .bss.errno     0x200000b8        0x4 D:/S32/S32DS/build_tools/gcc_b1620/gcc-6.3-arm32-eabi/arm-none-eabi/newlib/lib/thumb/v7e-m\libc.a(lib_a-reent.o)
                0x200000b8                errno
 .bss.heap_end.4090
                0x200000bc        0x4 D:/S32/S32DS/build_tools/gcc_b1620/gcc-6.3-arm32-eabi/arm-none-eabi/newlib/lib/thumb/v7e-m\libnosys.a(sbrk.o)
 *(COMMON)
                0x200000c0                . = ALIGN (0x4)
                0x200000c0                __bss_end__ = .
                0x200000c0                __BSS_END = .

.heap           0x200000c0      0x400
                0x200000c0                . = ALIGN (0x8)
                0x200000c0                __end__ = .
                0x200000c0                __heap_start__ = .
                0x200000c0                PROVIDE (end = .)
                [!provide]                PROVIDE (_end = .)
                [!provide]                PROVIDE (__end = .)
                0x200000c0                __HeapBase = .
                0x200004c0                . = (. + HEAP_SIZE)
 *fill*         0x200000c0      0x400 
                0x200004c0                __HeapLimit = .
                0x200004c0                __heap_limit = .
                0x200004c0                __heap_end__ = .
                0x20007000                __StackTop = (ORIGIN (m_data_2) + LENGTH (m_data_2))
                0x20006c00                __StackLimit = (__StackTop - STACK_SIZE)
                0x20007000                PROVIDE (__stack = __StackTop)
                0x20007000                __RAM_END = __StackTop

.stack          0x20006c00      0x400
                0x20006c00                . = ALIGN (0x8)
                0x20006c00                __stack_start__ = .
                0x20007000                . = (. + STACK_SIZE)
 *fill*         0x20006c00      0x400 
                0x20007000                __stack_end__ = .

.ARM.attributes
                0x00000000       0x2a
 *(.ARM.attributes)
 .ARM.attributes
                0x00000000       0x1e d:/s32/s32ds/build_tools/gcc_b1620/gcc-6.3-arm32-eabi/bin/../lib/gcc/arm-none-eabi/6.3.1/thumb/v7e-m/crti.o
 .ARM.attributes
                0x0000001e       0x1b ./Project_Settings/Startup_Code/startup_S32K144.o
 .ARM.attributes
                0x00000039       0x33 ./SDK/platform/devices/S32K144/startup/system_S32K144.o
 .ARM.attributes
                0x0000006c       0x33 ./SDK/platform/devices/startup.o
 .ARM.attributes
                0x0000009f       0x33 ./SDK/platform/drivers/src/clock/S32K1xx/clock_S32K1xx.o
 .ARM.attributes
                0x000000d2       0x33 ./SDK/platform/drivers/src/edma/edma_driver.o
 .ARM.attributes
                0x00000105       0x33 ./SDK/platform/drivers/src/edma/edma_hw_access.o
 .ARM.attributes
                0x00000138       0x33 ./SDK/platform/drivers/src/edma/edma_irq.o
 .ARM.attributes
                0x0000016b       0x33 ./SDK/platform/drivers/src/ftm/ftm_common.o
 .ARM.attributes
                0x0000019e       0x33 ./SDK/platform/drivers/src/ftm/ftm_ic_driver.o
 .ARM.attributes
                0x000001d1       0x33 ./SDK/platform/drivers/src/interrupt/interrupt_manager.o
 .ARM.attributes
                0x00000204       0x33 ./SDK/platform/drivers/src/lpuart/lpuart_driver.o
 .ARM.attributes
                0x00000237       0x33 ./SDK/platform/drivers/src/lpuart/lpuart_hw_access.o
 .ARM.attributes
                0x0000026a       0x33 ./SDK/platform/drivers/src/lpuart/lpuart_irq.o
 .ARM.attributes
                0x0000029d       0x33 ./SDK/platform/drivers/src/pins/pins_driver.o
 .ARM.attributes
                0x000002d0       0x33 ./SDK/platform/drivers/src/pins/pins_port_hw_access.o
 .ARM.attributes
                0x00000303       0x33 ./SDK/rtos/osif/osif_baremetal.o
 .ARM.attributes
                0x00000336       0x33 ./board/clock_config.o
 .ARM.attributes
                0x00000369       0x33 ./board/peripherals_lpuart_LPUART_1.o
 .ARM.attributes
                0x0000039c       0x33 ./board/pin_mux.o
 .ARM.attributes
                0x000003cf       0x33 ./src/driver/pir/pir.o
 .ARM.attributes
                0x00000402       0x33 ./src/driver/srf05/srf05.o
 .ARM.attributes
                0x00000435       0x33 ./src/driver/uart/uart.o
 .ARM.attributes
                0x00000468       0x33 ./src/main.o
 .ARM.attributes
                0x0000049b       0x1e d:/s32/s32ds/build_tools/gcc_b1620/gcc-6.3-arm32-eabi/bin/../lib/gcc/arm-none-eabi/6.3.1/thumb/v7e-m\libgcc.a(_arm_addsubdf3.o)
 .ARM.attributes
                0x000004b9       0x1e d:/s32/s32ds/build_tools/gcc_b1620/gcc-6.3-arm32-eabi/bin/../lib/gcc/arm-none-eabi/6.3.1/thumb/v7e-m\libgcc.a(_arm_addsubsf3.o)
 .ARM.attributes
                0x000004d7       0x1e d:/s32/s32ds/build_tools/gcc_b1620/gcc-6.3-arm32-eabi/bin/../lib/gcc/arm-none-eabi/6.3.1/thumb/v7e-m\libgcc.a(_arm_muldivsf3.o)
 .ARM.attributes
                0x000004f5       0x1e d:/s32/s32ds/build_tools/gcc_b1620/gcc-6.3-arm32-eabi/bin/../lib/gcc/arm-none-eabi/6.3.1/thumb/v7e-m\libgcc.a(_arm_cmpsf2.o)
 .ARM.attributes
                0x00000513       0x1e d:/s32/s32ds/build_tools/gcc_b1620/gcc-6.3-arm32-eabi/bin/../lib/gcc/arm-none-eabi/6.3.1/thumb/v7e-m\libgcc.a(_aeabi_uldivmod.o)
 .ARM.attributes
                0x00000531       0x2e d:/s32/s32ds/build_tools/gcc_b1620/gcc-6.3-arm32-eabi/bin/../lib/gcc/arm-none-eabi/6.3.1/thumb/v7e-m\libgcc.a(_udivmoddi4.o)
 .ARM.attributes
                0x0000055f       0x1e d:/s32/s32ds/build_tools/gcc_b1620/gcc-6.3-arm32-eabi/bin/../lib/gcc/arm-none-eabi/6.3.1/thumb/v7e-m\libgcc.a(_dvmd_tls.o)
 .ARM.attributes
                0x0000057d       0x2e D:/S32/S32DS/build_tools/gcc_b1620/gcc-6.3-arm32-eabi/arm-none-eabi/newlib/lib/thumb/v7e-m\libc.a(lib_a-impure.o)
 .ARM.attributes
                0x000005ab       0x2e D:/S32/S32DS/build_tools/gcc_b1620/gcc-6.3-arm32-eabi/arm-none-eabi/newlib/lib/thumb/v7e-m\libc.a(lib_a-memset.o)
 .ARM.attributes
                0x000005d9       0x2e D:/S32/S32DS/build_tools/gcc_b1620/gcc-6.3-arm32-eabi/arm-none-eabi/newlib/lib/thumb/v7e-m\libc.a(lib_a-sprintf.o)
 .ARM.attributes
                0x00000607       0x17 D:/S32/S32DS/build_tools/gcc_b1620/gcc-6.3-arm32-eabi/arm-none-eabi/newlib/lib/thumb/v7e-m\libc.a(lib_a-strlen.o)
 .ARM.attributes
                0x0000061e       0x2e D:/S32/S32DS/build_tools/gcc_b1620/gcc-6.3-arm32-eabi/arm-none-eabi/newlib/lib/thumb/v7e-m\libc.a(lib_a-svfprintf.o)
 .ARM.attributes
                0x0000064c       0x2e D:/S32/S32DS/build_tools/gcc_b1620/gcc-6.3-arm32-eabi/arm-none-eabi/newlib/lib/thumb/v7e-m\libc.a(lib_a-dtoa.o)
 .ARM.attributes
                0x0000067a       0x2e D:/S32/S32DS/build_tools/gcc_b1620/gcc-6.3-arm32-eabi/arm-none-eabi/newlib/lib/thumb/v7e-m\libc.a(lib_a-localeconv.o)
 .ARM.attributes
                0x000006a8       0x2e D:/S32/S32DS/build_tools/gcc_b1620/gcc-6.3-arm32-eabi/arm-none-eabi/newlib/lib/thumb/v7e-m\libc.a(lib_a-locale.o)
 .ARM.attributes
                0x000006d6       0x2e D:/S32/S32DS/build_tools/gcc_b1620/gcc-6.3-arm32-eabi/arm-none-eabi/newlib/lib/thumb/v7e-m\libc.a(lib_a-mallocr.o)
 .ARM.attributes
                0x00000704       0x2e D:/S32/S32DS/build_tools/gcc_b1620/gcc-6.3-arm32-eabi/arm-none-eabi/newlib/lib/thumb/v7e-m\libc.a(lib_a-mbtowc_r.o)
 .ARM.attributes
                0x00000732       0x1c D:/S32/S32DS/build_tools/gcc_b1620/gcc-6.3-arm32-eabi/arm-none-eabi/newlib/lib/thumb/v7e-m\libc.a(lib_a-memchr.o)
 .ARM.attributes
                0x0000074e       0x2e D:/S32/S32DS/build_tools/gcc_b1620/gcc-6.3-arm32-eabi/arm-none-eabi/newlib/lib/thumb/v7e-m\libc.a(lib_a-memcpy-stub.o)
 .ARM.attributes
                0x0000077c       0x2e D:/S32/S32DS/build_tools/gcc_b1620/gcc-6.3-arm32-eabi/arm-none-eabi/newlib/lib/thumb/v7e-m\libc.a(lib_a-mlock.o)
 .ARM.attributes
                0x000007aa       0x2e D:/S32/S32DS/build_tools/gcc_b1620/gcc-6.3-arm32-eabi/arm-none-eabi/newlib/lib/thumb/v7e-m\libc.a(lib_a-mprec.o)
 .ARM.attributes
                0x000007d8       0x2e D:/S32/S32DS/build_tools/gcc_b1620/gcc-6.3-arm32-eabi/arm-none-eabi/newlib/lib/thumb/v7e-m\libc.a(lib_a-sbrkr.o)
 .ARM.attributes
                0x00000806       0x2e D:/S32/S32DS/build_tools/gcc_b1620/gcc-6.3-arm32-eabi/arm-none-eabi/newlib/lib/thumb/v7e-m\libc.a(lib_a-svfiprintf.o)
 .ARM.attributes
                0x00000834       0x2e D:/S32/S32DS/build_tools/gcc_b1620/gcc-6.3-arm32-eabi/arm-none-eabi/newlib/lib/thumb/v7e-m\libc.a(lib_a-wctomb_r.o)
 .ARM.attributes
                0x00000862       0x2e D:/S32/S32DS/build_tools/gcc_b1620/gcc-6.3-arm32-eabi/arm-none-eabi/newlib/lib/thumb/v7e-m\libc.a(lib_a-callocr.o)
 .ARM.attributes
                0x00000890       0x2e D:/S32/S32DS/build_tools/gcc_b1620/gcc-6.3-arm32-eabi/arm-none-eabi/newlib/lib/thumb/v7e-m\libc.a(lib_a-ctype_.o)
 .ARM.attributes
                0x000008be       0x2e D:/S32/S32DS/build_tools/gcc_b1620/gcc-6.3-arm32-eabi/arm-none-eabi/newlib/lib/thumb/v7e-m\libc.a(lib_a-freer.o)
 .ARM.attributes
                0x000008ec       0x2e D:/S32/S32DS/build_tools/gcc_b1620/gcc-6.3-arm32-eabi/arm-none-eabi/newlib/lib/thumb/v7e-m\libc.a(lib_a-memmove.o)
 .ARM.attributes
                0x0000091a       0x2e D:/S32/S32DS/build_tools/gcc_b1620/gcc-6.3-arm32-eabi/arm-none-eabi/newlib/lib/thumb/v7e-m\libc.a(lib_a-reallocr.o)
 .ARM.attributes
                0x00000948       0x2e D:/S32/S32DS/build_tools/gcc_b1620/gcc-6.3-arm32-eabi/arm-none-eabi/newlib/lib/thumb/v7e-m\libc.a(lib_a-reent.o)
 .ARM.attributes
                0x00000976       0x1e d:/s32/s32ds/build_tools/gcc_b1620/gcc-6.3-arm32-eabi/bin/../lib/gcc/arm-none-eabi/6.3.1/thumb/v7e-m\libgcc.a(_arm_muldivdf3.o)
 .ARM.attributes
                0x00000994       0x1e d:/s32/s32ds/build_tools/gcc_b1620/gcc-6.3-arm32-eabi/bin/../lib/gcc/arm-none-eabi/6.3.1/thumb/v7e-m\libgcc.a(_arm_cmpdf2.o)
 .ARM.attributes
                0x000009b2       0x1e d:/s32/s32ds/build_tools/gcc_b1620/gcc-6.3-arm32-eabi/bin/../lib/gcc/arm-none-eabi/6.3.1/thumb/v7e-m\libgcc.a(_arm_unorddf2.o)
 .ARM.attributes
                0x000009d0       0x1e d:/s32/s32ds/build_tools/gcc_b1620/gcc-6.3-arm32-eabi/bin/../lib/gcc/arm-none-eabi/6.3.1/thumb/v7e-m\libgcc.a(_arm_fixdfsi.o)
 .ARM.attributes
                0x000009ee       0x2e D:/S32/S32DS/build_tools/gcc_b1620/gcc-6.3-arm32-eabi/arm-none-eabi/newlib/lib/thumb/v7e-m\libnosys.a(sbrk.o)
                0x00000001                ASSERT ((__rom_end <= (ORIGIN (m_text) + LENGTH (m_text))), Region m_text overflowed!)
                0x00000001                ASSERT ((__StackLimit >= __HeapLimit), region m_data_2 overflowed with stack and heap)
OUTPUT(s32k144_parking_assistance_system.elf elf32-littlearm)

.debug_line     0x00000000     0x93d6
 .debug_line    0x00000000       0xc2 ./Project_Settings/Startup_Code/startup_S32K144.o
 .debug_line    0x000000c2      0x3dd ./SDK/platform/devices/S32K144/startup/system_S32K144.o
 .debug_line    0x0000049f      0x36b ./SDK/platform/devices/startup.o
 .debug_line    0x0000080a     0x132a ./SDK/platform/drivers/src/clock/S32K1xx/clock_S32K1xx.o
 .debug_line    0x00001b34      0x9d8 ./SDK/platform/drivers/src/edma/edma_driver.o
 .debug_line    0x0000250c      0x57b ./SDK/platform/drivers/src/edma/edma_hw_access.o
 .debug_line    0x00002a87      0x529 ./SDK/platform/drivers/src/edma/edma_irq.o
 .debug_line    0x00002fb0      0x90b ./SDK/platform/drivers/src/ftm/ftm_common.o
 .debug_line    0x000038bb      0x90d ./SDK/platform/drivers/src/ftm/ftm_ic_driver.o
 .debug_line    0x000041c8      0x4f6 ./SDK/platform/drivers/src/interrupt/interrupt_manager.o
 .debug_line    0x000046be      0xaf7 ./SDK/platform/drivers/src/lpuart/lpuart_driver.o
 .debug_line    0x000051b5      0x631 ./SDK/platform/drivers/src/lpuart/lpuart_hw_access.o
 .debug_line    0x000057e6      0x404 ./SDK/platform/drivers/src/lpuart/lpuart_irq.o
 .debug_line    0x00005bea      0x668 ./SDK/platform/drivers/src/pins/pins_driver.o
 .debug_line    0x00006252      0x506 ./SDK/platform/drivers/src/pins/pins_port_hw_access.o
 .debug_line    0x00006758      0x597 ./SDK/rtos/osif/osif_baremetal.o
 .debug_line    0x00006cef      0x3fb ./board/clock_config.o
 .debug_line    0x000070ea      0x442 ./board/peripherals_lpuart_LPUART_1.o
 .debug_line    0x0000752c      0x39e ./board/pin_mux.o
 .debug_line    0x000078ca      0x5fb ./src/driver/pir/pir.o
 .debug_line    0x00007ec5      0x70c ./src/driver/srf05/srf05.o
 .debug_line    0x000085d1      0x6c5 ./src/driver/uart/uart.o
 .debug_line    0x00008c96      0x740 ./src/main.o

.debug_info     0x00000000    0x235c3
 .debug_info    0x00000000       0x26 ./Project_Settings/Startup_Code/startup_S32K144.o
 .debug_info    0x00000026      0x521 ./SDK/platform/devices/S32K144/startup/system_S32K144.o
 .debug_info    0x00000547      0x2ad ./SDK/platform/devices/startup.o
 .debug_info    0x000007f4     0x5c5c ./SDK/platform/drivers/src/clock/S32K1xx/clock_S32K1xx.o
 .debug_info    0x00006450     0x3770 ./SDK/platform/drivers/src/edma/edma_driver.o
 .debug_info    0x00009bc0      0x958 ./SDK/platform/drivers/src/edma/edma_hw_access.o
 .debug_info    0x0000a518      0x6da ./SDK/platform/drivers/src/edma/edma_irq.o
 .debug_info    0x0000abf2     0x2c32 ./SDK/platform/drivers/src/ftm/ftm_common.o
 .debug_info    0x0000d824     0x2013 ./SDK/platform/drivers/src/ftm/ftm_ic_driver.o
 .debug_info    0x0000f837      0x997 ./SDK/platform/drivers/src/interrupt/interrupt_manager.o
 .debug_info    0x000101ce     0x2d4f ./SDK/platform/drivers/src/lpuart/lpuart_driver.o
 .debug_info    0x00012f1d      0x96c ./SDK/platform/drivers/src/lpuart/lpuart_hw_access.o
 .debug_info    0x00013889      0x127 ./SDK/platform/drivers/src/lpuart/lpuart_irq.o
 .debug_info    0x000139b0     0x13cb ./SDK/platform/drivers/src/pins/pins_driver.o
 .debug_info    0x00014d7b      0x8a8 ./SDK/platform/drivers/src/pins/pins_port_hw_access.o
 .debug_info    0x00015623      0xac5 ./SDK/rtos/osif/osif_baremetal.o
 .debug_info    0x000160e8     0x12b7 ./board/clock_config.o
 .debug_info    0x0001739f      0x5cd ./board/peripherals_lpuart_LPUART_1.o
 .debug_info    0x0001796c      0x409 ./board/pin_mux.o
 .debug_info    0x00017d75     0x2716 ./src/driver/pir/pir.o
 .debug_info    0x0001a48b     0x3083 ./src/driver/srf05/srf05.o
 .debug_info    0x0001d50e     0x2f4e ./src/driver/uart/uart.o
 .debug_info    0x0002045c     0x3167 ./src/main.o

.debug_abbrev   0x00000000     0x3059
 .debug_abbrev  0x00000000       0x14 ./Project_Settings/Startup_Code/startup_S32K144.o
 .debug_abbrev  0x00000014      0x141 ./SDK/platform/devices/S32K144/startup/system_S32K144.o
 .debug_abbrev  0x00000155       0xe1 ./SDK/platform/devices/startup.o
 .debug_abbrev  0x00000236      0x3ed ./SDK/platform/drivers/src/clock/S32K1xx/clock_S32K1xx.o
 .debug_abbrev  0x00000623      0x423 ./SDK/platform/drivers/src/edma/edma_driver.o
 .debug_abbrev  0x00000a46      0x206 ./SDK/platform/drivers/src/edma/edma_hw_access.o
 .debug_abbrev  0x00000c4c      0x1b9 ./SDK/platform/drivers/src/edma/edma_irq.o
 .debug_abbrev  0x00000e05      0x363 ./SDK/platform/drivers/src/ftm/ftm_common.o
 .debug_abbrev  0x00001168      0x375 ./SDK/platform/drivers/src/ftm/ftm_ic_driver.o
 .debug_abbrev  0x000014dd      0x1f5 ./SDK/platform/drivers/src/interrupt/interrupt_manager.o
 .debug_abbrev  0x000016d2      0x3a5 ./SDK/platform/drivers/src/lpuart/lpuart_driver.o
 .debug_abbrev  0x00001a77      0x1d1 ./SDK/platform/drivers/src/lpuart/lpuart_hw_access.o
 .debug_abbrev  0x00001c48       0xba ./SDK/platform/drivers/src/lpuart/lpuart_irq.o
 .debug_abbrev  0x00001d02      0x2dc ./SDK/platform/drivers/src/pins/pins_driver.o
 .debug_abbrev  0x00001fde      0x1f6 ./SDK/platform/drivers/src/pins/pins_port_hw_access.o
 .debug_abbrev  0x000021d4      0x2c7 ./SDK/rtos/osif/osif_baremetal.o
 .debug_abbrev  0x0000249b      0x125 ./board/clock_config.o
 .debug_abbrev  0x000025c0       0xbf ./board/peripherals_lpuart_LPUART_1.o
 .debug_abbrev  0x0000267f       0xcd ./board/pin_mux.o
 .debug_abbrev  0x0000274c      0x18c ./src/driver/pir/pir.o
 .debug_abbrev  0x000028d8      0x298 ./src/driver/srf05/srf05.o
 .debug_abbrev  0x00002b70      0x244 ./src/driver/uart/uart.o
 .debug_abbrev  0x00002db4      0x2a5 ./src/main.o

.debug_aranges  0x00000000      0xa30
 .debug_aranges
                0x00000000       0x20 ./Project_Settings/Startup_Code/startup_S32K144.o
 .debug_aranges
                0x00000020       0x30 ./SDK/platform/devices/S32K144/startup/system_S32K144.o
 .debug_aranges
                0x00000050       0x20 ./SDK/platform/devices/startup.o
 .debug_aranges
                0x00000070      0x128 ./SDK/platform/drivers/src/clock/S32K1xx/clock_S32K1xx.o
 .debug_aranges
                0x00000198      0x138 ./SDK/platform/drivers/src/edma/edma_driver.o
 .debug_aranges
                0x000002d0       0x88 ./SDK/platform/drivers/src/edma/edma_hw_access.o
 .debug_aranges
                0x00000358       0xa0 ./SDK/platform/drivers/src/edma/edma_irq.o
 .debug_aranges
                0x000003f8       0xc8 ./SDK/platform/drivers/src/ftm/ftm_common.o
 .debug_aranges
                0x000004c0       0xc8 ./SDK/platform/drivers/src/ftm/ftm_ic_driver.o
 .debug_aranges
                0x00000588       0x70 ./SDK/platform/drivers/src/interrupt/interrupt_manager.o
 .debug_aranges
                0x000005f8      0x118 ./SDK/platform/drivers/src/lpuart/lpuart_driver.o
 .debug_aranges
                0x00000710       0x78 ./SDK/platform/drivers/src/lpuart/lpuart_hw_access.o
 .debug_aranges
                0x00000788       0x30 ./SDK/platform/drivers/src/lpuart/lpuart_irq.o
 .debug_aranges
                0x000007b8       0xe0 ./SDK/platform/drivers/src/pins/pins_driver.o
 .debug_aranges
                0x00000898       0x40 ./SDK/platform/drivers/src/pins/pins_port_hw_access.o
 .debug_aranges
                0x000008d8       0x70 ./SDK/rtos/osif/osif_baremetal.o
 .debug_aranges
                0x00000948       0x18 ./board/clock_config.o
 .debug_aranges
                0x00000960       0x18 ./board/peripherals_lpuart_LPUART_1.o
 .debug_aranges
                0x00000978       0x18 ./board/pin_mux.o
 .debug_aranges
                0x00000990       0x20 ./src/driver/pir/pir.o
 .debug_aranges
                0x000009b0       0x38 ./src/driver/srf05/srf05.o
 .debug_aranges
                0x000009e8       0x20 ./src/driver/uart/uart.o
 .debug_aranges
                0x00000a08       0x28 ./src/main.o

.debug_str      0x00000000    0x76790
 .debug_str     0x00000000       0xa7 ./Project_Settings/Startup_Code/startup_S32K144.o
 .debug_str     0x000000a7    0x68810 ./SDK/platform/devices/S32K144/startup/system_S32K144.o
                              0x6899b (size before relaxing)
 .debug_str     0x000688b7      0x38f ./SDK/platform/devices/startup.o
                              0x68b0d (size before relaxing)
 .debug_str     0x00068c46     0x40ed ./SDK/platform/drivers/src/clock/S32K1xx/clock_S32K1xx.o
                              0x6cc17 (size before relaxing)
 .debug_str     0x0006cd33     0x1ee8 ./SDK/platform/drivers/src/edma/edma_driver.o
                              0x6b46e (size before relaxing)
 .debug_str     0x0006ec1b       0x6e ./SDK/platform/drivers/src/edma/edma_hw_access.o
                              0x69062 (size before relaxing)
 .debug_str     0x0006ec89      0x18a ./SDK/platform/drivers/src/edma/edma_irq.o
                              0x68d77 (size before relaxing)
 .debug_str     0x0006ee13     0x19d1 ./SDK/platform/drivers/src/ftm/ftm_common.o
                              0x6b987 (size before relaxing)
 .debug_str     0x000707e4      0x72b ./SDK/platform/drivers/src/ftm/ftm_ic_driver.o
                              0x6ae73 (size before relaxing)
 .debug_str     0x00070f0f      0x1a8 ./SDK/platform/drivers/src/interrupt/interrupt_manager.o
                              0x69278 (size before relaxing)
 .debug_str     0x000710b7      0xef6 ./SDK/platform/drivers/src/lpuart/lpuart_driver.o
                              0x6b046 (size before relaxing)
 .debug_str     0x00071fad       0xec ./SDK/platform/drivers/src/lpuart/lpuart_hw_access.o
                              0x69a11 (size before relaxing)
 .debug_str     0x00072099       0x91 ./SDK/platform/drivers/src/lpuart/lpuart_irq.o
                              0x68786 (size before relaxing)
 .debug_str     0x0007212a      0x9cc ./SDK/platform/drivers/src/pins/pins_driver.o
                              0x69c5f (size before relaxing)
 .debug_str     0x00072af6      0x1c5 ./SDK/platform/drivers/src/pins/pins_port_hw_access.o
                              0x69147 (size before relaxing)
 .debug_str     0x00072cbb      0x1df ./SDK/rtos/osif/osif_baremetal.o
                              0x69ace (size before relaxing)
 .debug_str     0x00072e9a       0xda ./board/clock_config.o
                              0x6aa44 (size before relaxing)
 .debug_str     0x00072f74       0x70 ./board/peripherals_lpuart_LPUART_1.o
                              0x696a9 (size before relaxing)
 .debug_str     0x00072fe4       0x53 ./board/pin_mux.o
                              0x68e11 (size before relaxing)
 .debug_str     0x00073037      0x486 ./src/driver/pir/pir.o
                              0x6d287 (size before relaxing)
 .debug_str     0x000734bd     0x3237 ./src/driver/srf05/srf05.o
                              0x704d0 (size before relaxing)
 .debug_str     0x000766f4       0x40 ./src/driver/uart/uart.o
                              0x70467 (size before relaxing)
 .debug_str     0x00076734       0x5c ./src/main.o
                              0x70562 (size before relaxing)

.debug_loc      0x00000000     0xe993
 .debug_loc     0x00000000      0x10a ./SDK/platform/devices/S32K144/startup/system_S32K144.o
 .debug_loc     0x0000010a       0xec ./SDK/platform/devices/startup.o
 .debug_loc     0x000001f6     0x4df7 ./SDK/platform/drivers/src/clock/S32K1xx/clock_S32K1xx.o
 .debug_loc     0x00004fed     0x28d9 ./SDK/platform/drivers/src/edma/edma_driver.o
 .debug_loc     0x000078c6      0x6fa ./SDK/platform/drivers/src/edma/edma_hw_access.o
 .debug_loc     0x00007fc0       0x50 ./SDK/platform/drivers/src/edma/edma_irq.o
 .debug_loc     0x00008010     0x1b47 ./SDK/platform/drivers/src/ftm/ftm_common.o
 .debug_loc     0x00009b57     0x1492 ./SDK/platform/drivers/src/ftm/ftm_ic_driver.o
 .debug_loc     0x0000afe9      0x252 ./SDK/platform/drivers/src/interrupt/interrupt_manager.o
 .debug_loc     0x0000b23b     0x1f27 ./SDK/platform/drivers/src/lpuart/lpuart_driver.o
 .debug_loc     0x0000d162      0x738 ./SDK/platform/drivers/src/lpuart/lpuart_hw_access.o
 .debug_loc     0x0000d89a      0x77f ./SDK/platform/drivers/src/pins/pins_driver.o
 .debug_loc     0x0000e019      0x56a ./SDK/platform/drivers/src/pins/pins_port_hw_access.o
 .debug_loc     0x0000e583      0x275 ./SDK/rtos/osif/osif_baremetal.o
 .debug_loc     0x0000e7f8       0x29 ./src/driver/pir/pir.o
 .debug_loc     0x0000e821       0xef ./src/driver/srf05/srf05.o
 .debug_loc     0x0000e910       0x1e ./src/driver/uart/uart.o
 .debug_loc     0x0000e92e       0x65 ./src/main.o

.debug_ranges   0x00000000      0xdb0
 .debug_ranges  0x00000000       0x20 ./SDK/platform/devices/S32K144/startup/system_S32K144.o
 .debug_ranges  0x00000020       0x10 ./SDK/platform/devices/startup.o
 .debug_ranges  0x00000030      0x3f0 ./SDK/platform/drivers/src/clock/S32K1xx/clock_S32K1xx.o
 .debug_ranges  0x00000420      0x158 ./SDK/platform/drivers/src/edma/edma_driver.o
 .debug_ranges  0x00000578       0x90 ./SDK/platform/drivers/src/edma/edma_hw_access.o
 .debug_ranges  0x00000608       0x90 ./SDK/platform/drivers/src/edma/edma_irq.o
 .debug_ranges  0x00000698      0x148 ./SDK/platform/drivers/src/ftm/ftm_common.o
 .debug_ranges  0x000007e0      0x188 ./SDK/platform/drivers/src/ftm/ftm_ic_driver.o
 .debug_ranges  0x00000968       0x98 ./SDK/platform/drivers/src/interrupt/interrupt_manager.o
 .debug_ranges  0x00000a00      0x138 ./SDK/platform/drivers/src/lpuart/lpuart_driver.o
 .debug_ranges  0x00000b38       0x68 ./SDK/platform/drivers/src/lpuart/lpuart_hw_access.o
 .debug_ranges  0x00000ba0       0x20 ./SDK/platform/drivers/src/lpuart/lpuart_irq.o
 .debug_ranges  0x00000bc0       0xd0 ./SDK/platform/drivers/src/pins/pins_driver.o
 .debug_ranges  0x00000c90       0x30 ./SDK/platform/drivers/src/pins/pins_port_hw_access.o
 .debug_ranges  0x00000cc0       0x90 ./SDK/rtos/osif/osif_baremetal.o
 .debug_ranges  0x00000d50       0x10 ./src/driver/pir/pir.o
 .debug_ranges  0x00000d60       0x28 ./src/driver/srf05/srf05.o
 .debug_ranges  0x00000d88       0x10 ./src/driver/uart/uart.o
 .debug_ranges  0x00000d98       0x18 ./src/main.o

.debug_macro    0x00000000    0x21ce0
 .debug_macro   0x00000000       0xb6 ./SDK/platform/devices/S32K144/startup/system_S32K144.o
 .debug_macro   0x000000b6      0x8ce ./SDK/platform/devices/S32K144/startup/system_S32K144.o
 .debug_macro   0x00000984       0x10 ./SDK/platform/devices/S32K144/startup/system_S32K144.o
 .debug_macro   0x00000994       0x71 ./SDK/platform/devices/S32K144/startup/system_S32K144.o
 .debug_macro   0x00000a05       0x19 ./SDK/platform/devices/S32K144/startup/system_S32K144.o
 .debug_macro   0x00000a1e       0x22 ./SDK/platform/devices/S32K144/startup/system_S32K144.o
 .debug_macro   0x00000a40       0x56 ./SDK/platform/devices/S32K144/startup/system_S32K144.o
 .debug_macro   0x00000a96       0x51 ./SDK/platform/devices/S32K144/startup/system_S32K144.o
 .debug_macro   0x00000ae7       0xef ./SDK/platform/devices/S32K144/startup/system_S32K144.o
 .debug_macro   0x00000bd6       0x6a ./SDK/platform/devices/S32K144/startup/system_S32K144.o
 .debug_macro   0x00000c40      0x1df ./SDK/platform/devices/S32K144/startup/system_S32K144.o
 .debug_macro   0x00000e1f     0xed1d ./SDK/platform/devices/S32K144/startup/system_S32K144.o
 .debug_macro   0x0000fb3c      0xbbd ./SDK/platform/devices/S32K144/startup/system_S32K144.o
 .debug_macro   0x000106f9       0x22 ./SDK/platform/devices/S32K144/startup/system_S32K144.o
 .debug_macro   0x0001071b       0x28 ./SDK/platform/devices/S32K144/startup/system_S32K144.o
 .debug_macro   0x00010743       0xb6 ./SDK/platform/devices/startup.o
 .debug_macro   0x000107f9     0xed32 ./SDK/platform/devices/startup.o
 .debug_macro   0x0001f52b       0x40 ./SDK/platform/devices/startup.o
 .debug_macro   0x0001f56b      0x2b0 ./SDK/platform/drivers/src/clock/S32K1xx/clock_S32K1xx.o
 .debug_macro   0x0001f81b      0x16d ./SDK/platform/drivers/src/clock/S32K1xx/clock_S32K1xx.o
 .debug_macro   0x0001f988       0x16 ./SDK/platform/drivers/src/clock/S32K1xx/clock_S32K1xx.o
 .debug_macro   0x0001f99e       0x8a ./SDK/platform/drivers/src/clock/S32K1xx/clock_S32K1xx.o
 .debug_macro   0x0001fa28       0xf7 ./SDK/platform/drivers/src/edma/edma_driver.o
 .debug_macro   0x0001fb1f       0x10 ./SDK/platform/drivers/src/edma/edma_driver.o
 .debug_macro   0x0001fb2f       0x16 ./SDK/platform/drivers/src/edma/edma_driver.o
 .debug_macro   0x0001fb45       0xcc ./SDK/platform/drivers/src/edma/edma_hw_access.o
 .debug_macro   0x0001fc11       0xd0 ./SDK/platform/drivers/src/edma/edma_irq.o
 .debug_macro   0x0001fce1      0x10e ./SDK/platform/drivers/src/ftm/ftm_common.o
 .debug_macro   0x0001fdef       0xbe ./SDK/platform/drivers/src/ftm/ftm_common.o
 .debug_macro   0x0001fead      0x11c ./SDK/platform/drivers/src/ftm/ftm_ic_driver.o
 .debug_macro   0x0001ffc9       0xca ./SDK/platform/drivers/src/interrupt/interrupt_manager.o
 .debug_macro   0x00020093      0x131 ./SDK/platform/drivers/src/lpuart/lpuart_driver.o
 .debug_macro   0x000201c4       0x10 ./SDK/platform/drivers/src/lpuart/lpuart_driver.o
 .debug_macro   0x000201d4       0x34 ./SDK/platform/drivers/src/lpuart/lpuart_driver.o
 .debug_macro   0x00020208      0x109 ./SDK/platform/drivers/src/lpuart/lpuart_hw_access.o
 .debug_macro   0x00020311       0xc1 ./SDK/platform/drivers/src/lpuart/lpuart_irq.o
 .debug_macro   0x000203d2       0xde ./SDK/platform/drivers/src/pins/pins_driver.o
 .debug_macro   0x000204b0       0xde ./SDK/platform/drivers/src/pins/pins_port_hw_access.o
 .debug_macro   0x0002058e       0xfb ./SDK/rtos/osif/osif_baremetal.o
 .debug_macro   0x00020689       0xd9 ./board/clock_config.o
 .debug_macro   0x00020762       0x16 ./board/clock_config.o
 .debug_macro   0x00020778      0x10a ./board/peripherals_lpuart_LPUART_1.o
 .debug_macro   0x00020882       0xda ./board/pin_mux.o
 .debug_macro   0x0002095c      0x1d7 ./src/driver/pir/pir.o
 .debug_macro   0x00020b33      0x2cc ./src/driver/srf05/srf05.o
 .debug_macro   0x00020dff       0x52 ./src/driver/srf05/srf05.o
 .debug_macro   0x00020e51       0x18 ./src/driver/srf05/srf05.o
 .debug_macro   0x00020e69       0x35 ./src/driver/srf05/srf05.o
 .debug_macro   0x00020e9e       0x34 ./src/driver/srf05/srf05.o
 .debug_macro   0x00020ed2       0x16 ./src/driver/srf05/srf05.o
 .debug_macro   0x00020ee8       0x35 ./src/driver/srf05/srf05.o
 .debug_macro   0x00020f1d      0x35c ./src/driver/srf05/srf05.o
 .debug_macro   0x00021279       0x10 ./src/driver/srf05/srf05.o
 .debug_macro   0x00021289       0x52 ./src/driver/srf05/srf05.o
 .debug_macro   0x000212db       0x1f ./src/driver/srf05/srf05.o
 .debug_macro   0x000212fa       0x43 ./src/driver/srf05/srf05.o
 .debug_macro   0x0002133d       0x20 ./src/driver/srf05/srf05.o
 .debug_macro   0x0002135d      0x18e ./src/driver/srf05/srf05.o
 .debug_macro   0x000214eb       0x10 ./src/driver/srf05/srf05.o
 .debug_macro   0x000214fb       0xb6 ./src/driver/srf05/srf05.o
 .debug_macro   0x000215b1       0x16 ./src/driver/srf05/srf05.o
 .debug_macro   0x000215c7      0x129 ./src/driver/srf05/srf05.o
 .debug_macro   0x000216f0      0x2d1 ./src/driver/uart/uart.o
 .debug_macro   0x000219c1       0x16 ./src/driver/uart/uart.o
 .debug_macro   0x000219d7      0x309 ./src/main.o

.comment        0x00000000       0x7e
 .comment       0x00000000       0x7e ./SDK/platform/devices/S32K144/startup/system_S32K144.o
                                 0x7f (size before relaxing)
 .comment       0x0000007e       0x7f ./SDK/platform/devices/startup.o
 .comment       0x0000007e       0x7f ./SDK/platform/drivers/src/clock/S32K1xx/clock_S32K1xx.o
 .comment       0x0000007e       0x7f ./SDK/platform/drivers/src/edma/edma_driver.o
 .comment       0x0000007e       0x7f ./SDK/platform/drivers/src/edma/edma_hw_access.o
 .comment       0x0000007e       0x7f ./SDK/platform/drivers/src/edma/edma_irq.o
 .comment       0x0000007e       0x7f ./SDK/platform/drivers/src/ftm/ftm_common.o
 .comment       0x0000007e       0x7f ./SDK/platform/drivers/src/ftm/ftm_ic_driver.o
 .comment       0x0000007e       0x7f ./SDK/platform/drivers/src/interrupt/interrupt_manager.o
 .comment       0x0000007e       0x7f ./SDK/platform/drivers/src/lpuart/lpuart_driver.o
 .comment       0x0000007e       0x7f ./SDK/platform/drivers/src/lpuart/lpuart_hw_access.o
 .comment       0x0000007e       0x7f ./SDK/platform/drivers/src/lpuart/lpuart_irq.o
 .comment       0x0000007e       0x7f ./SDK/platform/drivers/src/pins/pins_driver.o
 .comment       0x0000007e       0x7f ./SDK/platform/drivers/src/pins/pins_port_hw_access.o
 .comment       0x0000007e       0x7f ./SDK/rtos/osif/osif_baremetal.o
 .comment       0x0000007e       0x7f ./board/clock_config.o
 .comment       0x0000007e       0x7f ./board/peripherals_lpuart_LPUART_1.o
 .comment       0x0000007e       0x7f ./board/pin_mux.o
 .comment       0x0000007e       0x7f ./src/driver/pir/pir.o
 .comment       0x0000007e       0x7f ./src/driver/srf05/srf05.o
 .comment       0x0000007e       0x7f ./src/driver/uart/uart.o
 .comment       0x0000007e       0x7f ./src/main.o

.debug_frame    0x00000000     0x23f4
 .debug_frame   0x00000000       0x40 ./SDK/platform/devices/S32K144/startup/system_S32K144.o
 .debug_frame   0x00000040       0x2c ./SDK/platform/devices/startup.o
 .debug_frame   0x0000006c      0x398 ./SDK/platform/drivers/src/clock/S32K1xx/clock_S32K1xx.o
 .debug_frame   0x00000404      0x388 ./SDK/platform/drivers/src/edma/edma_driver.o
 .debug_frame   0x0000078c      0x144 ./SDK/platform/drivers/src/edma/edma_hw_access.o
 .debug_frame   0x000008d0      0x1ac ./SDK/platform/drivers/src/edma/edma_irq.o
 .debug_frame   0x00000a7c      0x1f8 ./SDK/platform/drivers/src/ftm/ftm_common.o
 .debug_frame   0x00000c74      0x25c ./SDK/platform/drivers/src/ftm/ftm_ic_driver.o
 .debug_frame   0x00000ed0       0xd8 ./SDK/platform/drivers/src/interrupt/interrupt_manager.o
 .debug_frame   0x00000fa8      0x398 ./SDK/platform/drivers/src/lpuart/lpuart_driver.o
 .debug_frame   0x00001340       0xf4 ./SDK/platform/drivers/src/lpuart/lpuart_hw_access.o
 .debug_frame   0x00001434       0x58 ./SDK/platform/drivers/src/lpuart/lpuart_irq.o
 .debug_frame   0x0000148c      0x1e4 ./SDK/platform/drivers/src/pins/pins_driver.o
 .debug_frame   0x00001670       0x98 ./SDK/platform/drivers/src/pins/pins_port_hw_access.o
 .debug_frame   0x00001708       0xf8 ./SDK/rtos/osif/osif_baremetal.o
 .debug_frame   0x00001800       0x28 ./src/driver/pir/pir.o
 .debug_frame   0x00001828       0x84 ./src/driver/srf05/srf05.o
 .debug_frame   0x000018ac       0x28 ./src/driver/uart/uart.o
 .debug_frame   0x000018d4       0x48 ./src/main.o
 .debug_frame   0x0000191c       0xac d:/s32/s32ds/build_tools/gcc_b1620/gcc-6.3-arm32-eabi/bin/../lib/gcc/arm-none-eabi/6.3.1/thumb/v7e-m\libgcc.a(_arm_addsubdf3.o)
 .debug_frame   0x000019c8       0x4c d:/s32/s32ds/build_tools/gcc_b1620/gcc-6.3-arm32-eabi/bin/../lib/gcc/arm-none-eabi/6.3.1/thumb/v7e-m\libgcc.a(_arm_addsubsf3.o)
 .debug_frame   0x00001a14       0x38 d:/s32/s32ds/build_tools/gcc_b1620/gcc-6.3-arm32-eabi/bin/../lib/gcc/arm-none-eabi/6.3.1/thumb/v7e-m\libgcc.a(_arm_muldivsf3.o)
 .debug_frame   0x00001a4c       0xc8 d:/s32/s32ds/build_tools/gcc_b1620/gcc-6.3-arm32-eabi/bin/../lib/gcc/arm-none-eabi/6.3.1/thumb/v7e-m\libgcc.a(_arm_cmpsf2.o)
 .debug_frame   0x00001b14       0x2c d:/s32/s32ds/build_tools/gcc_b1620/gcc-6.3-arm32-eabi/bin/../lib/gcc/arm-none-eabi/6.3.1/thumb/v7e-m\libgcc.a(_aeabi_uldivmod.o)
 .debug_frame   0x00001b40       0x34 d:/s32/s32ds/build_tools/gcc_b1620/gcc-6.3-arm32-eabi/bin/../lib/gcc/arm-none-eabi/6.3.1/thumb/v7e-m\libgcc.a(_udivmoddi4.o)
 .debug_frame   0x00001b74       0x20 D:/S32/S32DS/build_tools/gcc_b1620/gcc-6.3-arm32-eabi/arm-none-eabi/newlib/lib/thumb/v7e-m\libc.a(lib_a-memset.o)
 .debug_frame   0x00001b94       0x70 D:/S32/S32DS/build_tools/gcc_b1620/gcc-6.3-arm32-eabi/arm-none-eabi/newlib/lib/thumb/v7e-m\libc.a(lib_a-sprintf.o)
 .debug_frame   0x00001c04       0x40 D:/S32/S32DS/build_tools/gcc_b1620/gcc-6.3-arm32-eabi/arm-none-eabi/newlib/lib/thumb/v7e-m\libc.a(lib_a-svfprintf.o)
 .debug_frame   0x00001c44       0x6c D:/S32/S32DS/build_tools/gcc_b1620/gcc-6.3-arm32-eabi/arm-none-eabi/newlib/lib/thumb/v7e-m\libc.a(lib_a-dtoa.o)
 .debug_frame   0x00001cb0       0x40 D:/S32/S32DS/build_tools/gcc_b1620/gcc-6.3-arm32-eabi/arm-none-eabi/newlib/lib/thumb/v7e-m\libc.a(lib_a-localeconv.o)
 .debug_frame   0x00001cf0       0x48 D:/S32/S32DS/build_tools/gcc_b1620/gcc-6.3-arm32-eabi/arm-none-eabi/newlib/lib/thumb/v7e-m\libc.a(lib_a-locale.o)
 .debug_frame   0x00001d38       0x40 D:/S32/S32DS/build_tools/gcc_b1620/gcc-6.3-arm32-eabi/arm-none-eabi/newlib/lib/thumb/v7e-m\libc.a(lib_a-mallocr.o)
 .debug_frame   0x00001d78       0x48 D:/S32/S32DS/build_tools/gcc_b1620/gcc-6.3-arm32-eabi/arm-none-eabi/newlib/lib/thumb/v7e-m\libc.a(lib_a-mbtowc_r.o)
 .debug_frame   0x00001dc0       0x28 D:/S32/S32DS/build_tools/gcc_b1620/gcc-6.3-arm32-eabi/arm-none-eabi/newlib/lib/thumb/v7e-m\libc.a(lib_a-memcpy-stub.o)
 .debug_frame   0x00001de8       0x30 D:/S32/S32DS/build_tools/gcc_b1620/gcc-6.3-arm32-eabi/arm-none-eabi/newlib/lib/thumb/v7e-m\libc.a(lib_a-mlock.o)
 .debug_frame   0x00001e18      0x238 D:/S32/S32DS/build_tools/gcc_b1620/gcc-6.3-arm32-eabi/arm-none-eabi/newlib/lib/thumb/v7e-m\libc.a(lib_a-mprec.o)
 .debug_frame   0x00002050       0x2c D:/S32/S32DS/build_tools/gcc_b1620/gcc-6.3-arm32-eabi/arm-none-eabi/newlib/lib/thumb/v7e-m\libc.a(lib_a-sbrkr.o)
 .debug_frame   0x0000207c       0x6c D:/S32/S32DS/build_tools/gcc_b1620/gcc-6.3-arm32-eabi/arm-none-eabi/newlib/lib/thumb/v7e-m\libc.a(lib_a-svfiprintf.o)
 .debug_frame   0x000020e8       0x3c D:/S32/S32DS/build_tools/gcc_b1620/gcc-6.3-arm32-eabi/arm-none-eabi/newlib/lib/thumb/v7e-m\libc.a(lib_a-wctomb_r.o)
 .debug_frame   0x00002124       0x28 D:/S32/S32DS/build_tools/gcc_b1620/gcc-6.3-arm32-eabi/arm-none-eabi/newlib/lib/thumb/v7e-m\libc.a(lib_a-callocr.o)
 .debug_frame   0x0000214c       0x5c D:/S32/S32DS/build_tools/gcc_b1620/gcc-6.3-arm32-eabi/arm-none-eabi/newlib/lib/thumb/v7e-m\libc.a(lib_a-freer.o)
 .debug_frame   0x000021a8       0x28 D:/S32/S32DS/build_tools/gcc_b1620/gcc-6.3-arm32-eabi/arm-none-eabi/newlib/lib/thumb/v7e-m\libc.a(lib_a-memmove.o)
 .debug_frame   0x000021d0       0x50 D:/S32/S32DS/build_tools/gcc_b1620/gcc-6.3-arm32-eabi/arm-none-eabi/newlib/lib/thumb/v7e-m\libc.a(lib_a-reallocr.o)
 .debug_frame   0x00002220       0x5c D:/S32/S32DS/build_tools/gcc_b1620/gcc-6.3-arm32-eabi/arm-none-eabi/newlib/lib/thumb/v7e-m\libc.a(lib_a-reent.o)
 .debug_frame   0x0000227c       0x50 d:/s32/s32ds/build_tools/gcc_b1620/gcc-6.3-arm32-eabi/bin/../lib/gcc/arm-none-eabi/6.3.1/thumb/v7e-m\libgcc.a(_arm_muldivdf3.o)
 .debug_frame   0x000022cc       0xc4 d:/s32/s32ds/build_tools/gcc_b1620/gcc-6.3-arm32-eabi/bin/../lib/gcc/arm-none-eabi/6.3.1/thumb/v7e-m\libgcc.a(_arm_cmpdf2.o)
 .debug_frame   0x00002390       0x20 d:/s32/s32ds/build_tools/gcc_b1620/gcc-6.3-arm32-eabi/bin/../lib/gcc/arm-none-eabi/6.3.1/thumb/v7e-m\libgcc.a(_arm_unorddf2.o)
 .debug_frame   0x000023b0       0x24 d:/s32/s32ds/build_tools/gcc_b1620/gcc-6.3-arm32-eabi/bin/../lib/gcc/arm-none-eabi/6.3.1/thumb/v7e-m\libgcc.a(_arm_fixdfsi.o)
 .debug_frame   0x000023d4       0x20 D:/S32/S32DS/build_tools/gcc_b1620/gcc-6.3-arm32-eabi/arm-none-eabi/newlib/lib/thumb/v7e-m\libnosys.a(sbrk.o)